Archive member included to satisfy reference by file (symbol)

arch/arm/lib/lib.a(ashldi3.o)
                              drivers/built-in.o (__aeabi_llsl)
arch/arm/lib/lib.a(ashrdi3.o)
                              drivers/mtd/nand/built-in.o (__aeabi_lasr)
arch/arm/lib/lib.a(lib1funcs.o)
                              arch/arm/mach-omap2/built-in.o (__aeabi_uidiv)
arch/arm/lib/lib.a(lshrdi3.o)
                              drivers/mtd/nand/built-in.o (__aeabi_llsr)
arch/arm/lib/lib.a(div0.o)    arch/arm/lib/lib.a(lib1funcs.o) (__div0)

Discarded input sections

 .data          0x0000000000000000        0x0 arch/arm/cpu/armv7/start.o
 .bss           0x0000000000000000        0x0 arch/arm/cpu/armv7/start.o
 .text          0x0000000000000000        0x0 board/ti/am335x/built-in.o
 .text.do_board_detect
                0x0000000000000000       0x2c board/ti/am335x/built-in.o
 .text.board_fit_config_name_match
                0x0000000000000000       0xe8 board/ti/am335x/built-in.o
 .rodata.board_fit_config_name_match.str1.1
                0x0000000000000000       0x6e board/ti/am335x/built-in.o
 .rodata.do_board_detect.str1.1
                0x0000000000000000       0x1b board/ti/am335x/built-in.o
 .data          0x0000000000000000        0x0 board/ti/am335x/built-in.o
 .bss           0x0000000000000000        0x0 board/ti/am335x/built-in.o
 .text.mmu_page_table_flush
                0x0000000000000000       0x1e arch/arm/cpu/armv7/built-in.o
 .text.v7_arch_cp15_set_l2aux_ctrl
                0x0000000000000000        0x6 arch/arm/cpu/armv7/built-in.o
 .text.v7_arch_cp15_set_acr
                0x0000000000000000        0x6 arch/arm/cpu/armv7/built-in.o
 .text.wait_on_value
                0x0000000000000000       0x1e arch/arm/cpu/armv7/built-in.o
 .data          0x0000000000000000        0x0 arch/arm/cpu/armv7/built-in.o
 .bss           0x0000000000000000        0x0 arch/arm/cpu/armv7/built-in.o
 .text.armv7_boot_nonsec_default
                0x0000000000000000        0x4 arch/arm/lib/built-in.o
 .text.enable_caches
                0x0000000000000000        0xc arch/arm/lib/built-in.o
 .text.invalidate_dcache_range
                0x0000000000000000        0x2 arch/arm/lib/built-in.o
 .text.flush_dcache_range
                0x0000000000000000        0x2 arch/arm/lib/built-in.o
 .text.flush_dcache_all
                0x0000000000000000        0xa arch/arm/lib/built-in.o
 .text.invalidate_l2_cache
                0x0000000000000000        0xc arch/arm/lib/built-in.o
 .text.arm_init_before_mmu
                0x0000000000000000        0x2 arch/arm/lib/built-in.o
 .text.arm_init_domains
                0x0000000000000000        0x2 arch/arm/lib/built-in.o
 .text.mmu_page_table_flush
                0x0000000000000000        0x2 arch/arm/lib/built-in.o
 .text.mmu_set_region_dcache_behaviour
                0x0000000000000000       0x40 arch/arm/lib/built-in.o
 .text.dram_bank_mmu_setup
                0x0000000000000000       0x2a arch/arm/lib/built-in.o
 .text.icache_status
                0x0000000000000000        0xa arch/arm/lib/built-in.o
 .text.fdt_psci
                0x0000000000000000        0x4 arch/arm/lib/built-in.o
 .rodata.enable_caches.str1.1
                0x0000000000000000       0x1d arch/arm/lib/built-in.o
 .data          0x0000000000000000        0x0 arch/arm/lib/built-in.o
 .__secure_end  0x0000000000000000        0x0 arch/arm/lib/built-in.o
 .__secure_stack_end
                0x0000000000000000        0x0 arch/arm/lib/built-in.o
 .__secure_stack_start
                0x0000000000000000        0x0 arch/arm/lib/built-in.o
 .__secure_start
                0x0000000000000000        0x0 arch/arm/lib/built-in.o
 .bss           0x0000000000000000        0x0 arch/arm/lib/built-in.o
 .text.get_dpll_mpu_params
                0x0000000000000000        0x8 arch/arm/mach-omap2/built-in.o
 .text.get_dpll_core_params
                0x0000000000000000       0x14 arch/arm/mach-omap2/built-in.o
 .text.get_dpll_per_params
                0x0000000000000000       0x14 arch/arm/mach-omap2/built-in.o
 .text.setup_clocks_for_console
                0x0000000000000000       0x78 arch/arm/mach-omap2/built-in.o
 .text.enable_basic_clocks
                0x0000000000000000       0x44 arch/arm/mach-omap2/built-in.o
 .text.set_mpu_spreadspectrum
                0x0000000000000000       0xc4 arch/arm/mach-omap2/built-in.o
 .text.do_setup_dpll
                0x0000000000000000       0xe0 arch/arm/mach-omap2/built-in.o
 .text.do_enable_clocks
                0x0000000000000000       0x64 arch/arm/mach-omap2/built-in.o
 .text.do_disable_clocks
                0x0000000000000000       0x70 arch/arm/mach-omap2/built-in.o
 .text.scale_vcores
                0x0000000000000000        0x2 arch/arm/mach-omap2/built-in.o
 .text.setup_early_clocks
                0x0000000000000000       0x12 arch/arm/mach-omap2/built-in.o
 .text.prcm_init
                0x0000000000000000       0x5c arch/arm/mach-omap2/built-in.o
[...]
Memory Configuration

Name             Origin             Length             Attributes
*default*        0x0000000000000000 0xffffffffffffffff

Linker script and memory map

Address of section .text set to 0x80800000
                0x0000000000000000                . = 0x0
                0x0000000000000000                . = ALIGN (0x4)

.text           0x0000000080800000    0x45d44
 *(.__image_copy_start)
 .__image_copy_start
                0x0000000080800000        0x0 arch/arm/lib/built-in.o
                0x0000000080800000                __image_copy_start
 *(.vectors)
 .vectors       0x0000000080800000      0x2e8 arch/arm/lib/built-in.o
                0x0000000080800000                _start
                0x0000000080800020                _undefined_instruction
                0x0000000080800024                _software_interrupt
                0x0000000080800028                _prefetch_abort
                0x000000008080002c                _data_abort
                0x0000000080800030                _not_used
                0x0000000080800034                _irq
                0x0000000080800038                _fiq
                0x0000000080800040                IRQ_STACK_START_IN
 arch/arm/cpu/armv7/start.o(.text*)
 .text          0x00000000808002e8       0xa4 arch/arm/cpu/armv7/start.o
                0x00000000808002e8                reset
                0x00000000808002ec                save_boot_params_ret
                0x0000000080800320                c_runtime_cpu_setup
                0x0000000080800334                cpu_init_cp15
 board/ti/am335x/built-in.o(.text*)
 .text.request_and_set_gpio
                0x000000008080038c       0x58 board/ti/am335x/built-in.o
 .text.board_init
                0x00000000808003e4      0x188 board/ti/am335x/built-in.o
                0x00000000808003e4                board_init
 .text.board_late_init
                0x000000008080056c      0x194 board/ti/am335x/built-in.o
                0x000000008080056c                board_late_init
 *(.text*)
 .text          0x0000000080800700      0x158 arch/arm/cpu/armv7/built-in.o
                0x0000000080800700                __v7_flush_dcache_all
                0x000000008080079c                v7_flush_dcache_all
                0x00000000808007ac                __v7_invalidate_dcache_all
                0x0000000080800848                v7_invalidate_dcache_all
 .text.invalidate_icache_all
                0x0000000080800858       0x14 arch/arm/cpu/armv7/built-in.o
                0x0000000080800858                invalidate_icache_all
 .text.v7_outer_cache_enable
                0x000000008080086c        0x2 arch/arm/cpu/armv7/built-in.o
                0x000000008080086c                v7_outer_cache_enable
 .text.v7_outer_cache_disable
                0x000000008080086e        0x2 arch/arm/cpu/armv7/built-in.o
                0x000000008080086e                v7_outer_cache_disable
 .text.v7_outer_cache_flush_all
                0x0000000080800870        0x2 arch/arm/cpu/armv7/built-in.o
                0x0000000080800870                v7_outer_cache_flush_all
 .text.flush_dcache_all
                0x0000000080800872        0xe arch/arm/cpu/armv7/built-in.o
                0x0000000080800872                flush_dcache_all
 .text.v7_outer_cache_inval_all
                0x0000000080800880        0x2 arch/arm/cpu/armv7/built-in.o
                0x0000000080800880                v7_outer_cache_inval_all
 .text.invalidate_dcache_all
                0x0000000080800882        0xe arch/arm/cpu/armv7/built-in.o
                0x0000000080800882                invalidate_dcache_all
 .text.arm_init_before_mmu
                0x0000000080800890       0x22 arch/arm/cpu/armv7/built-in.o
                0x0000000080800890                arm_init_before_mmu
 .text.v7_outer_cache_flush_range
                0x00000000808008b2        0x2 arch/arm/cpu/armv7/built-in.o
                0x00000000808008b2                v7_outer_cache_flush_range
 .text.flush_dcache_range
                0x00000000808008b4       0x38 arch/arm/cpu/armv7/built-in.o
                0x00000000808008b4                flush_dcache_range
 .text.v7_outer_cache_inval_range
                0x00000000808008ec        0x2 arch/arm/cpu/armv7/built-in.o
                0x00000000808008ec                v7_outer_cache_inval_range
 .text.invalidate_dcache_range
                0x00000000808008ee       0x42 arch/arm/cpu/armv7/built-in.o
                0x00000000808008ee                invalidate_dcache_range
 .text.cpu_cache_initialization
                0x0000000080800930        0x2 arch/arm/cpu/armv7/built-in.o
                0x0000000080800930                cpu_cache_initialization
 .text.cleanup_before_linux_select
                0x0000000080800932       0x3e arch/arm/cpu/armv7/built-in.o
                0x0000000080800932                cleanup_before_linux_select
 .text.cleanup_before_linux
                0x0000000080800970        0x6 arch/arm/cpu/armv7/built-in.o
                0x0000000080800970                cleanup_before_linux
 .text.sdelay   0x0000000080800976        0x6 arch/arm/cpu/armv7/built-in.o
                0x0000000080800976                sdelay
 *fill*         0x000000008080097c        0x4 
 .text          0x0000000080800980      0x420 arch/arm/lib/built-in.o
                0x0000000080800980                _main
                0x0000000080800a20                memset
                0x0000000080800ac0                memcpy
 .text.setjmp   0x0000000080800da0       0x10 arch/arm/lib/built-in.o
                0x0000000080800da0                setjmp
 .text.longjmp  0x0000000080800db0       0x1c arch/arm/lib/built-in.o
                0x0000000080800db0                longjmp
 .text.relocate_vectors
                0x0000000080800dcc       0x70 arch/arm/lib/built-in.o
                0x0000000080800dcc                relocate_vectors
                0x0000000080800dd8                relocate_code
 .text.arch_fixup_fdt
                0x0000000080800e3c       0x24 arch/arm/lib/built-in.o
                0x0000000080800e3c                arch_fixup_fdt
 .text.arch_lmb_reserve
                0x0000000080800e60       0x1a arch/arm/lib/built-in.o
                0x0000000080800e60                arch_lmb_reserve
 .text.board_quiesce_devices
                0x0000000080800e7a        0x2 arch/arm/lib/built-in.o
                0x0000000080800e7a                board_quiesce_devices
 .text.boot_jump_linux
                0x0000000080800e7c       0x90 arch/arm/lib/built-in.o
 .text.setup_board_tags
                0x0000000080800f0c        0x2 arch/arm/lib/built-in.o
                0x0000000080800f0c                setup_board_tags
 *fill*         0x0000000080800f0e        0x2 
 .text.boot_prep_linux
                0x0000000080800f10      0x100 arch/arm/lib/built-in.o
 .text.do_bootm_linux
                0x0000000080801010       0x3c arch/arm/lib/built-in.o
                0x0000000080801010                do_bootm_linux
 .text.boot_prep_vxworks
                0x000000008080104c       0x34 arch/arm/lib/built-in.o
                0x000000008080104c                boot_prep_vxworks
 .text.boot_jump_vxworks
                0x0000000080801080        0xa arch/arm/lib/built-in.o
                0x0000000080801080                boot_jump_vxworks
 *fill*         0x000000008080108a        0x2 
 .text.bootz_setup
                0x000000008080108c       0x6c arch/arm/lib/built-in.o
                0x000000008080108c                bootz_setup
 .text.arch_reserve_stacks
                0x00000000808010f8       0x16 arch/arm/lib/built-in.o
                0x00000000808010f8                arch_reserve_stacks
 *fill*         0x000000008080110e        0x2 
 .text.interrupt_init
                0x0000000080801110       0x14 arch/arm/lib/built-in.o
                0x0000000080801110                interrupt_init
 .text.enable_interrupts
                0x0000000080801124        0x2 arch/arm/lib/built-in.o
                0x0000000080801124                enable_interrupts
 .text.disable_interrupts
                0x0000000080801126        0x4 arch/arm/lib/built-in.o
                0x0000000080801126                disable_interrupts
 *fill*         0x000000008080112a        0x2 
 .text.bad_mode
                0x000000008080112c        0xc arch/arm/lib/built-in.o
                0x000000008080112c                bad_mode
 .text.show_regs
                0x0000000080801138      0x108 arch/arm/lib/built-in.o
                0x0000000080801138                show_regs
 .text.do_undefined_instruction
                0x0000000080801240       0x24 arch/arm/lib/built-in.o
                0x0000000080801240                do_undefined_instruction
 .text.do_software_interrupt
                0x0000000080801264       0x24 arch/arm/lib/built-in.o
                0x0000000080801264                do_software_interrupt
 .text.do_prefetch_abort
                0x0000000080801288       0x24 arch/arm/lib/built-in.o
                0x0000000080801288                do_prefetch_abort
 .text.do_data_abort
                0x00000000808012ac       0x24 arch/arm/lib/built-in.o
                0x00000000808012ac                do_data_abort
 .text.do_not_used
                0x00000000808012d0       0x24 arch/arm/lib/built-in.o
                0x00000000808012d0                do_not_used
 .text.do_fiq   0x00000000808012f4       0x24 arch/arm/lib/built-in.o
                0x00000000808012f4                do_fiq
 .text.do_irq   0x0000000080801318       0x24 arch/arm/lib/built-in.o
                0x0000000080801318                do_irq
 .text.reset_misc
                0x000000008080133c        0x2 arch/arm/lib/built-in.o
                0x000000008080133c                reset_misc
 *fill*         0x000000008080133e        0x2 
 .text.do_reset
                0x0000000080801340       0x28 arch/arm/lib/built-in.o
                0x0000000080801340                do_reset
 .text.flush_cache
                0x0000000080801368        0x6 arch/arm/lib/built-in.o
                0x0000000080801368                flush_cache
 *fill*         0x000000008080136e        0x2 
 .text.check_cache_range
                0x0000000080801370       0x20 arch/arm/lib/built-in.o
                0x0000000080801370                check_cache_range
 .text.set_section_dcache
                0x0000000080801390       0x12 arch/arm/lib/built-in.o
                0x0000000080801390                set_section_dcache
 .text.icache_enable
                0x00000000808013a2       0x12 arch/arm/lib/built-in.o
                0x00000000808013a2                icache_enable
 .text.icache_disable
                0x00000000808013b4       0x16 arch/arm/lib/built-in.o
                0x00000000808013b4                icache_disable
 .text.dcache_enable
                0x00000000808013ca       0x6e arch/arm/lib/built-in.o
                0x00000000808013ca                dcache_enable
 .text.dcache_disable
                0x0000000080801438       0x20 arch/arm/lib/built-in.o
                0x0000000080801438                dcache_disable
 .text.dcache_status
                0x0000000080801458        0xa arch/arm/lib/built-in.o
                0x0000000080801458                dcache_status
 *fill*         0x0000000080801462        0x2 
 .text          0x0000000080801464       0x60 arch/arm/mach-omap2/built-in.o
                0x0000000080801464                save_boot_params
                0x0000000080801470                omap_smc1
                0x000000008080148c                omap_smc_sec
 .text.get_cpu_rev
                0x00000000808014c4       0x10 arch/arm/mach-omap2/built-in.o
                0x00000000808014c4                get_cpu_rev
 .text.get_cpu_type
                0x00000000808014d4       0x14 arch/arm/mach-omap2/built-in.o
                0x00000000808014d4                get_cpu_type
 .text.print_cpuinfo
                0x00000000808014e8       0x90 arch/arm/mach-omap2/built-in.o
                0x00000000808014e8                print_cpuinfo
 .text.dram_init
                0x0000000080801578       0x16 arch/arm/mach-omap2/built-in.o
                0x0000000080801578                dram_init
 .text.dram_init_banksize
                0x000000008080158e       0x18 arch/arm/mach-omap2/built-in.o
                0x000000008080158e                dram_init_banksize
 *fill*         0x00000000808015a6        0x2 
 .text.arch_misc_init
                0x00000000808015a8       0x2c arch/arm/mach-omap2/built-in.o
                0x00000000808015a8                arch_misc_init
 .text.arch_cpu_init_dm
                0x00000000808015d4        0xa arch/arm/mach-omap2/built-in.o
                0x00000000808015d4                arch_cpu_init_dm
 *fill*         0x00000000808015de        0x2 
 .text.hw_data_init
                0x00000000808015e0       0x14 arch/arm/mach-omap2/built-in.o
                0x00000000808015e0                hw_data_init
 .text.clk_synthesizer_reg_write
                0x00000000808015f4       0x38 arch/arm/mach-omap2/built-in.o
 .text.setup_clock_synthesizer
                0x000000008080162c       0x94 arch/arm/mach-omap2/built-in.o
                0x000000008080162c                setup_clock_synthesizer
 .text.reset_cpu
                0x00000000808016c0       0x10 arch/arm/mach-omap2/built-in.o
                0x00000000808016c0                reset_cpu
 .text.get_device_type
                0x00000000808016d0       0x18 arch/arm/mach-omap2/built-in.o
                0x00000000808016d0                get_device_type
 .text.enable_caches
                0x00000000808016e8        0x4 arch/arm/mach-omap2/built-in.o
                0x00000000808016e8                enable_caches
 .text.dram_bank_mmu_setup
                0x00000000808016ec       0x26 arch/arm/mach-omap2/built-in.o
                0x00000000808016ec                dram_bank_mmu_setup
 .text.arm_init_domains
                0x0000000080801712       0x16 arch/arm/mach-omap2/built-in.o
                0x0000000080801712                arm_init_domains
 .text.fb_set_reboot_flag
                0x0000000080801728       0x24 arch/arm/mach-omap2/built-in.o
                0x0000000080801728                fb_set_reboot_flag
 .text.enable_gpmc_cs_config
                0x000000008080174c       0x6c arch/arm/mach-omap2/built-in.o
                0x000000008080174c                enable_gpmc_cs_config
 .text.set_gpmc_cs0
                0x00000000808017b8       0x4c arch/arm/mach-omap2/built-in.o
                0x00000000808017b8                set_gpmc_cs0
 .text.gpmc_init
                0x0000000080801804       0x50 arch/arm/mach-omap2/built-in.o
                0x0000000080801804                gpmc_init
 .text.board_ti_is
                0x0000000080801854       0x30 board/ti/common/built-in.o
                0x0000000080801854                board_ti_is
 .text.board_ti_get_rev
                0x0000000080801884        0x8 board/ti/common/built-in.o
                0x0000000080801884                board_ti_get_rev
 .text.set_board_info_env
                0x000000008080188c       0x3c board/ti/common/built-in.o
                0x000000008080188c                set_board_info_env
 .text.do_go_exec
                0x00000000808018c8        0x8 cmd/built-in.o
                0x00000000808018c8                do_go_exec
 .text.do_go    0x00000000808018d0       0x4c cmd/built-in.o
 .text.do_bootm
                0x000000008080191c       0xa0 cmd/built-in.o
                0x000000008080191c                do_bootm
 .text.do_bootd
                0x00000000808019bc       0x18 cmd/built-in.o
                0x00000000808019bc                do_bootd
 .text.image_info
                0x00000000808019d4       0xd8 cmd/built-in.o
 .text.do_iminfo
                0x0000000080801aac       0x40 cmd/built-in.o
 .text.bootm_maybe_autostart
                0x0000000080801aec       0x4c cmd/built-in.o
                0x0000000080801aec                bootm_maybe_autostart
 .text.do_help  0x0000000080801b38       0x2c cmd/built-in.o
 .text.do_version
                0x0000000080801b64       0x30 cmd/built-in.o
 .text.blk_common_cmd
                0x0000000080801b94      0x1f0 cmd/built-in.o
                0x0000000080801b94                blk_common_cmd
 .text.source   0x0000000080801d84      0x118 cmd/built-in.o
                0x0000000080801d84                source
 .text.do_source
                0x0000000080801e9c       0x50 cmd/built-in.o
 .text.print_num
                0x0000000080801eec       0x10 cmd/built-in.o
 .text.do_bdinfo
                0x0000000080801efc       0xc4 cmd/built-in.o
 .text.efi_init_obj_list
                0x0000000080801fc0       0x28 cmd/built-in.o
 .text.do_bootefi_exec
                0x0000000080801fe8      0x27c cmd/built-in.o
 .text.do_bootefi
                0x0000000080802264       0xc8 cmd/built-in.o
 .text.efi_set_bootdev
                0x000000008080232c       0xb0 cmd/built-in.o
                0x000000008080232c                efi_set_bootdev
 .text.do_bootz
                0x00000000808023dc       0xa0 cmd/built-in.o
                0x00000000808023dc                do_bootz
 .text.do_coninfo
                0x000000008080247c       0x84 cmd/built-in.o
 .text.do_echo  0x0000000080802500       0x74 cmd/built-in.o
 .text.parse_numeric_param
                0x0000000080802574       0x1c cmd/built-in.o
 .text.parse_i2c_bus_addr
                0x0000000080802590       0x54 cmd/built-in.o
 .text.eeprom_write_enable
                0x00000000808025e4        0x4 cmd/built-in.o
                0x00000000808025e4                eeprom_write_enable
 .text.eeprom_read
                0x00000000808025e8       0x4c cmd/built-in.o
                0x00000000808025e8                eeprom_read
 .text.eeprom_write
                0x0000000080802634       0x6c cmd/built-in.o
                0x0000000080802634                eeprom_write
 .text.do_eeprom
                0x00000000808026a0      0x104 cmd/built-in.o
                0x00000000808026a0                do_eeprom
 .text.load_elf_image_shdr
                0x00000000808027a4       0x4a cmd/built-in.o
 *fill*         0x00000000808027ee        0x2 
 .text.valid_elf_image
                0x00000000808027f0       0x30 cmd/built-in.o
                0x00000000808027f0                valid_elf_image
 .text.do_bootelf
                0x0000000080802820      0x114 cmd/built-in.o
                0x0000000080802820                do_bootelf
 .text.do_bootvx
                0x0000000080802934      0x248 cmd/built-in.o
                0x0000000080802934                do_bootvx
 .text.do_exit  0x0000000080802b7c       0x20 cmd/built-in.o
 .text.do_ext4_size
                0x0000000080802b9c        0xe cmd/built-in.o
                0x0000000080802b9c                do_ext4_size
 .text.do_ext4_load
                0x0000000080802baa        0xe cmd/built-in.o
                0x0000000080802baa                do_ext4_load
 .text.do_ext4_ls
                0x0000000080802bb8        0xe cmd/built-in.o
                0x0000000080802bb8                do_ext4_ls
 .text.do_ext4_write
                0x0000000080802bc6        0xe cmd/built-in.o
                0x0000000080802bc6                do_ext4_write
 .text.do_ext2load
                0x0000000080802bd4        0xe cmd/built-in.o
                0x0000000080802bd4                do_ext2load
 .text.do_ext2ls
                0x0000000080802be2        0xe cmd/built-in.o
 .text.do_fat_size
                0x0000000080802bf0        0xe cmd/built-in.o
                0x0000000080802bf0                do_fat_size
 .text.do_fat_fsload
                0x0000000080802bfe        0xe cmd/built-in.o
                0x0000000080802bfe                do_fat_fsload
 .text.do_fat_ls
                0x0000000080802c0c        0xe cmd/built-in.o
 *fill*         0x0000000080802c1a        0x2 
 .text.do_fat_fsinfo
                0x0000000080802c1c       0x54 cmd/built-in.o
 .text.do_fat_fswrite
                0x0000000080802c70       0xbc cmd/built-in.o
 .text.fdt_valid
                0x0000000080802d2c       0x74 cmd/built-in.o
 .text.is_printable_string
                0x0000000080802da0       0x48 cmd/built-in.o
 .text.print_data
                0x0000000080802de8      0x104 cmd/built-in.o
 .text.set_working_fdt_addr
                0x0000000080802eec       0x14 cmd/built-in.o
                0x0000000080802eec                set_working_fdt_addr
 .text.do_fdt   0x0000000080802f00      0xa5c cmd/built-in.o
 .text.do_size_wrapper
                0x000000008080395c        0xe cmd/built-in.o
 *fill*         0x000000008080396a        0x2 
 .text.do_load_wrapper
                0x000000008080396c       0x40 cmd/built-in.o
 .text.do_save_wrapper
                0x00000000808039ac        0xe cmd/built-in.o
 .text.do_ls_wrapper
                0x00000000808039ba        0xe cmd/built-in.o
 .text.do_fstype_wrapper
                0x00000000808039c8        0x4 cmd/built-in.o
 .text.gpio_get_description
                0x00000000808039cc       0x78 cmd/built-in.o
 .text.do_gpio  0x0000000080803a44      0x224 cmd/built-in.o
 .text.do_i2c   0x0000000080803c68       0x3c cmd/built-in.o
 .text.i2c_get_cur_bus
                0x0000000080803ca4       0x24 cmd/built-in.o
 .text.do_i2c_bus_speed
                0x0000000080803cc8       0x64 cmd/built-in.o
 .text.do_i2c_reset
                0x0000000080803d2c       0x24 cmd/built-in.o
 .text.i2c_get_cur_bus_chip
                0x0000000080803d50       0x1e cmd/built-in.o
 *fill*         0x0000000080803d6e        0x2 
 .text.do_i2c_olen
                0x0000000080803d70       0x74 cmd/built-in.o
 .text.do_i2c_flags
                0x0000000080803de4       0x78 cmd/built-in.o
 .text.do_i2c_probe
                0x0000000080803e5c       0x74 cmd/built-in.o
 .text.do_i2c_bus_num
                0x0000000080803ed0       0x70 cmd/built-in.o
 .text.show_bus
                0x0000000080803f40       0x64 cmd/built-in.o
 .text.do_i2c_show_bus
                0x0000000080803fa4       0x6c cmd/built-in.o
 .text.get_alen.constprop.4
                0x0000000080804010       0x1e cmd/built-in.o
 *fill*         0x000000008080402e        0x2 
 .text.do_i2c_crc
                0x0000000080804030       0xe4 cmd/built-in.o
 .text.mod_i2c_mem.isra.1
                0x0000000080804114      0x15c cmd/built-in.o
 .text.do_i2c_nm
                0x0000000080804270        0x6 cmd/built-in.o
 .text.do_i2c_mm
                0x0000000080804276        0x6 cmd/built-in.o
 .text.do_i2c_md
                0x000000008080427c      0x15c cmd/built-in.o
 .text.do_i2c_read
                0x00000000808043d8       0x94 cmd/built-in.o
 .text.do_i2c_mw
                0x000000008080446c       0xc0 cmd/built-in.o
 .text.do_i2c_write
                0x000000008080452c      0x108 cmd/built-in.o
 .text.do_i2c_loop
                0x0000000080804634       0xbc cmd/built-in.o
 .text.evalexp  0x00000000808046f0       0x4a cmd/built-in.o
 .text.evalstr  0x000000008080473a       0x3c cmd/built-in.o
 *fill*         0x0000000080804776        0x2 
 .text.binary_test
                0x0000000080804778      0x128 cmd/built-in.o
 .text.do_itest
                0x00000000808048a0       0x4c cmd/built-in.o
 .text.bin_data_init
                0x00000000808048ec       0x1c cmd/built-in.o
 .text.k_data_save
                0x0000000080804908       0x34 cmd/built-in.o
 .text.k_data_restore
                0x000000008080493c       0x34 cmd/built-in.o
 .text.getcxmodem
                0x0000000080804970       0x16 cmd/built-in.o
 *fill*         0x0000000080804986        0x2 
 .text.load_serial_ymodem
                0x0000000080804988       0x90 cmd/built-in.o
 .text.bin_data_char
                0x0000000080804a18       0x1c cmd/built-in.o
 .text.chk1.constprop.1
                0x0000000080804a34       0x20 cmd/built-in.o
 .text.s1_sendpacket.constprop.2
                0x0000000080804a54       0x34 cmd/built-in.o
 .text.load_serial
                0x0000000080804a88      0x12c cmd/built-in.o
 .text.do_load_serial
                0x0000000080804bb4       0x90 cmd/built-in.o
 .text.do_load_serial_bin
                0x0000000080804c44      0x52c cmd/built-in.o
 .text.do_mem_mw
                0x0000000080805170       0x80 cmd/built-in.o
 .text.do_mem_loop
                0x00000000808051f0       0x82 cmd/built-in.o
 *fill*         0x0000000080805272        0x2 
 .text.do_mem_md
                0x0000000080805274       0xa0 cmd/built-in.o
 .text.do_mem_base
                0x0000000080805314       0x28 cmd/built-in.o
 .text.do_mem_cp
                0x000000008080533c       0x74 cmd/built-in.o
 .text.do_mem_cmp
                0x00000000808053b0       0xf8 cmd/built-in.o
 .text.do_mem_crc
                0x00000000808054a8       0x2c cmd/built-in.o
 .text.mod_mem.isra.0
                0x00000000808054d4       0xf0 cmd/built-in.o
 .text.do_mem_mm
                0x00000000808055c4        0x6 cmd/built-in.o
 .text.do_mem_nm
                0x00000000808055ca        0x6 cmd/built-in.o
 .text.extract_range
                0x00000000808055d0       0x7a cmd/built-in.o
 *fill*         0x000000008080564a        0x2 
 .text.do_mii   0x000000008080564c      0x608 cmd/built-in.o
 .text.do_mdio  0x0000000080805c54      0x300 cmd/built-in.o
 .text.do_sleep
                0x0000000080805f54       0x88 cmd/built-in.o
 .text.do_mmcops
                0x0000000080805fdc       0x78 cmd/built-in.o
 .text.init_mmc_device
                0x0000000080806054       0x34 cmd/built-in.o
 .text.do_mmc_rescan
                0x0000000080806088       0x18 cmd/built-in.o
 .text.do_mmc_hwpartition
                0x00000000808060a0      0x390 cmd/built-in.o
 .text.do_mmc_list
                0x0000000080806430        0xc cmd/built-in.o
 .text.do_mmc_dev
                0x000000008080643c       0xc8 cmd/built-in.o
 .text.do_mmc_read
                0x0000000080806504       0x98 cmd/built-in.o
 .text.do_mmc_part
                0x000000008080659c       0x38 cmd/built-in.o
 .text.do_mmc_erase
                0x00000000808065d4       0xa0 cmd/built-in.o
 .text.do_mmc_write
                0x0000000080806674       0xb0 cmd/built-in.o
 .text.do_mmcinfo
                0x0000000080806724      0x290 cmd/built-in.o
 .text.do_mmc_setdsr
                0x00000000808069b4       0x74 cmd/built-in.o
 .text.part_delall
                0x0000000080806a28       0x26 cmd/built-in.o
 .text.memsize_parse
                0x0000000080806a4e       0x48 cmd/built-in.o
 *fill*         0x0000000080806a96        0x2 
 .text.mtd_part_info
                0x0000000080806a98       0x5c cmd/built-in.o
 .text.env_get_mtdparts
                0x0000000080806af4       0x30 cmd/built-in.o
 .text.memsize_format
                0x0000000080806b24       0x6c cmd/built-in.o
 .text.index_partitions
                0x0000000080806b90       0x6c cmd/built-in.o
 .text.current_save
                0x0000000080806bfc       0x78 cmd/built-in.o
 .text.part_sort_add
                0x0000000080806c74       0xc0 cmd/built-in.o
 .text.device_del
                0x0000000080806d34       0x50 cmd/built-in.o
 .text.generate_mtdparts_save.constprop.7
                0x0000000080806d84      0x1c4 cmd/built-in.o
 .text.device_delall.constprop.9
                0x0000000080806f48       0x3c cmd/built-in.o
 .text.mtd_devices_init
                0x0000000080806f84       0x20 cmd/built-in.o
 .text.get_mtd_info.constprop.10
                0x0000000080806fa4       0x58 cmd/built-in.o
 .text.part_validate
                0x0000000080806ffc      0x24c cmd/built-in.o
 .text.device_find
                0x0000000080807248       0x2c cmd/built-in.o
                0x0000000080807248                device_find
 .text.device_parse
                0x0000000080807274      0x308 cmd/built-in.o
 .text.mtd_id_parse
                0x000000008080757c       0xa0 cmd/built-in.o
                0x000000008080757c                mtd_id_parse
 .text.find_dev_and_part
                0x000000008080761c      0x118 cmd/built-in.o
                0x000000008080761c                find_dev_and_part
 .text.mtdparts_init
                0x0000000080807734      0x444 cmd/built-in.o
                0x0000000080807734                mtdparts_init
 .text.do_chpart
                0x0000000080807b78       0x88 cmd/built-in.o
 .text.do_mtdparts
                0x0000000080807c00      0x3f0 cmd/built-in.o
 .text.set_dev  0x0000000080807ff0       0x3c cmd/built-in.o
 .text.nand_print_and_set_info
                0x000000008080802c       0xb4 cmd/built-in.o
 .text.do_nand  0x00000000808080e0      0x8d4 cmd/built-in.o
 .text.nand_load_image
                0x00000000808089b4      0x164 cmd/built-in.o
 .text.do_nandboot
                0x0000000080808b18      0x158 cmd/built-in.o
 .text.netboot_common
                0x0000000080808c70      0x1c4 cmd/built-in.o
 .text.do_bootp
                0x0000000080808e34        0x8 cmd/built-in.o
 .text.do_dhcp  0x0000000080808e3c        0x8 cmd/built-in.o
 .text.do_nfs   0x0000000080808e44        0x8 cmd/built-in.o
 .text.do_tftpb
                0x0000000080808e4c       0x26 cmd/built-in.o
                0x0000000080808e4c                do_tftpb
 *fill*         0x0000000080808e72        0x2 
 .text.do_ping  0x0000000080808e74       0x48 cmd/built-in.o
 .text.do_part_list
                0x0000000080808ebc       0xf0 cmd/built-in.o
 .text.do_part_start
                0x0000000080808fac       0x84 cmd/built-in.o
 .text.do_part_size
                0x0000000080809030       0x84 cmd/built-in.o
 .text.do_part  0x00000000808090b4       0xb0 cmd/built-in.o
 .text.eol_or_eof
                0x0000000080809164       0x12 cmd/built-in.o
 *fill*         0x0000000080809176        0x2 
 .text.do_pxe   0x0000000080809178       0x48 cmd/built-in.o
 .text.label_print
                0x00000000808091c0       0x14 cmd/built-in.o
 .text.do_get_tftp
                0x00000000808091d4       0x2c cmd/built-in.o
 .text.from_env
                0x0000000080809200       0x1c cmd/built-in.o
 .text.get_string
                0x000000008080921c       0x80 cmd/built-in.o
 .text.label_destroy
                0x000000008080929c       0x3e cmd/built-in.o
 .text.destroy_pxe_menu
                0x00000000808092da       0x36 cmd/built-in.o
 .text.get_token
                0x0000000080809310       0xa4 cmd/built-in.o
 .text.parse_sliteral
                0x00000000808093b4       0x34 cmd/built-in.o
 .text.parse_integer
                0x00000000808093e8       0x44 cmd/built-in.o
 .text.do_get_any
                0x000000008080942c       0x2c cmd/built-in.o
 .text.do_get_fat
                0x0000000080809458       0x28 cmd/built-in.o
 .text.do_get_ext2
                0x0000000080809480       0x28 cmd/built-in.o
 .text.format_mac_pxe.constprop.6
                0x00000000808094a8       0x54 cmd/built-in.o
 .text.get_relfile
                0x00000000808094fc       0xcc cmd/built-in.o
 .text.get_pxe_file
                0x00000000808095c8       0x3c cmd/built-in.o
 .text.handle_include
                0x0000000080809604       0x68 cmd/built-in.o
 .text.parse_pxefile_top
                0x000000008080966c      0x2fc cmd/built-in.o
 .text.parse_pxefile
                0x0000000080809968       0x42 cmd/built-in.o
 *fill*         0x00000000808099aa        0x2 
 .text.get_pxelinux_path
                0x00000000808099ac       0x50 cmd/built-in.o
 .text.do_pxe_get
                0x00000000808099fc       0xec cmd/built-in.o
 .text.get_relfile_envaddr
                0x0000000080809ae8       0x34 cmd/built-in.o
 .text.label_boot
                0x0000000080809b1c      0x3cc cmd/built-in.o
 .text.handle_pxe_menu
                0x0000000080809ee8       0xd4 cmd/built-in.o
 .text.do_pxe_boot
                0x0000000080809fbc       0x94 cmd/built-in.o
 .text.do_sysboot
                0x000000008080a050      0x13c cmd/built-in.o
 .text.bytes_per_second
                0x000000008080a18c       0x34 cmd/built-in.o
 .text.do_spi_flash
                0x000000008080a1c0      0x55c cmd/built-in.o
 .text.do_spi   0x000000008080a71c      0x1b0 cmd/built-in.o
                0x000000008080a71c                do_spi
 .text.do_time  0x000000008080a8cc       0x98 cmd/built-in.o
 .text.do_false
                0x000000008080a964        0x4 cmd/built-in.o
 .text.do_true  0x000000008080a968        0x4 cmd/built-in.o
 .text.do_test  0x000000008080a96c      0x208 cmd/built-in.o
 .text.usb_get_class_desc
                0x000000008080ab74       0x74 cmd/built-in.o
 .text.usb_display_class_sub
                0x000000008080abe8       0xf4 cmd/built-in.o
 .text.usb_display_desc
                0x000000008080acdc       0xf4 cmd/built-in.o
 .text.usb_show_tree_graph
                0x000000008080add0      0x148 cmd/built-in.o
 .text.usb_show_subtree
                0x000000008080af18       0x1c cmd/built-in.o
 .text.usb_for_each_root_dev
                0x000000008080af34       0x3c cmd/built-in.o
 .text.usb_display_string
                0x000000008080af70       0x2c cmd/built-in.o
 .text.usb_display_config
                0x000000008080af9c      0x1b4 cmd/built-in.o
 .text.usb_show_info
                0x000000008080b150       0x36 cmd/built-in.o
 .text.usb_find_device
                0x000000008080b186       0x64 cmd/built-in.o
 *fill*         0x000000008080b1ea        0x2 
 .text.do_usbboot
                0x000000008080b1ec        0xc cmd/built-in.o
 .text.do_usb_start
                0x000000008080b1f8       0x20 cmd/built-in.o
 .text.usb_show_tree
                0x000000008080b218        0xc cmd/built-in.o
                0x000000008080b218                usb_show_tree
 .text.do_usb   0x000000008080b224      0x298 cmd/built-in.o
 .text.common_diskboot
                0x000000008080b4bc      0x1c8 cmd/built-in.o
                0x000000008080b4bc                common_diskboot
 .text.do_fastboot
                0x000000008080b684       0x84 cmd/built-in.o
 .text.do_imgextract
                0x000000008080b708      0x28c cmd/built-in.o
 .text.do_spl   0x000000008080b994      0x144 cmd/built-in.o
 .text.do_dfu   0x000000008080bad8       0x54 cmd/built-in.o
 .text.extract_val
                0x000000008080bb2c       0x5c cmd/built-in.o
 .text.extract_env
                0x000000008080bb88       0xa0 cmd/built-in.o
 .text.set_gpt_info.isra.1.constprop.2
                0x000000008080bc28      0x33c cmd/built-in.o
 .text.do_gpt   0x000000008080bf64      0x218 cmd/built-in.o
 .text.do_env_delete
                0x000000008080c17c       0x68 cmd/built-in.o
 .text.do_env_exists
                0x000000008080c1e4       0x40 cmd/built-in.o
 .text.do_env_save
                0x000000008080c224       0x20 cmd/built-in.o
 .text.do_env   0x000000008080c244       0x3c cmd/built-in.o
 .text.env_print
                0x000000008080c280       0x78 cmd/built-in.o
 .text.do_env_print
                0x000000008080c2f8       0x7c cmd/built-in.o
 .text.do_env_import
                0x000000008080c374      0x178 cmd/built-in.o
 .text.do_env_default
                0x000000008080c4ec       0x50 cmd/built-in.o
 .text._do_env_set.isra.0
                0x000000008080c53c      0x128 cmd/built-in.o
 .text.do_env_set
                0x000000008080c664       0x14 cmd/built-in.o
 .text.do_env_ask
                0x000000008080c678       0xfc cmd/built-in.o
                0x000000008080c678                do_env_ask
 .text.get_env_id
                0x000000008080c774        0xc cmd/built-in.o
                0x000000008080c774                get_env_id
 .text.env_set  0x000000008080c780       0x3c cmd/built-in.o
                0x000000008080c780                env_set
 .text.env_set_ulong
                0x000000008080c7bc       0x16 cmd/built-in.o
                0x000000008080c7bc                env_set_ulong
 *fill*         0x000000008080c7d2        0x2 
 .text.env_set_hex
                0x000000008080c7d4       0x20 cmd/built-in.o
                0x000000008080c7d4                env_set_hex
 .text.do_env_export
                0x000000008080c7f4      0x150 cmd/built-in.o
 .text.envmatch
                0x000000008080c944       0x3a cmd/built-in.o
                0x000000008080c944                envmatch
 *fill*         0x000000008080c97e        0x2 
 .text.env_get_f
                0x000000008080c980       0x88 cmd/built-in.o
                0x000000008080c980                env_get_f
 .text.env_get  0x000000008080ca08       0x54 cmd/built-in.o
                0x000000008080ca08                env_get
 .text.env_get_hex
                0x000000008080ca5c       0x22 cmd/built-in.o
                0x000000008080ca5c                env_get_hex
 .text.env_get_ulong
                0x000000008080ca7e       0x1c cmd/built-in.o
                0x000000008080ca7e                env_get_ulong
 *fill*         0x000000008080ca9a        0x2 
 .text.do_env_edit.part.2
                0x000000008080ca9c       0x70 cmd/built-in.o
 .text.do_env_edit
                0x000000008080cb0c       0x1c cmd/built-in.o
 .text.board_init_f_alloc_reserve
                0x000000008080cb28        0xa common/built-in.o
                0x000000008080cb28                board_init_f_alloc_reserve
 .text.board_init_f_init_reserve
                0x000000008080cb32       0x14 common/built-in.o
                0x000000008080cb32                board_init_f_init_reserve
 .text.show_boot_progress
                0x000000008080cb46        0x4 common/built-in.o
                0x000000008080cb46                show_boot_progress
 *fill*         0x000000008080cb4a        0x2 
 .text.main_loop
                0x000000008080cb4c       0x48 common/built-in.o
                0x000000008080cb4c                main_loop
 .text.mdelay   0x000000008080cb94       0x14 common/built-in.o
 .text.dummy    0x000000008080cba8        0x2 common/built-in.o
 .text.get_version
                0x000000008080cbaa        0x4 common/built-in.o
                0x000000008080cbaa                get_version
 *fill*         0x000000008080cbae        0x2 
 .text.jumptable_init
                0x000000008080cbb0      0x198 common/built-in.o
                0x000000008080cbb0                jumptable_init
 .text.hash_finish_crc32
                0x000000008080cd48       0x1c common/built-in.o
 .text.hash_update_crc32
                0x000000008080cd64       0x14 common/built-in.o
 .text.hash_init_crc32
                0x000000008080cd78       0x14 common/built-in.o
 .text.hash_finish_sha256
                0x000000008080cd8c       0x22 common/built-in.o
 .text.hash_update_sha256
                0x000000008080cdae       0x10 common/built-in.o
 .text.hash_init_sha256
                0x000000008080cdbe       0x16 common/built-in.o
 .text.hash_finish_sha1
                0x000000008080cdd4       0x22 common/built-in.o
 .text.hash_update_sha1
                0x000000008080cdf6       0x10 common/built-in.o
 .text.hash_init_sha1
                0x000000008080ce06       0x16 common/built-in.o
 .text.hash_lookup_algo
                0x000000008080ce1c       0x3c common/built-in.o
                0x000000008080ce1c                hash_lookup_algo
 .text.hash_command
                0x000000008080ce58      0x124 common/built-in.o
                0x000000008080ce58                hash_command
 .text.b_reset  0x000000008080cf7c        0xe common/built-in.o
 .text.static_get
                0x000000008080cf8a       0x12 common/built-in.o
 .text.file_peek
                0x000000008080cf9c        0x6 common/built-in.o
 *fill*         0x000000008080cfa2        0x2 
 .text.mapset   0x000000008080cfa4       0x14 common/built-in.o
 .text.syntax_err
                0x000000008080cfb8        0xc common/built-in.o
 .text.free_pipe_list
                0x000000008080cfc4       0x98 common/built-in.o
 .text.xmalloc  0x000000008080d05c       0x18 common/built-in.o
 .text.new_pipe
                0x000000008080d074       0x16 common/built-in.o
 *fill*         0x000000008080d08a        0x2 
 .text.xrealloc
                0x000000008080d08c       0x18 common/built-in.o
 .text.done_command
                0x000000008080d0a4       0x42 common/built-in.o
 .text.done_pipe
                0x000000008080d0e6       0x2a common/built-in.o
 .text.done_word
                0x000000008080d110      0x1d0 common/built-in.o
 .text.do_showvar
                0x000000008080d2e0       0x98 common/built-in.o
 .text.is_assignment
                0x000000008080d378       0x2c common/built-in.o
 .text.file_get
                0x000000008080d3a4      0x140 common/built-in.o
 .text.b_addchr
                0x000000008080d4e4       0x42 common/built-in.o
 *fill*         0x000000008080d526        0x2 
 .text.b_addqchr
                0x000000008080d528       0x30 common/built-in.o
 .text.static_peek
                0x000000008080d558        0x6 common/built-in.o
 *fill*         0x000000008080d55e        0x2 
 .text.get_local_var
                0x000000008080d560       0x58 common/built-in.o
                0x000000008080d560                get_local_var
 .text.set_local_var
                0x000000008080d5b8      0x10c common/built-in.o
                0x000000008080d5b8                set_local_var
 .text.insert_var_value_sub
                0x000000008080d6c4      0x1c4 common/built-in.o
 .text.parse_string_outer
                0x000000008080d888       0x90 common/built-in.o
                0x000000008080d888                parse_string_outer
 .text.run_list_real
                0x000000008080d918      0x4d4 common/built-in.o
 .text.parse_stream_outer
                0x000000008080ddec      0x434 common/built-in.o
 .text.parse_file_outer
                0x000000008080e220       0x2c common/built-in.o
                0x000000008080e220                parse_file_outer
 .text.u_boot_hush_start
                0x000000008080e24c       0x30 common/built-in.o
                0x000000008080e24c                u_boot_hush_start
 .text.bootdelay_process
                0x000000008080e27c       0xc8 common/built-in.o
                0x000000008080e27c                bootdelay_process
 .text.autoboot_command
                0x000000008080e344       0xa4 common/built-in.o
                0x000000008080e344                autoboot_command
 .text.setup_mon_len
                0x000000008080e3e8       0x18 common/built-in.o
 .text.reserve_round_4k
                0x000000008080e400       0x14 common/built-in.o
 .text.reserve_mmu
                0x000000008080e414       0x2e common/built-in.o
                0x000000008080e414                reserve_mmu
 .text.reserve_uboot
                0x000000008080e442       0x2a common/built-in.o
 .text.reserve_malloc
                0x000000008080e46c       0x14 common/built-in.o
 .text.setup_machine
                0x000000008080e480        0xe common/built-in.o
 .text.reserve_global_data
                0x000000008080e48e       0x16 common/built-in.o
 .text.reserve_fdt
                0x000000008080e4a4       0x3a common/built-in.o
 .text.initf_console_record
                0x000000008080e4de        0x4 common/built-in.o
 .text.init_func_watchdog_reset
                0x000000008080e4e2        0xa common/built-in.o
                0x000000008080e4e2                init_func_watchdog_reset
 .text.setup_reloc
                0x000000008080e4ec       0x26 common/built-in.o
 .text.reloc_fdt
                0x000000008080e512       0x2c common/built-in.o
 .text.reserve_board
                0x000000008080e53e       0x28 common/built-in.o
 *fill*         0x000000008080e566        0x2 
 .text.announce_dram_init
                0x000000008080e568       0x10 common/built-in.o
 .text.init_baud_rate
                0x000000008080e578       0x1c common/built-in.o
 .text.initf_dm
                0x000000008080e594        0x6 common/built-in.o
 .text.initf_bootstage
                0x000000008080e59a        0xc common/built-in.o
 .text.reserve_arch
                0x000000008080e5a6        0x4 common/built-in.o
                0x000000008080e5a6                reserve_arch
 .text.display_text_info
                0x000000008080e5aa        0x4 common/built-in.o
 .text.arch_cpu_init
                0x000000008080e5ae        0x4 common/built-in.o
                0x000000008080e5ae                arch_cpu_init
 .text.mach_cpu_init
                0x000000008080e5b2        0x4 common/built-in.o
                0x000000008080e5b2                mach_cpu_init
 .text.reserve_video
                0x000000008080e5b6        0x4 common/built-in.o
 .text.reserve_trace
                0x000000008080e5ba        0x4 common/built-in.o
 .text.reserve_bootstage
                0x000000008080e5be        0x4 common/built-in.o
 .text.display_new_sp
                0x000000008080e5c2        0x4 common/built-in.o
 .text.reloc_bootstage
                0x000000008080e5c6        0x4 common/built-in.o
 .text.init_func_watchdog_init
                0x000000008080e5ca        0xa common/built-in.o
 .text.coloured_LED_init
                0x000000008080e5d4        0x2 common/built-in.o
                0x000000008080e5d4                coloured_LED_init
 .text.red_led_on
                0x000000008080e5d6        0x2 common/built-in.o
                0x000000008080e5d6                red_led_on
 .text.board_add_ram_info
                0x000000008080e5d8        0x2 common/built-in.o
                0x000000008080e5d8                board_add_ram_info
 *fill*         0x000000008080e5da        0x2 
 .text.show_dram_config
                0x000000008080e5dc       0x28 common/built-in.o
 .text.board_get_usable_ram_top
                0x000000008080e604       0x10 common/built-in.o
                0x000000008080e604                board_get_usable_ram_top
 .text.setup_dest_addr
                0x000000008080e614       0x30 common/built-in.o
 .text.reserve_stacks
                0x000000008080e644       0x1a common/built-in.o
 *fill*         0x000000008080e65e        0x2 
 .text.board_init_f
                0x000000008080e660       0x20 common/built-in.o
                0x000000008080e660                board_init_f
 .text.bootstage_relocate
                0x000000008080e680        0x4 common/built-in.o
 .text.initr_reloc
                0x000000008080e684       0x14 common/built-in.o
 .text.power_init_board
                0x000000008080e698        0x4 common/built-in.o
                0x000000008080e698                power_init_board
 .text.initr_announce
                0x000000008080e69c        0x4 common/built-in.o
 .text.run_main_loop
                0x000000008080e6a0        0x8 common/built-in.o
 .text.initr_net
                0x000000008080e6a8       0x14 common/built-in.o
 .text.initr_ethaddr
                0x000000008080e6bc       0x18 common/built-in.o
 .text.initr_enable_interrupts
                0x000000008080e6d4        0xa common/built-in.o
 .text.initr_jumptable
                0x000000008080e6de        0xa common/built-in.o
 .text.initr_env
                0x000000008080e6e8       0x48 common/built-in.o
 .text.initr_mmc
                0x000000008080e730       0x18 common/built-in.o
 .text.initr_nand
                0x000000008080e748       0x24 common/built-in.o
 .text.initr_serial
                0x000000008080e76c        0xa common/built-in.o
 .text.initr_dm
                0x000000008080e776       0x16 common/built-in.o
 .text.initr_bootstage
                0x000000008080e78c        0xc common/built-in.o
 .text.initr_malloc
                0x000000008080e798       0x1c common/built-in.o
 .text.initr_reloc_global_data
                0x000000008080e7b4       0x28 common/built-in.o
 .text.initr_caches
                0x000000008080e7dc        0xa common/built-in.o
 .text.initr_console_record
                0x000000008080e7e6        0x4 common/built-in.o
 .text.initr_trace
                0x000000008080e7ea        0x4 common/built-in.o
 .text.initr_barrier
                0x000000008080e7ee        0x4 common/built-in.o
 .text.cpu_secondary_init_r
                0x000000008080e7f2        0x2 common/built-in.o
                0x000000008080e7f2                cpu_secondary_init_r
 .text.initr_secondary_cpu
                0x000000008080e7f4        0xa common/built-in.o
 *fill*         0x000000008080e7fe        0x2 
 .text.board_init_r
                0x000000008080e800       0x10 common/built-in.o
                0x000000008080e800                board_init_r
 .text.checkboard
                0x000000008080e810        0x4 common/built-in.o
                0x000000008080e810                checkboard
 .text.show_board_info
                0x000000008080e814       0x2c common/built-in.o
                0x000000008080e814                show_board_info
 .text.bootm_find_images
                0x000000008080e840       0x88 common/built-in.o
                0x000000008080e840                bootm_find_images
 .text.bootm_decomp_image
                0x000000008080e8c8      0x100 common/built-in.o
                0x000000008080e8c8                bootm_decomp_image
 .text.bootm_disable_interrupts
                0x000000008080e9c8       0x10 common/built-in.o
                0x000000008080e9c8                bootm_disable_interrupts
 .text.do_bootm_states
                0x000000008080e9d8      0x67c common/built-in.o
                0x000000008080e9d8                do_bootm_states
 .text.copy_args
                0x000000008080f054       0x38 common/built-in.o
 .text.do_bootm_rtems
                0x000000008080f08c       0x30 common/built-in.o
 .text.do_bootm_plan9
                0x000000008080f0bc       0x70 common/built-in.o
 .text.do_bootm_standalone
                0x000000008080f12c       0x40 common/built-in.o
 .text.do_bootm_qnxelf
                0x000000008080f16c       0x50 common/built-in.o
 .text.do_bootm_netbsd
                0x000000008080f1bc       0xac common/built-in.o
 .text.do_bootvx_fdt
                0x000000008080f268       0xcc common/built-in.o
                0x000000008080f268                do_bootvx_fdt
 .text.do_bootm_vxworks
                0x000000008080f334       0x1a common/built-in.o
 .text.arch_preboot_os
                0x000000008080f34e        0x2 common/built-in.o
                0x000000008080f34e                arch_preboot_os
 .text.boot_selected_os
                0x000000008080f350       0x3a common/built-in.o
                0x000000008080f350                boot_selected_os
 *fill*         0x000000008080f38a        0x2 
 .text.bootm_os_get_boot_func
                0x000000008080f38c        0xc common/built-in.o
                0x000000008080f38c                bootm_os_get_boot_func
 .text.of_bus_default_map
                0x000000008080f398       0xa4 common/built-in.o
 .text.fdt_support_default_count_cells
                0x000000008080f43c       0x34 common/built-in.o
                0x000000008080f43c                fdt_support_default_count_cells
 .text.of_bus_default_translate
                0x000000008080f470       0x78 common/built-in.o
 .text.fdt_find_and_setprop
                0x000000008080f4e8       0x46 common/built-in.o
                0x000000008080f4e8                fdt_find_and_setprop
 *fill*         0x000000008080f52e        0x2 
 .text.fdt_find_or_add_subnode
                0x000000008080f530       0x40 common/built-in.o
                0x000000008080f530                fdt_find_or_add_subnode
 .text.fdt_root
                0x000000008080f570       0x60 common/built-in.o
                0x000000008080f570                fdt_root
 .text.fdt_initrd
                0x000000008080f5d0      0x128 common/built-in.o
                0x000000008080f5d0                fdt_initrd
 .text.fdt_chosen
                0x000000008080f6f8       0x6c common/built-in.o
                0x000000008080f6f8                fdt_chosen
 .text.do_fixup_by_path
                0x000000008080f764       0x34 common/built-in.o
                0x000000008080f764                do_fixup_by_path
 .text.fdt_fixup_memory_banks
                0x000000008080f798      0x128 common/built-in.o
                0x000000008080f798                fdt_fixup_memory_banks
 .text.fdt_fixup_memory
                0x000000008080f8c0       0x16 common/built-in.o
                0x000000008080f8c0                fdt_fixup_memory
 *fill*         0x000000008080f8d6        0x2 
 .text.fdt_fixup_ethernet
                0x000000008080f8d8      0x10c common/built-in.o
                0x000000008080f8d8                fdt_fixup_ethernet
 .text.fdt_shrink_to_minimum
                0x000000008080f9e4       0x88 common/built-in.o
                0x000000008080f9e4                fdt_shrink_to_minimum
 .text.fdt_translate_address
                0x000000008080fa6c      0x18c common/built-in.o
                0x000000008080fa6c                fdt_translate_address
 .text.fdt_overlay_apply_verbose
                0x000000008080fbf8       0x4c common/built-in.o
                0x000000008080fbf8                fdt_overlay_apply_verbose
 .text.miiphy_get_dev_by_name
                0x000000008080fc44       0x34 common/built-in.o
                0x000000008080fc44                miiphy_get_dev_by_name
 .text.miiphy_init
                0x000000008080fc78       0x18 common/built-in.o
                0x000000008080fc78                miiphy_init
 .text.mdio_alloc
                0x000000008080fc90       0x1c common/built-in.o
                0x000000008080fc90                mdio_alloc
 .text.mdio_register
                0x000000008080fcac       0x50 common/built-in.o
                0x000000008080fcac                mdio_register
 .text.mdio_list_devices
                0x000000008080fcfc       0x78 common/built-in.o
                0x000000008080fcfc                mdio_list_devices
 .text.miiphy_set_current_dev
                0x000000008080fd74       0x28 common/built-in.o
                0x000000008080fd74                miiphy_set_current_dev
 .text.miiphy_get_active_dev
                0x000000008080fd9c       0x30 common/built-in.o
 .text.mdio_get_current_dev
                0x000000008080fdcc        0xc common/built-in.o
                0x000000008080fdcc                mdio_get_current_dev
 .text.mdio_phydev_for_ethname
                0x000000008080fdd8       0x54 common/built-in.o
                0x000000008080fdd8                mdio_phydev_for_ethname
 .text.miiphy_get_current_dev
                0x000000008080fe2c       0x10 common/built-in.o
                0x000000008080fe2c                miiphy_get_current_dev
 .text.miiphy_read
                0x000000008080fe3c       0x28 common/built-in.o
                0x000000008080fe3c                miiphy_read
 .text.miiphy_write
                0x000000008080fe64       0x24 common/built-in.o
                0x000000008080fe64                miiphy_write
 .text.miiphy_listdev
                0x000000008080fe88       0x54 common/built-in.o
                0x000000008080fe88                miiphy_listdev
 .text.miiphy_info
                0x000000008080fedc       0x5c common/built-in.o
                0x000000008080fedc                miiphy_info
 .text.miiphy_is_1000base_x
                0x000000008080ff38       0x30 common/built-in.o
                0x000000008080ff38                miiphy_is_1000base_x
 .text.miiphy_speed
                0x000000008080ff68       0xb8 common/built-in.o
                0x000000008080ff68                miiphy_speed
 .text.miiphy_duplex
                0x0000000080810020       0xd0 common/built-in.o
                0x0000000080810020                miiphy_duplex
 .text.usb_set_maxpacket_ep
                0x00000000808100f0       0x56 common/built-in.o
 .text.usb_control_msg
                0x0000000080810146       0x6e common/built-in.o
                0x0000000080810146                usb_control_msg
 .text.usb_get_descriptor
                0x00000000808101b4       0x36 common/built-in.o
 *fill*         0x00000000808101ea        0x2 
 .text.get_descriptor_len
                0x00000000808101ec       0x60 common/built-in.o
 .text.usb_setup_descriptor
                0x000000008081024c       0x84 common/built-in.o
 .text.usb_get_string
                0x00000000808102d0       0x50 common/built-in.o
 .text.usb_string_sub
                0x0000000080810320       0x94 common/built-in.o
 .text.usb_bulk_msg
                0x00000000808103b4       0x48 common/built-in.o
                0x00000000808103b4                usb_bulk_msg
 .text.usb_maxpacket
                0x00000000808103fc       0x1a common/built-in.o
                0x00000000808103fc                usb_maxpacket
 .text.usb_clear_halt
                0x0000000080810416       0x5c common/built-in.o
                0x0000000080810416                usb_clear_halt
 *fill*         0x0000000080810472        0x2 
 .text.usb_get_configuration_len
                0x0000000080810474       0x50 common/built-in.o
                0x0000000080810474                usb_get_configuration_len
 .text.usb_get_configuration_no
                0x00000000808104c4       0x1c common/built-in.o
                0x00000000808104c4                usb_get_configuration_no
 .text.usb_set_interface
                0x00000000808104e0       0x78 common/built-in.o
                0x00000000808104e0                usb_set_interface
 .text.usb_string
                0x0000000080810558       0x9c common/built-in.o
                0x0000000080810558                usb_string
 .text.usb_select_config
                0x00000000808105f4      0x318 common/built-in.o
                0x00000000808105f4                usb_select_config
 .text.usb_setup_device
                0x000000008081090c       0xa8 common/built-in.o
                0x000000008081090c                usb_setup_device
 .text.board_usb_init
                0x00000000808109b4        0x4 common/built-in.o
                0x00000000808109b4                board_usb_init
 .text.board_usb_cleanup
                0x00000000808109b8        0x4 common/built-in.o
                0x00000000808109b8                board_usb_cleanup
 .text.usb_device_has_child_on_port
                0x00000000808109bc        0x4 common/built-in.o
                0x00000000808109bc                usb_device_has_child_on_port
 .text.usb_find_usb2_hub_address_port
                0x00000000808109c0       0x4c common/built-in.o
                0x00000000808109c0                usb_find_usb2_hub_address_port
 .text.usb_set_port_feature
                0x0000000080810a0c       0x2e common/built-in.o
 .text.usb_clear_port_feature
                0x0000000080810a3a       0x2e common/built-in.o
 .text.usb_get_hub_descriptor
                0x0000000080810a68       0x42 common/built-in.o
 .text.usb_hub_reset_devices
                0x0000000080810aaa        0x2 common/built-in.o
                0x0000000080810aaa                usb_hub_reset_devices
 .text.usb_hub_is_root_hub
                0x0000000080810aac       0x10 common/built-in.o
                0x0000000080810aac                usb_hub_is_root_hub
 .text.usb_get_port_status
                0x0000000080810abc       0x70 common/built-in.o
                0x0000000080810abc                usb_get_port_status
 .text.usb_hub_port_connect_change
                0x0000000080810b2c       0xf8 common/built-in.o
                0x0000000080810b2c                usb_hub_port_connect_change
 .text.usb_hub_configure
                0x0000000080810c24      0x3f0 common/built-in.o
 .text.usb_hub_scan
                0x0000000080811014        0xe common/built-in.o
                0x0000000080811014                usb_hub_scan
 .text.usb_hub_post_probe
                0x0000000080811022        0x4 common/built-in.o
 .text.usb_stor_irq
                0x0000000080811026       0x10 common/built-in.o
 .text.usb_stor_BBB_reset
                0x0000000080811036       0xac common/built-in.o
 *fill*         0x00000000808110e2        0x2 
 .text.usb_stor_CB_reset
                0x00000000808110e4       0x90 common/built-in.o
 .text.usb_stor_BBB_clear_endpt_stall.isra.0
                0x0000000080811174       0x2c common/built-in.o
 .text.usb_stor_BBB_transport
                0x00000000808111a0      0x1b4 common/built-in.o
 .text.usb_stor_CB_comdat
                0x0000000080811354      0x150 common/built-in.o
 .text.usb_stor_CBI_get_status.isra.2
                0x00000000808114a4       0x88 common/built-in.o
 .text.usb_stor_CB_transport
                0x000000008081152c      0x168 common/built-in.o
 .text.usb_request_sense.constprop.11
                0x0000000080811694       0x4c common/built-in.o
 .text.usb_stor_read
                0x00000000808116e0       0xfc common/built-in.o
 .text.usb_stor_write
                0x00000000808117dc       0xfc common/built-in.o
 .text.usb_stor_info
                0x00000000808118d8       0x4c common/built-in.o
                0x00000000808118d8                usb_stor_info
 .text.usb_stor_reset
                0x0000000080811924        0xc common/built-in.o
                0x0000000080811924                usb_stor_reset
 .text.usb_stor_scan
                0x0000000080811930       0x30 common/built-in.o
                0x0000000080811930                usb_stor_scan
 .text.usb_storage_probe
                0x0000000080811960      0x188 common/built-in.o
                0x0000000080811960                usb_storage_probe
 .text.usb_stor_get_info
                0x0000000080811ae8      0x234 common/built-in.o
                0x0000000080811ae8                usb_stor_get_info
 .text.usb_mass_storage_probe
                0x0000000080811d1c      0x120 common/built-in.o
 .text.menu_display_statusline
                0x0000000080811e3c        0x2 common/built-in.o
                0x0000000080811e3c                menu_display_statusline
 .text.menu_default_set
                0x0000000080811e3e       0x52 common/built-in.o
                0x0000000080811e3e                menu_default_set
 .text.menu_get_choice
                0x0000000080811e90      0x128 common/built-in.o
                0x0000000080811e90                menu_get_choice
 .text.menu_item_add
                0x0000000080811fb8       0x84 common/built-in.o
                0x0000000080811fb8                menu_item_add
 .text.menu_create
                0x000000008081203c       0x52 common/built-in.o
                0x000000008081203c                menu_create
 .text.menu_destroy
                0x000000008081208e       0x44 common/built-in.o
                0x000000008081208e                menu_destroy
 *fill*         0x00000000808120d2        0x2 
 .text.delete_char.part.0
                0x00000000808120d4       0x88 common/built-in.o
 .text.cread_add_char
                0x000000008081215c       0x80 common/built-in.o
 .text.cli_readline_into_buffer
                0x00000000808121dc      0x668 common/built-in.o
                0x00000000808121dc                cli_readline_into_buffer
 .text.cli_readline
                0x0000000080812844       0x10 common/built-in.o
                0x0000000080812844                cli_readline
 .text.cli_simple_process_macros
                0x0000000080812854      0x124 common/built-in.o
                0x0000000080812854                cli_simple_process_macros
 .text.console_setfile
                0x0000000080812978       0x74 common/built-in.o
 .text.putc     0x00000000808129ec       0x24 common/built-in.o
                0x00000000808129ec                putc
 .text.puts     0x0000000080812a10       0x24 common/built-in.o
                0x0000000080812a10                puts
 .text.fgetc    0x0000000080812a34       0x18 common/built-in.o
                0x0000000080812a34                fgetc
 .text.getc     0x0000000080812a4c       0x1a common/built-in.o
                0x0000000080812a4c                getc
 *fill*         0x0000000080812a66        0x2 
 .text.ftstc    0x0000000080812a68       0x18 common/built-in.o
                0x0000000080812a68                ftstc
 .text.tstc     0x0000000080812a80       0x1a common/built-in.o
                0x0000000080812a80                tstc
 *fill*         0x0000000080812a9a        0x2 
 .text.fputs    0x0000000080812a9c       0x14 common/built-in.o
                0x0000000080812a9c                fputs
 .text.ctrlc    0x0000000080812ab0       0x38 common/built-in.o
                0x0000000080812ab0                ctrlc
 .text.confirm_yesno
                0x0000000080812ae8       0x80 common/built-in.o
                0x0000000080812ae8                confirm_yesno
 .text.disable_ctrlc
                0x0000000080812b68       0x10 common/built-in.o
                0x0000000080812b68                disable_ctrlc
 .text.had_ctrlc
                0x0000000080812b78        0xc common/built-in.o
                0x0000000080812b78                had_ctrlc
 .text.clear_ctrlc
                0x0000000080812b84        0xc common/built-in.o
                0x0000000080812b84                clear_ctrlc
 .text.search_device
                0x0000000080812b90       0x16 common/built-in.o
                0x0000000080812b90                search_device
 .text.console_assign
                0x0000000080812ba6       0x2a common/built-in.o
                0x0000000080812ba6                console_assign
 .text.on_console
                0x0000000080812bd0       0x6c common/built-in.o
 .text.console_init_f
                0x0000000080812c3c        0xa common/built-in.o
                0x0000000080812c3c                console_init_f
 *fill*         0x0000000080812c46        0x2 
 .text.console_init_r
                0x0000000080812c48       0x8c common/built-in.o
                0x0000000080812c48                console_init_r
 .text.sbrk     0x0000000080812cd4       0x40 common/built-in.o
                0x0000000080812cd4                sbrk
 .text.mem_malloc_init
                0x0000000080812d14       0x28 common/built-in.o
                0x0000000080812d14                mem_malloc_init
 .text.malloc_trim
                0x0000000080812d3c       0x84 common/built-in.o
                0x0000000080812d3c                malloc_trim
 .text.free     0x0000000080812dc0      0x164 common/built-in.o
                0x0000000080812dc0                free
 .text.malloc   0x0000000080812f24      0x400 common/built-in.o
                0x0000000080812f24                malloc
 .text.calloc   0x0000000080813324       0xb8 common/built-in.o
                0x0000000080813324                calloc
 .text.realloc  0x00000000808133dc      0x2f0 common/built-in.o
                0x00000000808133dc                realloc
 .text.memalign
                0x00000000808136cc      0x108 common/built-in.o
                0x00000000808136cc                memalign
 .text.initf_malloc
                0x00000000808137d4       0x14 common/built-in.o
                0x00000000808137d4                initf_malloc
 .text.malloc_simple
                0x00000000808137e8       0x28 common/built-in.o
                0x00000000808137e8                malloc_simple
 .text.on_loadaddr
                0x0000000080813810       0x20 common/built-in.o
 .text.image_check_hcrc
                0x0000000080813830       0x2a common/built-in.o
                0x0000000080813830                image_check_hcrc
 .text.image_check_dcrc
                0x000000008081385a       0x22 common/built-in.o
                0x000000008081385a                image_check_dcrc
 .text.image_multi_count
                0x000000008081387c       0x12 common/built-in.o
                0x000000008081387c                image_multi_count
 .text.image_multi_getimg
                0x000000008081388e       0x4c common/built-in.o
                0x000000008081388e                image_multi_getimg
 *fill*         0x00000000808138da        0x2 
 .text.env_get_bootm_low
                0x00000000808138dc       0x20 common/built-in.o
                0x00000000808138dc                env_get_bootm_low
 .text.env_get_bootm_size
                0x00000000808138fc       0x44 common/built-in.o
                0x00000000808138fc                env_get_bootm_size
 .text.env_get_bootm_mapsize
                0x0000000080813940       0x20 common/built-in.o
                0x0000000080813940                env_get_bootm_mapsize
 .text.memmove_wd
                0x0000000080813960       0x4c common/built-in.o
                0x0000000080813960                memmove_wd
 .text.genimg_print_size
                0x00000000808139ac       0x24 common/built-in.o
                0x00000000808139ac                genimg_print_size
 .text.genimg_print_time
                0x00000000808139d0       0x2c common/built-in.o
                0x00000000808139d0                genimg_print_time
 .text.get_table_entry
                0x00000000808139fc       0x12 common/built-in.o
                0x00000000808139fc                get_table_entry
 .text.get_table_entry_name
                0x0000000080813a0e       0x12 common/built-in.o
                0x0000000080813a0e                get_table_entry_name
 .text.genimg_get_os_name
                0x0000000080813a20       0x14 common/built-in.o
                0x0000000080813a20                genimg_get_os_name
 .text.genimg_get_arch_name
                0x0000000080813a34       0x14 common/built-in.o
                0x0000000080813a34                genimg_get_arch_name
 .text.genimg_get_type_name
                0x0000000080813a48       0x14 common/built-in.o
                0x0000000080813a48                genimg_get_type_name
 .text.genimg_get_comp_name
                0x0000000080813a5c       0x14 common/built-in.o
                0x0000000080813a5c                genimg_get_comp_name
 .text.image_print_contents
                0x0000000080813a70      0x128 common/built-in.o
                0x0000000080813a70                image_print_contents
 .text.get_table_entry_id
                0x0000000080813b98       0x26 common/built-in.o
                0x0000000080813b98                get_table_entry_id
 *fill*         0x0000000080813bbe        0x2 
 .text.genimg_get_os_id
                0x0000000080813bc0       0x14 common/built-in.o
                0x0000000080813bc0                genimg_get_os_id
 .text.genimg_get_arch_id
                0x0000000080813bd4       0x14 common/built-in.o
                0x0000000080813bd4                genimg_get_arch_id
 .text.genimg_get_type_id
                0x0000000080813be8       0x14 common/built-in.o
                0x0000000080813be8                genimg_get_type_id
 .text.genimg_get_comp_id
                0x0000000080813bfc       0x14 common/built-in.o
                0x0000000080813bfc                genimg_get_comp_id
 .text.genimg_get_kernel_addr_fit
                0x0000000080813c10       0x44 common/built-in.o
                0x0000000080813c10                genimg_get_kernel_addr_fit
 .text.genimg_get_kernel_addr
                0x0000000080813c54       0x18 common/built-in.o
                0x0000000080813c54                genimg_get_kernel_addr
 .text.genimg_get_format
                0x0000000080813c6c       0x30 common/built-in.o
                0x0000000080813c6c                genimg_get_format
 .text.genimg_has_config
                0x0000000080813c9c        0xa common/built-in.o
                0x0000000080813c9c                genimg_has_config
 *fill*         0x0000000080813ca6        0x2 
 .text.boot_get_ramdisk
                0x0000000080813ca8      0x270 common/built-in.o
                0x0000000080813ca8                boot_get_ramdisk
 .text.boot_ramdisk_high
                0x0000000080813f18       0xc8 common/built-in.o
                0x0000000080813f18                boot_ramdisk_high
 .text.boot_get_setup
                0x0000000080813fe0        0x4 common/built-in.o
                0x0000000080813fe0                boot_get_setup
 .text.boot_get_loadable
                0x0000000080813fe4       0xe8 common/built-in.o
                0x0000000080813fe4                boot_get_loadable
 .text.image_setup_linux
                0x00000000808140cc       0x3e common/built-in.o
                0x00000000808140cc                image_setup_linux
 *fill*         0x000000008081410a        0x2 
 .text.android_image_get_kernel
                0x000000008081410c      0x15c common/built-in.o
                0x000000008081410c                android_image_get_kernel
 .text.android_image_check_header
                0x0000000080814268       0x10 common/built-in.o
                0x0000000080814268                android_image_check_header
 .text.android_image_get_end
                0x0000000080814278       0x78 common/built-in.o
                0x0000000080814278                android_image_get_end
 .text.android_image_get_kload
                0x00000000808142f0       0x44 common/built-in.o
                0x00000000808142f0                android_image_get_kload
 .text.android_image_get_ramdisk
                0x0000000080814334       0xa4 common/built-in.o
                0x0000000080814334                android_image_get_ramdisk
 .text.android_print_contents
                0x00000000808143d8      0x1a4 common/built-in.o
                0x00000000808143d8                android_print_contents
 .text.fdt_error
                0x000000008081457c       0x24 common/built-in.o
 .text.boot_fdt_add_mem_rsv_regions
                0x00000000808145a0       0x5c common/built-in.o
                0x00000000808145a0                boot_fdt_add_mem_rsv_regions
 .text.boot_relocate_fdt
                0x00000000808145fc      0x108 common/built-in.o
                0x00000000808145fc                boot_relocate_fdt
 .text.boot_get_fdt
                0x0000000080814704      0x254 common/built-in.o
                0x0000000080814704                boot_get_fdt
 .text.ft_verify_fdt
                0x0000000080814958        0x4 common/built-in.o
                0x0000000080814958                ft_verify_fdt
 .text.image_setup_libfdt
                0x000000008081495c       0xb0 common/built-in.o
                0x000000008081495c                image_setup_libfdt
 .text.fit_image_get_address
                0x0000000080814a0c       0x40 common/built-in.o
 .text.fit_parse_conf
                0x0000000080814a4c       0x3e common/built-in.o
                0x0000000080814a4c                fit_parse_conf
 .text.fit_parse_subimage
                0x0000000080814a8a       0x3e common/built-in.o
                0x0000000080814a8a                fit_parse_subimage
 .text.fit_get_desc
                0x0000000080814ac8       0x20 common/built-in.o
                0x0000000080814ac8                fit_get_desc
 .text.fit_get_timestamp
                0x0000000080814ae8       0x30 common/built-in.o
                0x0000000080814ae8                fit_get_timestamp
 .text.fit_image_get_node
                0x0000000080814b18       0x24 common/built-in.o
                0x0000000080814b18                fit_image_get_node
 .text.fit_image_get_os
                0x0000000080814b3c       0x28 common/built-in.o
                0x0000000080814b3c                fit_image_get_os
 .text.fit_image_get_arch
                0x0000000080814b64       0x28 common/built-in.o
                0x0000000080814b64                fit_image_get_arch
 .text.fit_image_get_type
                0x0000000080814b8c       0x28 common/built-in.o
                0x0000000080814b8c                fit_image_get_type
 .text.fit_image_get_comp
                0x0000000080814bb4       0x28 common/built-in.o
                0x0000000080814bb4                fit_image_get_comp
 .text.fit_image_get_load
                0x0000000080814bdc        0xc common/built-in.o
                0x0000000080814bdc                fit_image_get_load
 .text.fit_image_get_entry
                0x0000000080814be8        0xc common/built-in.o
                0x0000000080814be8                fit_image_get_entry
 .text.fit_image_get_data
                0x0000000080814bf4       0x28 common/built-in.o
                0x0000000080814bf4                fit_image_get_data
 .text.fit_image_hash_get_algo
                0x0000000080814c1c       0x20 common/built-in.o
                0x0000000080814c1c                fit_image_hash_get_algo
 .text.fit_image_hash_get_value
                0x0000000080814c3c       0x28 common/built-in.o
                0x0000000080814c3c                fit_image_hash_get_value
 .text.fit_image_print_data
                0x0000000080814c64      0x104 common/built-in.o
 .text.fit_image_print
                0x0000000080814d68      0x280 common/built-in.o
                0x0000000080814d68                fit_image_print
 .text.fit_get_end
                0x0000000080814fe8        0x8 common/built-in.o
                0x0000000080814fe8                fit_get_end
 .text.calculate_hash
                0x0000000080814ff0       0xa8 common/built-in.o
                0x0000000080814ff0                calculate_hash
 .text.fit_image_verify
                0x0000000080815098      0x154 common/built-in.o
                0x0000000080815098                fit_image_verify
 .text.fit_all_image_verify
                0x00000000808151ec       0xa8 common/built-in.o
                0x00000000808151ec                fit_all_image_verify
 .text.fit_image_check_os
                0x0000000080815294       0x20 common/built-in.o
                0x0000000080815294                fit_image_check_os
 .text.fit_image_check_arch
                0x00000000808152b4       0x2c common/built-in.o
                0x00000000808152b4                fit_image_check_arch
 .text.fit_image_check_type
                0x00000000808152e0       0x20 common/built-in.o
                0x00000000808152e0                fit_image_check_type
 .text.fit_image_check_comp
                0x0000000080815300       0x20 common/built-in.o
                0x0000000080815300                fit_image_check_comp
 .text.fit_check_format
                0x0000000080815320       0x40 common/built-in.o
                0x0000000080815320                fit_check_format
 .text.fit_conf_get_node
                0x0000000080815360       0x7c common/built-in.o
                0x0000000080815360                fit_conf_get_node
 .text.fit_conf_get_prop_node_index
                0x00000000808153dc       0x20 common/built-in.o
                0x00000000808153dc                fit_conf_get_prop_node_index
 .text.fit_conf_get_prop_node
                0x00000000808153fc        0x6 common/built-in.o
                0x00000000808153fc                fit_conf_get_prop_node
 *fill*         0x0000000080815402        0x2 
 .text.fit_conf_print
                0x0000000080815404      0x138 common/built-in.o
                0x0000000080815404                fit_conf_print
 .text.fit_print_contents
                0x000000008081553c      0x178 common/built-in.o
                0x000000008081553c                fit_print_contents
 .text.fit_get_node_from_config
                0x00000000808156b4       0x2a common/built-in.o
                0x00000000808156b4                fit_get_node_from_config
 *fill*         0x00000000808156de        0x2 
 .text.fit_image_load
                0x00000000808156e0      0x3cc common/built-in.o
                0x00000000808156e0                fit_image_load
 .text.boot_get_setup_fit
                0x0000000080815aac       0x40 common/built-in.o
                0x0000000080815aac                boot_get_setup_fit
 .text.boot_get_fdt_fit
                0x0000000080815aec      0x1c8 common/built-in.o
                0x0000000080815aec                boot_get_fdt_fit
 .text.get_ram_size
                0x0000000080815cb4       0x8a common/built-in.o
                0x0000000080815cb4                get_ram_size
 .text.get_effective_memsize
                0x0000000080815d3e        0x6 common/built-in.o
                0x0000000080815d3e                get_effective_memsize
 .text.stdio_serial_tstc
                0x0000000080815d44        0x4 common/built-in.o
 .text.stdio_serial_getc
                0x0000000080815d48        0x4 common/built-in.o
 .text.stdio_serial_puts
                0x0000000080815d4c        0x6 common/built-in.o
 .text.stdio_serial_putc
                0x0000000080815d52        0x6 common/built-in.o
 .text.stdio_get_list
                0x0000000080815d58        0x8 common/built-in.o
                0x0000000080815d58                stdio_get_list
 .text.stdio_get_by_name
                0x0000000080815d60       0x30 common/built-in.o
                0x0000000080815d60                stdio_get_by_name
 .text.stdio_clone
                0x0000000080815d90       0x22 common/built-in.o
                0x0000000080815d90                stdio_clone
 *fill*         0x0000000080815db2        0x2 
 .text.stdio_register_dev
                0x0000000080815db4       0x30 common/built-in.o
                0x0000000080815db4                stdio_register_dev
 .text.stdio_register
                0x0000000080815de4        0x6 common/built-in.o
                0x0000000080815de4                stdio_register
 *fill*         0x0000000080815dea        0x2 
 .text.stdio_init_tables
                0x0000000080815dec       0x14 common/built-in.o
                0x0000000080815dec                stdio_init_tables
 .text.stdio_add_devices
                0x0000000080815e00       0x50 common/built-in.o
                0x0000000080815e00                stdio_add_devices
 .text.run_command
                0x0000000080815e50        0xe common/built-in.o
                0x0000000080815e50                run_command
 .text.run_command_list
                0x0000000080815e5e       0x48 common/built-in.o
                0x0000000080815e5e                run_command_list
 *fill*         0x0000000080815ea6        0x2 
 .text.do_run   0x0000000080815ea8       0x50 common/built-in.o
                0x0000000080815ea8                do_run
 .text.cli_process_fdt
                0x0000000080815ef8       0x30 common/built-in.o
                0x0000000080815ef8                cli_process_fdt
 .text.cli_secure_boot_cmd
                0x0000000080815f28       0x4c common/built-in.o
                0x0000000080815f28                cli_secure_boot_cmd
 .text.cli_loop
                0x0000000080815f74        0x8 common/built-in.o
                0x0000000080815f74                cli_loop
 .text.cli_init
                0x0000000080815f7c        0x4 common/built-in.o
                0x0000000080815f7c                cli_init
 .text.run_usb_dnl_gadget
                0x0000000080815f80       0xc4 common/built-in.o
                0x0000000080815f80                run_usb_dnl_gadget
 .text.find_cmd_tbl
                0x0000000080816044       0x5e common/built-in.o
                0x0000000080816044                find_cmd_tbl
 *fill*         0x00000000808160a2        0x2 
 .text.find_cmd
                0x00000000808160a4       0x1c common/built-in.o
                0x00000000808160a4                find_cmd
 .text.cmd_usage
                0x00000000808160c0       0x3c common/built-in.o
                0x00000000808160c0                cmd_usage
 .text._do_help
                0x00000000808160fc      0x108 common/built-in.o
                0x00000000808160fc                _do_help
 .text.var_complete
                0x0000000080816204       0x48 common/built-in.o
                0x0000000080816204                var_complete
 .text.cmd_auto_complete
                0x000000008081624c      0x2fc common/built-in.o
                0x000000008081624c                cmd_auto_complete
 .text.cmd_get_data_size
                0x0000000080816548       0x34 common/built-in.o
                0x0000000080816548                cmd_get_data_size
 .text.cmd_process
                0x000000008081657c       0x94 common/built-in.o
                0x000000008081657c                cmd_process
 .text.cmd_process_error
                0x0000000080816610       0x18 common/built-in.o
                0x0000000080816610                cmd_process_error
 .text.hex1_bin
                0x0000000080816628       0x2a common/built-in.o
 .text.hex2_bin
                0x0000000080816652       0x24 common/built-in.o
 .text.srec_decode
                0x0000000080816676      0x180 common/built-in.o
                0x0000000080816676                srec_decode
 .text.CYGACC_COMM_IF_GETC_TIMEOUT.isra.0
                0x00000000808167f6       0x2e common/built-in.o
 .text.xyzModem_flush
                0x0000000080816824       0x14 common/built-in.o
 .text.xyzModem_get_hdr
                0x0000000080816838      0x174 common/built-in.o
 .text.xyzModem_stream_open
                0x00000000808169ac      0x170 common/built-in.o
                0x00000000808169ac                xyzModem_stream_open
 .text.xyzModem_stream_read
                0x0000000080816b1c      0x1b4 common/built-in.o
                0x0000000080816b1c                xyzModem_stream_read
 .text.xyzModem_stream_close
                0x0000000080816cd0       0x40 common/built-in.o
                0x0000000080816cd0                xyzModem_stream_close
 .text.xyzModem_stream_terminate
                0x0000000080816d10       0x68 common/built-in.o
                0x0000000080816d10                xyzModem_stream_terminate
 .text.xyzModem_error
                0x0000000080816d78       0x18 common/built-in.o
                0x0000000080816d78                xyzModem_error
 .text.blk_get_dev
                0x0000000080816d90       0x1c disk/built-in.o
                0x0000000080816d90                blk_get_dev
 .text.dev_print
                0x0000000080816dac      0x170 disk/built-in.o
                0x0000000080816dac                dev_print
 .text.part_init
                0x0000000080816f1c       0x2c disk/built-in.o
                0x0000000080816f1c                part_init
 .text.part_print
                0x0000000080816f48       0xe8 disk/built-in.o
                0x0000000080816f48                part_print
 .text.part_get_info
                0x0000000080817030       0x44 disk/built-in.o
                0x0000000080817030                part_get_info
 .text.part_get_info_whole_disk
                0x0000000080817074       0x38 disk/built-in.o
                0x0000000080817074                part_get_info_whole_disk
 .text.blk_get_device_by_str
                0x00000000808170ac       0xcc disk/built-in.o
                0x00000000808170ac                blk_get_device_by_str
 .text.blk_get_device_part_str
                0x0000000080817178      0x244 disk/built-in.o
                0x0000000080817178                blk_get_device_part_str
 .text.part_set_generic_name
                0x00000000808173bc       0x34 disk/built-in.o
                0x00000000808173bc                part_set_generic_name
 .text.test_block_type
                0x00000000808173f0       0x50 disk/built-in.o
 .text.print_partition_extended
                0x0000000080817440      0x1b8 disk/built-in.o
 .text.part_print_dos
                0x00000000808175f8       0x20 disk/built-in.o
                0x00000000808175f8                part_print_dos
 .text.part_test_dos
                0x0000000080817618       0x4e disk/built-in.o
 *fill*         0x0000000080817666        0x2 
 .text.part_get_info_extended
                0x0000000080817668      0x1ec disk/built-in.o
 .text.part_get_info_dos
                0x0000000080817854       0x16 disk/built-in.o
                0x0000000080817854                part_get_info_dos
 .text.iso_dread
                0x000000008081786a       0x22 disk/built-in.o
                0x000000008081786a                iso_dread
 .text.part_get_info_iso_verb
                0x000000008081788c      0x254 disk/built-in.o
                0x000000008081788c                part_get_info_iso_verb
 .text.part_test_iso
                0x0000000080817ae0       0x14 disk/built-in.o
 .text.part_print_iso
                0x0000000080817af4       0x60 disk/built-in.o
 .text.part_get_info_iso
                0x0000000080817b54        0x6 disk/built-in.o
 *fill*         0x0000000080817b5a        0x2 
 .text.print_efiname
                0x0000000080817b5c       0x38 disk/built-in.o
 .text.part_test_efi
                0x0000000080817b94       0x76 disk/built-in.o
 *fill*         0x0000000080817c0a        0x2 
 .text.set_protective_mbr
                0x0000000080817c0c       0x98 disk/built-in.o
 .text.validate_gpt_entries
                0x0000000080817ca4       0x80 disk/built-in.o
 *fill*         0x0000000080817d24        0x4 
 .text.validate_gpt_header
                0x0000000080817d28      0x1a0 disk/built-in.o
 .text.is_gpt_valid
                0x0000000080817ec8      0x1b0 disk/built-in.o
 .text.is_pte_valid
                0x0000000080818078       0x38 disk/built-in.o
 .text.part_print_efi
                0x00000000808180b0      0x1f8 disk/built-in.o
                0x00000000808180b0                part_print_efi
 .text.part_get_info_efi
                0x00000000808182a8      0x174 disk/built-in.o
                0x00000000808182a8                part_get_info_efi
 .text.get_disk_guid
                0x000000008081841c       0xa4 disk/built-in.o
                0x000000008081841c                get_disk_guid
 .text.write_gpt_table
                0x00000000808184c0      0x2d4 disk/built-in.o
                0x00000000808184c0                write_gpt_table
 .text.gpt_fill_pte
                0x0000000080818794      0x290 disk/built-in.o
                0x0000000080818794                gpt_fill_pte
 .text.gpt_fill_header
                0x0000000080818a24      0x1a8 disk/built-in.o
                0x0000000080818a24                gpt_fill_header
 .text.gpt_restore
                0x0000000080818bcc       0xc8 disk/built-in.o
                0x0000000080818bcc                gpt_restore
 .text.gpt_verify_headers
                0x0000000080818c94       0x54 disk/built-in.o
                0x0000000080818c94                gpt_verify_headers
 .text.gpt_verify_partitions
                0x0000000080818ce8      0x198 disk/built-in.o
                0x0000000080818ce8                gpt_verify_partitions
 .text.device_bind_common.isra.0
                0x0000000080818e80      0x1fc drivers/built-in.o
 .text.alloc_priv
                0x000000008081907c       0x38 drivers/built-in.o
 .text.device_bind_with_driver_data
                0x00000000808190b4       0x16 drivers/built-in.o
                0x00000000808190b4                device_bind_with_driver_data
 .text.device_bind
                0x00000000808190ca       0x16 drivers/built-in.o
                0x00000000808190ca                device_bind
 .text.device_bind_by_name
                0x00000000808190e0       0x44 drivers/built-in.o
                0x00000000808190e0                device_bind_by_name
 .text.device_probe
                0x0000000080819124      0x140 drivers/built-in.o
                0x0000000080819124                device_probe
 .text.dev_get_platdata
                0x0000000080819264       0x20 drivers/built-in.o
                0x0000000080819264                dev_get_platdata
 .text.dev_get_parent_platdata
                0x0000000080819284       0x20 drivers/built-in.o
                0x0000000080819284                dev_get_parent_platdata
 .text.dev_get_uclass_platdata
                0x00000000808192a4       0x20 drivers/built-in.o
                0x00000000808192a4                dev_get_uclass_platdata
 .text.dev_get_priv
                0x00000000808192c4       0x20 drivers/built-in.o
                0x00000000808192c4                dev_get_priv
 .text.dev_get_uclass_priv
                0x00000000808192e4       0x20 drivers/built-in.o
                0x00000000808192e4                dev_get_uclass_priv
 .text.dev_get_parent_priv
                0x0000000080819304       0x20 drivers/built-in.o
                0x0000000080819304                dev_get_parent_priv
 .text.device_find_first_child
                0x0000000080819324       0x14 drivers/built-in.o
                0x0000000080819324                device_find_first_child
 .text.device_find_next_child
                0x0000000080819338       0x16 drivers/built-in.o
                0x0000000080819338                device_find_next_child
 .text.dev_get_parent
                0x000000008081934e        0x4 drivers/built-in.o
                0x000000008081934e                dev_get_parent
 .text.dev_get_driver_data
                0x0000000080819352        0x4 drivers/built-in.o
                0x0000000080819352                dev_get_driver_data
 .text.device_get_uclass_id
                0x0000000080819356        0x8 drivers/built-in.o
                0x0000000080819356                device_get_uclass_id
 .text.device_has_active_children
                0x000000008081935e       0x24 drivers/built-in.o
                0x000000008081935e                device_has_active_children
 .text.device_is_last_sibling
                0x0000000080819382       0x14 drivers/built-in.o
                0x0000000080819382                device_is_last_sibling
 .text.device_is_compatible
                0x0000000080819396       0x18 drivers/built-in.o
                0x0000000080819396                device_is_compatible
 .text.of_machine_is_compatible
                0x00000000808193ae       0x18 drivers/built-in.o
                0x00000000808193ae                of_machine_is_compatible
 *fill*         0x00000000808193c6        0x2 
 .text.devfdt_get_addr_index
                0x00000000808193c8       0x70 drivers/built-in.o
                0x00000000808193c8                devfdt_get_addr_index
 .text.devfdt_get_addr
                0x0000000080819438        0x6 drivers/built-in.o
                0x0000000080819438                devfdt_get_addr
 *fill*         0x000000008081943e        0x2 
 .text.lists_driver_lookup_name
                0x0000000080819440       0x2c drivers/built-in.o
                0x0000000080819440                lists_driver_lookup_name
 .text.lists_uclass_lookup
                0x000000008081946c       0x20 drivers/built-in.o
                0x000000008081946c                lists_uclass_lookup
 .text.lists_bind_drivers
                0x000000008081948c       0x58 drivers/built-in.o
                0x000000008081948c                lists_bind_drivers
 .text.device_bind_driver_to_node
                0x00000000808194e4       0x2c drivers/built-in.o
                0x00000000808194e4                device_bind_driver_to_node
 .text.device_bind_driver
                0x0000000080819510       0x12 drivers/built-in.o
                0x0000000080819510                device_bind_driver
 *fill*         0x0000000080819522        0x2 
 .text.lists_bind_fdt
                0x0000000080819524       0xdc drivers/built-in.o