omap_gpmc.c:58:13:omap_nand_hwcontrol	8	static
omap_gpmc.c:86:12:omap_dev_ready	0	static
omap_gpmc.c:178:13:omap_enable_hwecc	20	static
omap_gpmc.c:262:12:omap_calculate_ecc	20	static
omap_gpmc.c:469:13:omap_reverse_list	8	static
omap_gpmc.c:584:12:omap_read_page_bch	80	static
omap_gpmc.c:492:12:omap_correct_data_bch	104	static
omap_gpmc.c:429:13:omap_nand_read_prefetch	32	static
omap_gpmc.c:121:27:omap_correct_data	16	static
omap_gpmc.c:894:20:omap_nand_switch_ecc	40	static
omap_gpmc.c:963:5:board_nand_init	24	static
