ether.c:1219:13:rndis_response_complete	0	static
ether.c:1631:13:tx_complete	0	static
ether.c:1819:13:eth_resume	0	static
ether.c:2636:12:usb_eth_recv	16	static
ether.c:1562:13:rx_complete	16	static
ether.c:2629:12:usb_eth_send	32	static
ether.c:1228:13:rndis_command_complete	8	static
ether.c:1773:13:eth_unbind	16	static
ether.c:1838:13:rndis_control_ack_complete	16	static
ether.c:1867:12:rndis_control_ack	16	static
ether.c:1980:11:nibble	0	static
ether.c:1990:12:get_ether_addr	32	static
ether.c:2010:12:eth_bind	72	static
ether.c:2679:12:usb_eth_probe	16	static
ether.c:1012:13:eth_reset_config	8	static
ether.c:1808:13:eth_disconnect	0	static
ether.c:935:1:set_ether_config.isra.5	16	static
ether.c:1952:12:is_eth_addr_valid.part.7	32	static
ether.c:1515:12:rx_submit.constprop	16	static
ether.c:2661:12:usb_eth_free_pkt	8	static
ether.c:1251:1:eth_setup	48	static
ether.c:1210:13:eth_setup_complete	0	static
ether.c:1814:13:eth_suspend	0	static
ether.c:2346:5:dm_usb_init	16	static
ether.c:2622:12:usb_eth_start	32	static
ether.c:2519:6:_usb_eth_halt	8	static
ether.c:2672:13:usb_eth_stop	8	static
ether.c:2701:5:usb_ether_init	16	static
