f_fastboot.c:457:21:rx_bytes_expected	16	static
f_fastboot.c:246:28:fastboot_start_ep	16	static
f_fastboot.c:222:13:fastboot_unbind	0	static
f_fastboot.c:317:12:fastboot_add	16	static
f_fastboot.c:227:13:fastboot_disable	8	static
f_fastboot.c:265:12:fastboot_set_alt	16	static
f_fastboot.c:168:13:fastboot_complete	0	static
f_fastboot.c:577:13:do_exit_on_complete	0	static
f_fastboot.c:557:13:do_bootm_on_complete	32	static
f_fastboot.c:371:13:compl_do_reset	0	static
f_fastboot.c:394:12:strcmp_l1	16	static
f_fastboot.c:366:12:fastboot_tx_write_str	24	static
f_fastboot.c:704:13:rx_handler_command	32	static
f_fastboot.c:618:13:cb_oem	8	static
f_fastboot.c:582:13:cb_continue	0	static
f_fastboot.c:571:13:cb_boot	0	static
f_fastboot.c:533:13:cb_download	96	static
f_fastboot.c:482:13:rx_handler_dl_image	96	static
f_fastboot.c:401:13:cb_getvar	104	static
f_fastboot.c:176:12:fastboot_bind	24	static
f_fastboot.c:156:6:fastboot_fail	8	static
f_fastboot.c:162:6:fastboot_okay	8	static
f_fastboot.c:376:12:fb_set_reboot_flag	0	static
f_fastboot.c:381:13:cb_reboot	8	static
