composite.c:247:12:count_configs	12	static
composite.c:484:13:collect_langs	16	static
composite.c:685:13:composite_setup_complete	0	static
composite.c:1012:1:composite_suspend	16	static
composite.c:1031:1:composite_resume	16	static
g_dnl.c:93:12:g_dnl_unbind	8	static
composite.c:503:12:lookup_string	24	static
composite.c:919:13:composite_unbind	24	static
composite.c:966:12:composite_bind	24	static
g_dnl.c:116:12:g_dnl_do_config	24	static
composite.c:291:13:reset_config.isra.0	16	static
composite.c:909:13:composite_disconnect	8	static
composite.c:700:1:composite_setup	48	static
composite.c:32:5:usb_add_function	16	static
composite.c:87:5:usb_function_deactivate	8	static
composite.c:110:5:usb_function_activate	0	static
composite.c:149:5:usb_interface_id	0	static
composite.c:416:5:usb_add_config	24	static
composite.c:610:5:usb_string_id	0	static
composite.c:640:5:usb_string_ids_tab	0	static
composite.c:674:5:usb_string_ids_n	0	static
composite.c:1078:5:usb_composite_register	8	static
composite.c:1103:6:usb_composite_unregister	8	static
g_dnl.c:51:6:g_dnl_set_serialnumber	16	static
g_dnl.c:212:12:on_serialno	8	static
g_dnl.c:151:5:board_usb_init	0	static
g_dnl.c:157:5:board_usb_cleanup	0	static
g_dnl.c:163:5:g_dnl_bind_fixup	0	static
g_dnl.c:168:12:g_dnl_get_board_bcd_device_number	0	static
g_dnl.c:220:12:g_dnl_bind	24	static
g_dnl.c:173:12:g_dnl_board_usb_cable_connected	0	static
g_dnl.c:180:6:g_dnl_detach	0	static
g_dnl.c:185:6:g_dnl_trigger_detach	0	static
g_dnl.c:190:6:g_dnl_clear_detach	0	static
g_dnl.c:291:5:g_dnl_register	8	static
g_dnl.c:306:6:g_dnl_unregister	0	static
