dfu.c:139:12:dfu_write_buffer_drain	32	static
dfu.c:36:13:dfu_usb_get_reset	0	static
dfu.c:85:16:dfu_free_buf	8	static
dfu.c:92:15:dfu_get_buf_size	0	static
dfu.c:97:16:dfu_get_buf	24	static
dfu.c:168:6:dfu_transaction_cleanup	24	static
dfu.c:184:5:dfu_transaction_initiate	16	static
dfu.c:210:5:dfu_flush	16	static
dfu.c:230:5:dfu_write	24	static
dfu.c:349:5:dfu_read	48	static
dfu.c:422:6:dfu_free_entities	24	static
dfu.c:440:5:dfu_config_entities	48	static
dfu.c:56:5:dfu_init_env_entities	16	static
dfu.c:477:13:dfu_get_dev_type	40	static
dfu.c:483:13:dfu_get_layout	48	static
dfu.c:490:6:dfu_show_entities	32	static
dfu.c:503:5:dfu_get_alt_number	0	static
dfu.c:508:20:dfu_get_entity	8	static
dfu.c:520:5:dfu_get_alt	24	static
dfu.c:557:5:dfu_write_from_mem_addr	32	static
