cpsw.c:1175:13:cpsw_gmii_sel_am3352	20	static
cpsw.c:1144:13:cpsw_eth_stop	8	static
cpsw.c:1291:12:cpsw_eth_ofdata_to_platdata	72	static
cpsw.c:338:12:cpsw_ale_read.isra.0	0	static
cpsw.c:381:12:cpsw_ale_match_free	32	static
cpsw.c:395:12:cpsw_ale_find_ageable	32	static
cpsw.c:362:12:cpsw_ale_match_addr	40	static
cpsw.c:350:12:cpsw_ale_write.isra.1	0	static
cpsw.c:527:12:cpsw_mdio_read	24	static
cpsw.c:546:12:cpsw_mdio_write	24	static
cpsw.c:722:12:cpdma_submit	12	static
cpsw.c:1136:12:cpsw_eth_free_pkt	8	static
cpsw.c:767:12:cpdma_process	16	static
cpsw.c:1129:12:cpsw_eth_recv	16	static
cpsw.c:1122:12:cpsw_eth_send	32	static
cpsw.c:440:12:cpsw_ale_add_mcast.constprop	40	static
cpsw.c:1114:12:cpsw_eth_start	48	static
cpsw.c:1003:5:_cpsw_register	24	static
cpsw.c:1152:12:cpsw_eth_probe	8	static
