Archive member included to satisfy reference by file (symbol)

arch/arm/lib/lib.a(ashldi3.o)
                              lib/built-in.o (__aeabi_llsl)
arch/arm/lib/lib.a(ashrdi3.o)
                              drivers/built-in.o (__aeabi_lasr)
arch/arm/lib/lib.a(lib1funcs.o)
                              arch/arm/mach-omap2/built-in.o (__aeabi_uidiv)
arch/arm/lib/lib.a(lshrdi3.o)
                              lib/built-in.o (__aeabi_llsr)
arch/arm/lib/lib.a(div0.o)    arch/arm/lib/lib.a(lib1funcs.o) (__div0)

Discarded input sections

 .data          0x0000000000000000        0x0 arch/arm/cpu/armv7/start.o
 .bss           0x0000000000000000        0x0 arch/arm/cpu/armv7/start.o
 .text.get_dpll_mpu_params
                0x0000000000000000        0x8 arch/arm/mach-omap2/built-in.o
 .text.set_mpu_spreadspectrum
                0x0000000000000000       0xc4 arch/arm/mach-omap2/built-in.o
 .text.do_disable_clocks
                0x0000000000000000       0x70 arch/arm/mach-omap2/built-in.o
 .text.scale_vcores
                0x0000000000000000        0x2 arch/arm/mach-omap2/built-in.o
 .text.get_cpu_rev
                0x0000000000000000       0x10 arch/arm/mach-omap2/built-in.o
 .text.get_cpu_type
                0x0000000000000000       0x14 arch/arm/mach-omap2/built-in.o
 .text.get_sysboot_value
                0x0000000000000000       0x14 arch/arm/mach-omap2/built-in.o
 .text.print_cpuinfo
                0x0000000000000000       0x90 arch/arm/mach-omap2/built-in.o
 .text.am335x_get_mpu_vdd
                0x0000000000000000       0x20 arch/arm/mach-omap2/built-in.o
 .text.dram_init
                0x0000000000000000       0x1a arch/arm/mach-omap2/built-in.o
 .text.cpu_mmc_init
                0x0000000000000000       0x28 arch/arm/mach-omap2/built-in.o
 .text.arch_cpu_init_dm
                0x0000000000000000        0xe arch/arm/mach-omap2/built-in.o
 .text.set_uart_mux_conf
                0x0000000000000000        0x2 arch/arm/mach-omap2/built-in.o
 .text.set_mux_conf_regs
                0x0000000000000000        0x2 arch/arm/mach-omap2/built-in.o
 .text.ft_cpu_setup
                0x0000000000000000        0x2 arch/arm/mach-omap2/built-in.o
 .text.clk_synthesizer_reg_write
                0x0000000000000000       0x38 arch/arm/mach-omap2/built-in.o
 .text.setup_clock_synthesizer
                0x0000000000000000       0x94 arch/arm/mach-omap2/built-in.o
 .text.warm_reset
                0x0000000000000000       0x1c arch/arm/mach-omap2/built-in.o
 .text.setup_warmreset_time
                0x0000000000000000        0x2 arch/arm/mach-omap2/built-in.o
 .text.get_ticks
                0x0000000000000000        0xa arch/arm/mach-omap2/built-in.o
 .text.get_tbclk
                0x0000000000000000        0x6 arch/arm/mach-omap2/built-in.o
 .text.do_cancel_out
                0x0000000000000000       0x44 arch/arm/mach-omap2/built-in.o
 .text.cancel_out
                0x0000000000000000       0x62 arch/arm/mach-omap2/built-in.o
 .text.omap_die_id
                0x0000000000000000        0xc arch/arm/mach-omap2/built-in.o
 .text.omap_die_id_serial
                0x0000000000000000       0x4c arch/arm/mach-omap2/built-in.o
 .text.omap_die_id_get_board_serial
                0x0000000000000000       0x24 arch/arm/mach-omap2/built-in.o
 .text.omap_die_id_usbethaddr
                0x0000000000000000       0x58 arch/arm/mach-omap2/built-in.o
 .text.omap_die_id_display
                0x0000000000000000       0x2c arch/arm/mach-omap2/built-in.o
 .text.get_device_type
                0x0000000000000000       0x18 arch/arm/mach-omap2/built-in.o
 .text.enable_caches
                0x0000000000000000        0x4 arch/arm/mach-omap2/built-in.o
 .text.dram_bank_mmu_setup
                0x0000000000000000       0x26 arch/arm/mach-omap2/built-in.o
 .text.arm_init_domains
                0x0000000000000000       0x16 arch/arm/mach-omap2/built-in.o
 .text.fb_set_reboot_flag
                0x0000000000000000       0x24 arch/arm/mach-omap2/built-in.o
 .rodata.cmdpll
                0x0000000000000000        0x4 arch/arm/mach-omap2/built-in.o
 .rodata.cmper  0x0000000000000000        0x4 arch/arm/mach-omap2/built-in.o
 .rodata.cmrtc  0x0000000000000000        0x4 arch/arm/mach-omap2/built-in.o
 .rodata.dpll_core_opp100
                0x0000000000000000       0x10 arch/arm/mach-omap2/built-in.o
 .rodata.set_mpu_spreadspectrum.str1.1
                0x0000000000000000       0x31 arch/arm/mach-omap2/built-in.o
 .rodata.do_disable_clocks.str1.1
                0x0000000000000000       0x2b arch/arm/mach-omap2/built-in.o
 .rodata.CSWTCH.12
                0x0000000000000000       0x4c arch/arm/mach-omap2/built-in.o
 .rodata.dev_types
                0x0000000000000000       0x10 arch/arm/mach-omap2/built-in.o
 .rodata.print_cpuinfo.str1.1
                0x0000000000000000       0x3d arch/arm/mach-omap2/built-in.o
 .rodata.clk_synthesizer_reg_write.str1.1
[...]
Memory Configuration

Name             Origin             Length             Attributes
.sram            0x00000000402f0400 0x000000000001b000
.sdram           0x0000000080a00000 0x0000000000080000
*default*        0x0000000000000000 0xffffffffffffffff

Linker script and memory map


.text           0x00000000402f0400     0xef10
                0x00000000402f0400                __start = .
 *(.vectors)
 .vectors       0x00000000402f0400       0x44 arch/arm/lib/built-in.o
                0x00000000402f0400                _start
                0x00000000402f0420                _undefined_instruction
                0x00000000402f0424                _software_interrupt
                0x00000000402f0428                _prefetch_abort
                0x00000000402f042c                _data_abort
                0x00000000402f0430                _not_used
                0x00000000402f0434                _irq
                0x00000000402f0438                _fiq
 arch/arm/cpu/armv7/start.o(.text*)
 .text          0x00000000402f0444       0xb0 arch/arm/cpu/armv7/start.o
                0x00000000402f0444                reset
                0x00000000402f0448                save_boot_params_ret
                0x00000000402f0484                c_runtime_cpu_setup
                0x00000000402f0498                cpu_init_cp15
                0x00000000402f04ec                cpu_init_crit
 *(.text*)
 .text          0x00000000402f04f4       0x60 arch/arm/mach-omap2/built-in.o
                0x00000000402f04f4                save_boot_params
                0x00000000402f0500                omap_smc1
                0x00000000402f051c                omap_smc_sec
 .text.get_dpll_core_params
                0x00000000402f0554       0x14 arch/arm/mach-omap2/built-in.o
                0x00000000402f0554                get_dpll_core_params
 .text.get_dpll_per_params
                0x00000000402f0568       0x14 arch/arm/mach-omap2/built-in.o
                0x00000000402f0568                get_dpll_per_params
 .text.setup_clocks_for_console
                0x00000000402f057c       0x78 arch/arm/mach-omap2/built-in.o
                0x00000000402f057c                setup_clocks_for_console
 .text.enable_basic_clocks
                0x00000000402f05f4       0x44 arch/arm/mach-omap2/built-in.o
                0x00000000402f05f4                enable_basic_clocks
 .text.do_setup_dpll
                0x00000000402f0638       0xe0 arch/arm/mach-omap2/built-in.o
                0x00000000402f0638                do_setup_dpll
 .text.do_enable_clocks
                0x00000000402f0718       0x64 arch/arm/mach-omap2/built-in.o
                0x00000000402f0718                do_enable_clocks
 .text.setup_early_clocks
                0x00000000402f077c       0x12 arch/arm/mach-omap2/built-in.o
                0x00000000402f077c                setup_early_clocks
 *fill*         0x00000000402f078e        0x2 
 .text.prcm_init
                0x00000000402f0790       0x5c arch/arm/mach-omap2/built-in.o
                0x00000000402f0790                prcm_init
 .text.get_sys_clk_index
                0x00000000402f07ec       0x14 arch/arm/mach-omap2/built-in.o
                0x00000000402f07ec                get_sys_clk_index
 .text.am335x_get_efuse_mpu_max_freq
                0x00000000402f0800       0x7c arch/arm/mach-omap2/built-in.o
                0x00000000402f0800                am335x_get_efuse_mpu_max_freq
 .text.am335x_get_tps65910_mpu_vdd
                0x00000000402f087c       0x34 arch/arm/mach-omap2/built-in.o
                0x00000000402f087c                am335x_get_tps65910_mpu_vdd
 .text.configure_mr
                0x00000000402f08b0       0x88 arch/arm/mach-omap2/built-in.o
 .text.config_sdram_emif4d5
                0x00000000402f0938      0x160 arch/arm/mach-omap2/built-in.o
                0x00000000402f0938                config_sdram_emif4d5
 .text.config_sdram
                0x00000000402f0a98       0x80 arch/arm/mach-omap2/built-in.o
                0x00000000402f0a98                config_sdram
 .text.set_sdram_timings
                0x00000000402f0b18       0x3c arch/arm/mach-omap2/built-in.o
                0x00000000402f0b18                set_sdram_timings
 .text.config_ddr_phy
                0x00000000402f0b54      0x1ac arch/arm/mach-omap2/built-in.o
                0x00000000402f0b54                config_ddr_phy
 .text.config_cmd_ctrl
                0x00000000402f0d00       0x44 arch/arm/mach-omap2/built-in.o
                0x00000000402f0d00                config_cmd_ctrl
 .text.config_ddr_data
                0x00000000402f0d44       0x4c arch/arm/mach-omap2/built-in.o
                0x00000000402f0d44                config_ddr_data
 .text.config_io_ctrl
                0x00000000402f0d90       0x34 arch/arm/mach-omap2/built-in.o
                0x00000000402f0d90                config_io_ctrl
 .text.ddr_pll_config
                0x00000000402f0dc4        0x2 arch/arm/mach-omap2/built-in.o
                0x00000000402f0dc4                ddr_pll_config
 *fill*         0x00000000402f0dc6        0x2 
 .text.config_ddr
                0x00000000402f0dc8       0xb4 arch/arm/mach-omap2/built-in.o
                0x00000000402f0dc8                config_ddr
 .text.am33xx_otg0_set_phy_power
                0x00000000402f0e7c       0x20 arch/arm/mach-omap2/built-in.o
 .text.am33xx_otg1_set_phy_power
                0x00000000402f0e9c       0x20 arch/arm/mach-omap2/built-in.o
 .text.dram_init_banksize
                0x00000000402f0ebc       0x18 arch/arm/mach-omap2/built-in.o
                0x00000000402f0ebc                dram_init_banksize
 .text.arch_misc_init
                0x00000000402f0ed4       0x34 arch/arm/mach-omap2/built-in.o
                0x00000000402f0ed4                arch_misc_init
 .text.board_early_init_f
                0x00000000402f0f08        0xe arch/arm/mach-omap2/built-in.o
                0x00000000402f0f08                board_early_init_f
 .text.am33xx_spl_board_init
                0x00000000402f0f16        0x2 arch/arm/mach-omap2/built-in.o
                0x00000000402f0f16                am33xx_spl_board_init
 .text.s_init   0x00000000402f0f18        0x2 arch/arm/mach-omap2/built-in.o
                0x00000000402f0f18                s_init
 *fill*         0x00000000402f0f1a        0x2 
 .text.early_system_init
                0x00000000402f0f1c       0x98 arch/arm/mach-omap2/built-in.o
                0x00000000402f0f1c                early_system_init
 .text.board_init_f
                0x00000000402f0fb4       0x24 arch/arm/mach-omap2/built-in.o
                0x00000000402f0fb4                board_init_f
 .text.configure_module_pin_mux
                0x00000000402f0fd8       0x20 arch/arm/mach-omap2/built-in.o
                0x00000000402f0fd8                configure_module_pin_mux
 .text.hw_data_init
                0x00000000402f0ff8       0x14 arch/arm/mach-omap2/built-in.o
                0x00000000402f0ff8                hw_data_init
 .text.reset_cpu
                0x00000000402f100c       0x10 arch/arm/mach-omap2/built-in.o
                0x00000000402f100c                reset_cpu
 .text.timer_init
                0x00000000402f101c       0x18 arch/arm/mach-omap2/built-in.o
                0x00000000402f101c                timer_init
 .text.__udelay
                0x00000000402f1034       0x34 arch/arm/mach-omap2/built-in.o
                0x00000000402f1034                __udelay
 .text.get_timer_masked
                0x00000000402f1068       0x54 arch/arm/mach-omap2/built-in.o
                0x00000000402f1068                get_timer_masked
 .text.get_timer
                0x00000000402f10bc        0xc arch/arm/mach-omap2/built-in.o
                0x00000000402f10bc                get_timer
 .text.omap_sys_boot_device
                0x00000000402f10c8        0x4 arch/arm/mach-omap2/built-in.o
                0x00000000402f10c8                omap_sys_boot_device
 .text.save_omap_boot_params
                0x00000000402f10cc       0x78 arch/arm/mach-omap2/built-in.o
                0x00000000402f10cc                save_omap_boot_params
 .text.spl_boot_device
                0x00000000402f1144        0x6 arch/arm/mach-omap2/built-in.o
                0x00000000402f1144                spl_boot_device
 .text.spl_boot_mode
                0x00000000402f114a        0x6 arch/arm/mach-omap2/built-in.o
                0x00000000402f114a                spl_boot_mode
 .text.spl_board_init
                0x00000000402f1150       0x28 arch/arm/mach-omap2/built-in.o
                0x00000000402f1150                spl_board_init
 .text.jump_to_image_no_args
                0x00000000402f1178       0x10 arch/arm/mach-omap2/built-in.o
                0x00000000402f1178                jump_to_image_no_args
 .text.enable_gpmc_cs_config
                0x00000000402f1188       0x6c arch/arm/mach-omap2/built-in.o
                0x00000000402f1188                enable_gpmc_cs_config
 .text.set_gpmc_cs0
                0x00000000402f11f4       0x4c arch/arm/mach-omap2/built-in.o
                0x00000000402f11f4                set_gpmc_cs0
 .text.gpmc_init
                0x00000000402f1240       0x50 arch/arm/mach-omap2/built-in.o
                0x00000000402f1240                gpmc_init
 .text          0x00000000402f1290      0x158 arch/arm/cpu/armv7/built-in.o
                0x00000000402f1290                __v7_flush_dcache_all
                0x00000000402f132c                v7_flush_dcache_all
                0x00000000402f133c                __v7_invalidate_dcache_all
                0x00000000402f13d8                v7_invalidate_dcache_all
 .text.invalidate_icache_all
                0x00000000402f13e8       0x14 arch/arm/cpu/armv7/built-in.o
                0x00000000402f13e8                invalidate_icache_all
 .text.v7_outer_cache_disable
                0x00000000402f13fc        0x2 arch/arm/cpu/armv7/built-in.o
                0x00000000402f13fc                v7_outer_cache_disable
 .text.v7_outer_cache_flush_all
                0x00000000402f13fe        0x2 arch/arm/cpu/armv7/built-in.o
                0x00000000402f13fe                v7_outer_cache_flush_all
 .text.flush_dcache_all
                0x00000000402f1400        0xe arch/arm/cpu/armv7/built-in.o
                0x00000000402f1400                flush_dcache_all
 .text.v7_outer_cache_inval_all
                0x00000000402f140e        0x2 arch/arm/cpu/armv7/built-in.o
                0x00000000402f140e                v7_outer_cache_inval_all
 .text.invalidate_dcache_all
                0x00000000402f1410        0xe arch/arm/cpu/armv7/built-in.o
                0x00000000402f1410                invalidate_dcache_all
 .text.v7_outer_cache_flush_range
                0x00000000402f141e        0x2 arch/arm/cpu/armv7/built-in.o
                0x00000000402f141e                v7_outer_cache_flush_range
 .text.flush_dcache_range
                0x00000000402f1420       0x38 arch/arm/cpu/armv7/built-in.o
                0x00000000402f1420                flush_dcache_range
 .text.cpu_cache_initialization
                0x00000000402f1458        0x2 arch/arm/cpu/armv7/built-in.o
                0x00000000402f1458                cpu_cache_initialization
 .text.cleanup_before_linux_select
                0x00000000402f145a       0x38 arch/arm/cpu/armv7/built-in.o
                0x00000000402f145a                cleanup_before_linux_select
 .text.cleanup_before_linux
                0x00000000402f1492        0x6 arch/arm/cpu/armv7/built-in.o
                0x00000000402f1492                cleanup_before_linux
 .text.sdelay   0x00000000402f1498        0x6 arch/arm/cpu/armv7/built-in.o
                0x00000000402f1498                sdelay
 .text.wait_on_value
                0x00000000402f149e       0x1e arch/arm/cpu/armv7/built-in.o
                0x00000000402f149e                wait_on_value
 .text.lowlevel_init
                0x00000000402f14bc       0x1c arch/arm/cpu/armv7/built-in.o
                0x00000000402f14bc                lowlevel_init
 *fill*         0x00000000402f14d8        0x8 
 .text          0x00000000402f14e0      0x400 arch/arm/lib/built-in.o
                0x00000000402f14e0                _main
                0x00000000402f1560                memset
                0x00000000402f1600                memcpy
 .text.jump_to_image_linux
                0x00000000402f18e0       0x14 arch/arm/lib/built-in.o
                0x00000000402f18e0                jump_to_image_linux
 .text.bootz_setup
                0x00000000402f18f4       0x6c arch/arm/lib/built-in.o
                0x00000000402f18f4                bootz_setup
 .text.arch_fixup_fdt
                0x00000000402f1960       0x24 arch/arm/lib/built-in.o
                0x00000000402f1960                arch_fixup_fdt
 .text.disable_interrupts
                0x00000000402f1984        0x4 arch/arm/lib/built-in.o
                0x00000000402f1984                disable_interrupts
 .text.reset_misc
                0x00000000402f1988        0x2 arch/arm/lib/built-in.o
                0x00000000402f1988                reset_misc
 *fill*         0x00000000402f198a        0x2 
 .text.do_reset
                0x00000000402f198c       0x28 arch/arm/lib/built-in.o
                0x00000000402f198c                do_reset
 .text.check_cache_range
                0x00000000402f19b4       0x14 arch/arm/lib/built-in.o
                0x00000000402f19b4                check_cache_range
 .text.icache_enable
                0x00000000402f19c8       0x12 arch/arm/lib/built-in.o
                0x00000000402f19c8                icache_enable
 .text.icache_disable
                0x00000000402f19da       0x16 arch/arm/lib/built-in.o
                0x00000000402f19da                icache_disable
 .text.dcache_disable
                0x00000000402f19f0       0x20 arch/arm/lib/built-in.o
                0x00000000402f19f0                dcache_disable
 .text.enable_uart0_pin_mux
                0x00000000402f1a10        0xc board/ti/am335x/built-in.o
                0x00000000402f1a10                enable_uart0_pin_mux
 .text.enable_i2c0_pin_mux
                0x00000000402f1a1c        0xc board/ti/am335x/built-in.o
                0x00000000402f1a1c                enable_i2c0_pin_mux
 .text.enable_board_pin_mux
                0x00000000402f1a28      0x160 board/ti/am335x/built-in.o
                0x00000000402f1a28                enable_board_pin_mux
 .text.bone_not_connected_to_ac_power.part.0
                0x00000000402f1b88       0x28 board/ti/am335x/built-in.o
 .text.do_board_detect
                0x00000000402f1bb0       0x2c board/ti/am335x/built-in.o
                0x00000000402f1bb0                do_board_detect
 .text.spl_start_uboot
                0x00000000402f1bdc       0x30 board/ti/am335x/built-in.o
                0x00000000402f1bdc                spl_start_uboot
 .text.get_dpll_ddr_params
                0x00000000402f1c0c       0x80 board/ti/am335x/built-in.o
                0x00000000402f1c0c                get_dpll_ddr_params
 .text.get_dpll_mpu_params
                0x00000000402f1c8c       0x9c board/ti/am335x/built-in.o
                0x00000000402f1c8c                get_dpll_mpu_params
 .text.scale_vcores_generic
                0x00000000402f1d28       0x40 board/ti/am335x/built-in.o
                0x00000000402f1d28                scale_vcores_generic
 .text.gpi2c_init
                0x00000000402f1d68       0x24 board/ti/am335x/built-in.o
                0x00000000402f1d68                gpi2c_init
 .text.scale_vcores
                0x00000000402f1d8c      0x12c board/ti/am335x/built-in.o
                0x00000000402f1d8c                scale_vcores
 .text.set_uart_mux_conf
                0x00000000402f1eb8        0x4 board/ti/am335x/built-in.o
                0x00000000402f1eb8                set_uart_mux_conf
 .text.set_mux_conf_regs
                0x00000000402f1ebc        0x4 board/ti/am335x/built-in.o
                0x00000000402f1ebc                set_mux_conf_regs
 .text.sdram_init
                0x00000000402f1ec0      0x164 board/ti/am335x/built-in.o
                0x00000000402f1ec0                sdram_init
 .text.board_fit_config_name_match
                0x00000000402f2024       0xe8 board/ti/am335x/built-in.o
                0x00000000402f2024                board_fit_config_name_match
 .text.ti_eeprom_string_cleanup
                0x00000000402f210c       0x24 board/ti/common/built-in.o
 .text.ti_i2c_eeprom_get
                0x00000000402f2130       0x9c board/ti/common/built-in.o
 .text.ti_i2c_eeprom_am_get
                0x00000000402f21cc       0xc0 board/ti/common/built-in.o
                0x00000000402f21cc                ti_i2c_eeprom_am_get
 .text.board_ti_is
                0x00000000402f228c       0x30 board/ti/common/built-in.o
                0x00000000402f228c                board_ti_is
 .text.board_ti_get_rev
                0x00000000402f22bc        0x8 board/ti/common/built-in.o
                0x00000000402f22bc                board_ti_get_rev
 .text.board_ti_get_config
                0x00000000402f22c4        0x8 board/ti/common/built-in.o
                0x00000000402f22c4                board_ti_get_config
 .text.show_boot_progress
                0x00000000402f22cc        0x2 common/spl/built-in.o
                0x00000000402f22cc                show_boot_progress
 *fill*         0x00000000402f22ce        0x2 
 .text.spl_fixup_fdt
                0x00000000402f22d0       0x50 common/spl/built-in.o
                0x00000000402f22d0                spl_fixup_fdt
 .text.spl_board_prepare_for_linux
                0x00000000402f2320        0x2 common/spl/built-in.o
                0x00000000402f2320                spl_board_prepare_for_linux
 .text.spl_board_prepare_for_boot
                0x00000000402f2322        0x2 common/spl/built-in.o
                0x00000000402f2322                spl_board_prepare_for_boot
 .text.spl_set_header_raw_uboot
                0x00000000402f2324       0x20 common/spl/built-in.o
                0x00000000402f2324                spl_set_header_raw_uboot
 .text.spl_parse_image_header
                0x00000000402f2344       0x78 common/spl/built-in.o
                0x00000000402f2344                spl_parse_image_header
 .text.spl_set_bd
                0x00000000402f23bc       0x14 common/spl/built-in.o
                0x00000000402f23bc                spl_set_bd
 .text.spl_init
                0x00000000402f23d0       0x2c common/spl/built-in.o
                0x00000000402f23d0                spl_init
 .text.board_boot_order
                0x00000000402f23fc        0xc common/spl/built-in.o
                0x00000000402f23fc                board_boot_order
 .text.board_init_r
                0x00000000402f2408       0xe4 common/spl/built-in.o
                0x00000000402f2408                board_init_r
 .text.preloader_console_init
                0x00000000402f24ec       0x24 common/spl/built-in.o
                0x00000000402f24ec                preloader_console_init
 .text.spl_relocate_stack_gd
                0x00000000402f2510       0x34 common/spl/built-in.o
                0x00000000402f2510                spl_relocate_stack_gd
 .text.spl_fit_get_image_node
                0x00000000402f2544       0xa8 common/spl/built-in.o
 .text.spl_load_fit_image
                0x00000000402f25ec       0xfc common/spl/built-in.o
 .text.spl_load_simple_fit
                0x00000000402f26e8      0x16c common/spl/built-in.o
                0x00000000402f26e8                spl_load_simple_fit
 .text.ymodem_read_fit
                0x00000000402f2854       0x82 common/spl/built-in.o
 .text.getcymodem
                0x00000000402f28d6       0x16 common/spl/built-in.o
 .text.spl_ymodem_load_image
                0x00000000402f28ec       0xf0 common/spl/built-in.o
 .text.spl_nand_fit_read
                0x00000000402f29dc       0x18 common/spl/built-in.o
 .text.spl_nand_load_image
                0x00000000402f29f4       0xe4 common/spl/built-in.o
 .text.h_spl_load_read
                0x00000000402f2ad8       0x1e common/spl/built-in.o
 *fill*         0x00000000402f2af6        0x2 
 .text.mmc_load_image_raw_sector
                0x00000000402f2af8       0x9c common/spl/built-in.o
 .text.spl_mmc_load_image
                0x00000000402f2b94      0x198 common/spl/built-in.o
                0x00000000402f2b94                spl_mmc_load_image
 .text.spl_fit_read
                0x00000000402f2d2c       0x20 common/spl/built-in.o
 .text.spl_load_image_fat
                0x00000000402f2d4c       0xb4 common/spl/built-in.o
                0x00000000402f2d4c                spl_load_image_fat
 .text.spl_load_image_fat_os
                0x00000000402f2e00       0xe4 common/spl/built-in.o
                0x00000000402f2e00                spl_load_image_fat_os
 .text.spl_load_image_ext
                0x00000000402f2ee4       0xdc common/spl/built-in.o
                0x00000000402f2ee4                spl_load_image_ext
 .text.spl_load_image_ext_os
                0x00000000402f2fc0      0x130 common/spl/built-in.o
                0x00000000402f2fc0                spl_load_image_ext_os
 .text.board_init_f_alloc_reserve
                0x00000000402f30f0        0xa common/init/built-in.o
                0x00000000402f30f0                board_init_f_alloc_reserve
 .text.board_init_f_init_reserve
                0x00000000402f30fa       0x14 common/init/built-in.o
                0x00000000402f30fa                board_init_f_init_reserve
 .text.CYGACC_COMM_IF_GETC_TIMEOUT.isra.0
                0x00000000402f310e       0x2e common/built-in.o
 .text.xyzModem_flush
                0x00000000402f313c       0x14 common/built-in.o
 .text.xyzModem_get_hdr
                0x00000000402f3150      0x174 common/built-in.o
 .text.xyzModem_stream_open
                0x00000000402f32c4      0x170 common/built-in.o
                0x00000000402f32c4                xyzModem_stream_open
 .text.xyzModem_stream_read
                0x00000000402f3434      0x1b4 common/built-in.o
                0x00000000402f3434                xyzModem_stream_read
 .text.xyzModem_stream_close
                0x00000000402f35e8       0x40 common/built-in.o
                0x00000000402f35e8                xyzModem_stream_close
 .text.xyzModem_stream_terminate
                0x00000000402f3628       0x68 common/built-in.o
                0x00000000402f3628                xyzModem_stream_terminate
 .text.xyzModem_error
                0x00000000402f3690       0x18 common/built-in.o
                0x00000000402f3690                xyzModem_error
 .text.fdt_getprop_u32
                0x00000000402f36a8       0x20 common/built-in.o
                0x00000000402f36a8                fdt_getprop_u32
 .text.fit_find_config_node
                0x00000000402f36c8       0xa0 common/built-in.o
                0x00000000402f36c8                fit_find_config_node
 .text.fdt_find_or_add_subnode
                0x00000000402f3768       0x40 common/built-in.o
                0x00000000402f3768                fdt_find_or_add_subnode
 .text.fdt_fixup_memory_banks
                0x00000000402f37a8      0x128 common/built-in.o
                0x00000000402f37a8                fdt_fixup_memory_banks
 .text.fdt_shrink_to_minimum
                0x00000000402f38d0       0x88 common/built-in.o
                0x00000000402f38d0                fdt_shrink_to_minimum
 .text.putc     0x00000000402f3958       0x24 common/built-in.o
                0x00000000402f3958                putc
 .text.puts     0x00000000402f397c       0x24 common/built-in.o
                0x00000000402f397c                puts
 .text.fgetc    0x00000000402f39a0       0x18 common/built-in.o
                0x00000000402f39a0                fgetc
 .text.getc     0x00000000402f39b8       0x1a common/built-in.o
                0x00000000402f39b8                getc
 *fill*         0x00000000402f39d2        0x2 
 .text.ftstc    0x00000000402f39d4       0x18 common/built-in.o
                0x00000000402f39d4                ftstc
 .text.tstc     0x00000000402f39ec       0x1a common/built-in.o
                0x00000000402f39ec                tstc
 *fill*         0x00000000402f3a06        0x2 
 .text.mem_malloc_init
                0x00000000402f3a08       0x28 common/built-in.o
                0x00000000402f3a08                mem_malloc_init
 .text.malloc_simple
                0x00000000402f3a30       0x28 common/built-in.o
                0x00000000402f3a30                malloc_simple
 .text.memalign_simple
                0x00000000402f3a58       0x32 common/built-in.o
                0x00000000402f3a58                memalign_simple
 .text.calloc   0x00000000402f3a8a       0x18 common/built-in.o
                0x00000000402f3a8a                calloc
 .text.get_table_entry_id
                0x00000000402f3aa2       0x26 common/built-in.o
                0x00000000402f3aa2                get_table_entry_id
 .text.genimg_get_os_id
                0x00000000402f3ac8       0x14 common/built-in.o
                0x00000000402f3ac8                genimg_get_os_id
 .text.fit_image_get_address
                0x00000000402f3adc       0x40 common/built-in.o
 .text.fit_image_get_os
                0x00000000402f3b1c       0x28 common/built-in.o
                0x00000000402f3b1c                fit_image_get_os
 .text.fit_image_get_load
                0x00000000402f3b44        0xc common/built-in.o
                0x00000000402f3b44                fit_image_get_load
 .text.fit_image_get_data
                0x00000000402f3b50       0x28 common/built-in.o
                0x00000000402f3b50                fit_image_get_data
 .text.fit_image_get_data_offset
                0x00000000402f3b78       0x24 common/built-in.o
                0x00000000402f3b78                fit_image_get_data_offset
 .text.fit_image_get_data_size
                0x00000000402f3b9c       0x24 common/built-in.o
                0x00000000402f3b9c                fit_image_get_data_size
 .text.get_ram_size
                0x00000000402f3bc0       0x8a common/built-in.o
                0x00000000402f3bc0                get_ram_size
 .text.envmatch
                0x00000000402f3c4a       0x3a cmd/built-in.o
                0x00000000402f3c4a                envmatch
 .text.env_get_f
                0x00000000402f3c84       0x88 cmd/built-in.o
                0x00000000402f3c84                env_get_f
 .text.env_get  0x00000000402f3d0c       0x54 cmd/built-in.o
                0x00000000402f3d0c                env_get
 .text.env_get_yesno
                0x00000000402f3d60       0x2a env/built-in.o
                0x00000000402f3d60                env_get_yesno
 .text.env_get_default
                0x00000000402f3d8a       0x2a env/built-in.o
                0x00000000402f3d8a                env_get_default
 .text.set_default_env
                0x00000000402f3db4       0x7c env/built-in.o
                0x00000000402f3db4                set_default_env
 .text.env_import
                0x00000000402f3e30       0x84 env/built-in.o
                0x00000000402f3e30                env_import
 .text.env_driver_lookup_default
                0x00000000402f3eb4       0x20 env/built-in.o
                0x00000000402f3eb4                env_driver_lookup_default
 .text.env_get_char
                0x00000000402f3ed4       0x34 env/built-in.o
                0x00000000402f3ed4                env_get_char
 .text.env_load
                0x00000000402f3f08       0x18 env/built-in.o
                0x00000000402f3f08                env_load
 .text.env_init
                0x00000000402f3f20       0x30 env/built-in.o
                0x00000000402f3f20                env_init
 .text.regex_callback
                0x00000000402f3f50       0xc0 env/built-in.o
 .text.env_attr_walk
                0x00000000402f4010       0xa8 env/built-in.o
                0x00000000402f4010                env_attr_walk
 .text.env_attr_lookup
                0x00000000402f40b8       0x40 env/built-in.o
                0x00000000402f40b8                env_attr_lookup
 .text.skip_num
                0x00000000402f40f8       0x44 env/built-in.o
 .text.env_flags_parse_vartype
                0x00000000402f413c       0x30 env/built-in.o
                0x00000000402f413c                env_flags_parse_vartype
 .text.env_flags_parse_varaccess
                0x00000000402f416c       0x30 env/built-in.o
                0x00000000402f416c                env_flags_parse_varaccess
 .text.eth_validate_ethaddr_str
                0x00000000402f419c       0x50 env/built-in.o
                0x00000000402f419c                eth_validate_ethaddr_str
 .text.env_flags_init
                0x00000000402f41ec       0x90 env/built-in.o
                0x00000000402f41ec                env_flags_init
 .text.env_flags_validate
                0x00000000402f427c      0x188 env/built-in.o
                0x00000000402f427c                env_flags_validate
 .text.env_callback_init
                0x00000000402f4404       0xa0 env/built-in.o
                0x00000000402f4404                env_callback_init
 .text.env_fat_load
                0x00000000402f44a4       0x9c env/built-in.o
 .text.fdt_check_header
                0x00000000402f4540       0x4c lib/built-in.o
                0x00000000402f4540                fdt_check_header
 .text.fdt_offset_ptr
                0x00000000402f458c       0x32 lib/built-in.o
                0x00000000402f458c                fdt_offset_ptr
 *fill*         0x00000000402f45be        0x2 
 .text.fdt_next_tag
                0x00000000402f45c0       0xa8 lib/built-in.o
                0x00000000402f45c0                fdt_next_tag
 .text._fdt_check_node_offset
                0x00000000402f4668       0x24 lib/built-in.o
                0x00000000402f4668                _fdt_check_node_offset
 .text._fdt_check_prop_offset
                0x00000000402f468c       0x24 lib/built-in.o
                0x00000000402f468c                _fdt_check_prop_offset
 .text.fdt_next_node
                0x00000000402f46b0       0x6e lib/built-in.o
                0x00000000402f46b0                fdt_next_node
 .text.fdt_first_subnode
                0x00000000402f471e       0x28 lib/built-in.o
                0x00000000402f471e                fdt_first_subnode
 .text.fdt_next_subnode
                0x00000000402f4746       0x2e lib/built-in.o
                0x00000000402f4746                fdt_next_subnode
 .text._fdt_find_string
                0x00000000402f4774       0x30 lib/built-in.o
                0x00000000402f4774                _fdt_find_string
 .text.fdt_strerror
                0x00000000402f47a4       0x3c lib/built-in.o
                0x00000000402f47a4                fdt_strerror
 .text.fdt_address_cells
                0x00000000402f47e0       0x34 lib/built-in.o
                0x00000000402f47e0                fdt_address_cells
 .text.fdt_size_cells
                0x00000000402f4814       0x34 lib/built-in.o
                0x00000000402f4814                fdt_size_cells
 .text.fdt_path_next_separator
                0x00000000402f4848       0x2a lib/built-in.o
 .text._nextprop
                0x00000000402f4872       0x32 lib/built-in.o
 .text.fdt_string
                0x00000000402f48a4        0xa lib/built-in.o
                0x00000000402f48a4                fdt_string
 .text.fdt_get_mem_rsv
                0x00000000402f48ae       0x38 lib/built-in.o
                0x00000000402f48ae                fdt_get_mem_rsv
 .text.fdt_num_mem_rsv
                0x00000000402f48e6       0x22 lib/built-in.o
                0x00000000402f48e6                fdt_num_mem_rsv
 .text.fdt_subnode_offset_namelen
                0x00000000402f4908       0x7c lib/built-in.o
                0x00000000402f4908                fdt_subnode_offset_namelen
 .text.fdt_subnode_offset
                0x00000000402f4984       0x1e lib/built-in.o
                0x00000000402f4984                fdt_subnode_offset
 .text.fdt_get_name
                0x00000000402f49a2       0x3a lib/built-in.o
                0x00000000402f49a2                fdt_get_name
 .text.fdt_first_property_offset
                0x00000000402f49dc       0x18 lib/built-in.o
                0x00000000402f49dc                fdt_first_property_offset
 .text.fdt_next_property_offset
                0x00000000402f49f4       0x18 lib/built-in.o
                0x00000000402f49f4                fdt_next_property_offset
 .text.fdt_get_property_by_offset
                0x00000000402f4a0c       0x2e lib/built-in.o
                0x00000000402f4a0c                fdt_get_property_by_offset
 .text.fdt_get_property_namelen
                0x00000000402f4a3a       0x6e lib/built-in.o
                0x00000000402f4a3a                fdt_get_property_namelen
 .text.fdt_get_property
                0x00000000402f4aa8       0x22 lib/built-in.o
                0x00000000402f4aa8                fdt_get_property
 .text.fdt_getprop_namelen
                0x00000000402f4aca       0x12 lib/built-in.o
                0x00000000402f4aca                fdt_getprop_namelen
 .text.fdt_getprop
                0x00000000402f4adc       0x22 lib/built-in.o
                0x00000000402f4adc                fdt_getprop
 *fill*         0x00000000402f4afe        0x2 
 .text.fdt_get_alias_namelen
                0x00000000402f4b00       0x2c lib/built-in.o
                0x00000000402f4b00                fdt_get_alias_namelen
 .text.fdt_path_offset_namelen
                0x00000000402f4b2c       0x8c lib/built-in.o
                0x00000000402f4b2c                fdt_path_offset_namelen
 .text.fdt_path_offset
                0x00000000402f4bb8       0x1a lib/built-in.o
                0x00000000402f4bb8                fdt_path_offset
 .text._fdt_blocks_misordered
                0x00000000402f4bd2       0x36 lib/built-in.o
 .text._fdt_splice
                0x00000000402f4c08       0x4a lib/built-in.o
 .text._fdt_splice_mem_rsv
                0x00000000402f4c52       0x2c lib/built-in.o
 .text._fdt_splice_struct
                0x00000000402f4c7e       0x26 lib/built-in.o
 .text._fdt_find_add_string
                0x00000000402f4ca4       0x5e lib/built-in.o
 .text._fdt_add_property
                0x00000000402f4d02       0x5a lib/built-in.o
 .text._fdt_rw_check_header
                0x00000000402f4d5c       0x38 lib/built-in.o
 .text.fdt_add_mem_rsv
                0x00000000402f4d94       0x58 lib/built-in.o
                0x00000000402f4d94                fdt_add_mem_rsv
 .text.fdt_del_mem_rsv
                0x00000000402f4dec       0x3c lib/built-in.o
                0x00000000402f4dec                fdt_del_mem_rsv
 .text.fdt_setprop_placeholder
                0x00000000402f4e28       0x70 lib/built-in.o
                0x00000000402f4e28                fdt_setprop_placeholder
 .text.fdt_setprop
                0x00000000402f4e98       0x26 lib/built-in.o
                0x00000000402f4e98                fdt_setprop
 .text.fdt_add_subnode_namelen
                0x00000000402f4ebe       0x98 lib/built-in.o
                0x00000000402f4ebe                fdt_add_subnode_namelen
 .text.fdt_add_subnode
                0x00000000402f4f56       0x1e lib/built-in.o
                0x00000000402f4f56                fdt_add_subnode
 .text.crc16_ccitt
                0x00000000402f4f74       0x28 lib/built-in.o
                0x00000000402f4f74                crc16_ccitt
 .text.drop_var_from_set.part.2
                0x00000000402f4f9c       0x30 lib/built-in.o
 .text.hcreate_r
                0x00000000402f4fcc       0x60 lib/built-in.o
                0x00000000402f4fcc                hcreate_r
 .text.hdestroy_r
                0x00000000402f502c       0x14 lib/built-in.o
                0x00000000402f502c                hdestroy_r
 .text.hsearch_r
                0x00000000402f5040      0x298 lib/built-in.o
                0x00000000402f5040                hsearch_r
 .text.hdelete_r
                0x00000000402f52d8       0x90 lib/built-in.o
                0x00000000402f52d8                hdelete_r
 .text.himport_r
                0x00000000402f5368      0x224 lib/built-in.o
                0x00000000402f5368                himport_r
 .text.crc32_no_comp
                0x00000000402f558c       0x8c lib/built-in.o
                0x00000000402f558c                crc32_no_comp
 .text.crc32    0x00000000402f5618        0xc lib/built-in.o
                0x00000000402f5618                crc32
 .text.__div64_32
                0x00000000402f5624       0x7e lib/built-in.o
                0x00000000402f5624                __div64_32
 *fill*         0x00000000402f56a2        0x2 
 .text.hang     0x00000000402f56a4       0x18 lib/built-in.o
                0x00000000402f56a4                hang
 .text.kmalloc  0x00000000402f56bc       0x20 lib/built-in.o
                0x00000000402f56bc                kmalloc
 .text.skip_spaces
                0x00000000402f56dc       0x18 lib/built-in.o
                0x00000000402f56dc                skip_spaces
 .text.strim    0x00000000402f56f4       0x34 lib/built-in.o
                0x00000000402f56f4                strim
 .text.emit     0x00000000402f5728       0x20 lib/built-in.o
 .text.store_char_in_data
                0x00000000402f5748       0x24 lib/built-in.o
 .text.get_escape_char
                0x00000000402f576c       0x48 lib/built-in.o
 .text.relocate
                0x00000000402f57b4       0x2a lib/built-in.o
 *fill*         0x00000000402f57de        0x2 
 .text.match    0x00000000402f57e0      0x260 lib/built-in.o
 .text.loop_greedy
                0x00000000402f5a40       0x56 lib/built-in.o
 .text.loop_non_greedy
                0x00000000402f5a96       0x4c lib/built-in.o
 *fill*         0x00000000402f5ae2        0x2 
 .text.quantifier
                0x00000000402f5ae4       0x5c lib/built-in.o
 .text.fixup_branch
                0x00000000402f5b40       0x28 lib/built-in.o
 .text.compile  0x00000000402f5b68      0x224 lib/built-in.o
 .text.slre_compile
                0x00000000402f5d8c       0x90 lib/built-in.o
                0x00000000402f5d8c                slre_compile
 .text.slre_match
                0x00000000402f5e1c       0x56 lib/built-in.o
                0x00000000402f5e1c                slre_match
 *fill*         0x00000000402f5e72        0x2 
 .text.strncasecmp
                0x00000000402f5e74       0x44 lib/built-in.o
                0x00000000402f5e74                strncasecmp
 .text.strcasecmp
                0x00000000402f5eb8        0x8 lib/built-in.o
                0x00000000402f5eb8                strcasecmp
 .text.strcpy   0x00000000402f5ec0       0x10 lib/built-in.o
                0x00000000402f5ec0                strcpy
 .text.strncpy  0x00000000402f5ed0       0x18 lib/built-in.o
                0x00000000402f5ed0                strncpy
 .text.strcat   0x00000000402f5ee8       0x1e lib/built-in.o
                0x00000000402f5ee8                strcat
 .text.strcmp   0x00000000402f5f06       0x16 lib/built-in.o
                0x00000000402f5f06                strcmp
 .text.strncmp  0x00000000402f5f1c       0x22 lib/built-in.o
                0x00000000402f5f1c                strncmp
 .text.strchr   0x00000000402f5f3e       0x18 lib/built-in.o
                0x00000000402f5f3e                strchr
 .text.strlen   0x00000000402f5f56       0x10 lib/built-in.o
                0x00000000402f5f56                strlen
 .text.strlcpy  0x00000000402f5f66       0x2e lib/built-in.o
                0x00000000402f5f66                strlcpy
 .text.strnlen  0x00000000402f5f94       0x18 lib/built-in.o
                0x00000000402f5f94                strnlen
 .text.strdup   0x00000000402f5fac       0x22 lib/built-in.o
                0x00000000402f5fac                strdup
 .text.memmove  0x00000000402f5fce       0x26 lib/built-in.o
                0x00000000402f5fce                memmove
 .text.memcmp   0x00000000402f5ff4       0x1e lib/built-in.o
                0x00000000402f5ff4                memcmp
 .text.memchr   0x00000000402f6012       0x1c lib/built-in.o
                0x00000000402f6012                memchr
 *fill*         0x00000000402f602e        0x2 
 .text.udelay   0x00000000402f6030       0x24 lib/built-in.o
                0x00000000402f6030                udelay
 .text.uuid_bin_to_str
                0x00000000402f6054       0x78 lib/built-in.o
                0x00000000402f6054                uuid_bin_to_str
 .text.putc_outstr
                0x00000000402f60cc        0xa lib/built-in.o
 .text.putc_normal
                0x00000000402f60d6        0x6 lib/built-in.o
 .text.div_out  0x00000000402f60dc       0x32 lib/built-in.o
 *fill*         0x00000000402f610e        0x2 
 .text._vprintf
                0x00000000402f6110      0x1e0 lib/built-in.o
 .text.vprintf  0x00000000402f62f0       0x1c lib/built-in.o
                0x00000000402f62f0                vprintf
 .text.printf   0x00000000402f630c       0x24 lib/built-in.o
                0x00000000402f630c                printf
 .text.sprintf  0x00000000402f6330       0x2c lib/built-in.o
                0x00000000402f6330                sprintf
 .text.snprintf
                0x00000000402f635c       0x2c lib/built-in.o
                0x00000000402f635c                snprintf
 .text.panic_finish
                0x00000000402f6388       0x20 lib/built-in.o
 .text.panic_str
                0x00000000402f63a8        0xa lib/built-in.o
                0x00000000402f63a8                panic_str
 .text.panic    0x00000000402f63b2       0x14 lib/built-in.o
                0x00000000402f63b2                panic
 *fill*         0x00000000402f63c6        0x2 
 .text._parse_integer_fixup_radix
                0x00000000402f63c8       0x5c lib/built-in.o
 .text.simple_strtoul
                0x00000000402f6424       0x50 lib/built-in.o
                0x00000000402f6424                simple_strtoul
 .text.part_init
                0x00000000402f6474       0x2c disk/built-in.o
                0x00000000402f6474                part_init
 .text.part_get_info
                0x00000000402f64a0       0x44 disk/built-in.o
                0x00000000402f64a0                part_get_info
 .text.part_get_info_whole_disk
                0x00000000402f64e4       0x38 disk/built-in.o
                0x00000000402f64e4                part_get_info_whole_disk
 .text.blk_get_device_by_str
                0x00000000402f651c       0xc0 disk/built-in.o
                0x00000000402f651c                blk_get_device_by_str
 .text.blk_get_device_part_str
                0x00000000402f65dc      0x228 disk/built-in.o
                0x00000000402f65dc                blk_get_device_part_str
 .text.part_set_generic_name
                0x00000000402f6804       0x34 disk/built-in.o
                0x00000000402f6804                part_set_generic_name
 .text.test_block_type
                0x00000000402f6838       0x50 disk/built-in.o
 .text.part_test_dos
                0x00000000402f6888       0x40 disk/built-in.o
 .text.part_get_info_extended
                0x00000000402f68c8      0x1ec disk/built-in.o
 .text.part_get_info_dos
                0x00000000402f6ab4       0x16 disk/built-in.o
                0x00000000402f6ab4                part_get_info_dos
 .text.iso_dread
                0x00000000402f6aca       0x22 disk/built-in.o
                0x00000000402f6aca                iso_dread
 .text.part_get_info_iso_verb
                0x00000000402f6aec      0x254 disk/built-in.o
                0x00000000402f6aec                part_get_info_iso_verb
 .text.part_test_iso
                0x00000000402f6d40       0x14 disk/built-in.o
 .text.part_print_iso
                0x00000000402f6d54       0x60 disk/built-in.o
 .text.part_get_info_iso
                0x00000000402f6db4        0x6 disk/built-in.o
 *fill*         0x00000000402f6dba        0x2 
 .text.print_efiname
                0x00000000402f6dbc       0x38 disk/built-in.o
 .text.part_test_efi
                0x00000000402f6df4       0x76 disk/built-in.o
 *fill*         0x00000000402f6e6a        0x2 
 .text.validate_gpt_entries
                0x00000000402f6e6c       0x80 disk/built-in.o
 *fill*         0x00000000402f6eec        0x4 
 .text.validate_gpt_header
                0x00000000402f6ef0      0x1a0 disk/built-in.o
 .text.is_gpt_valid
                0x00000000402f7090      0x1a4 disk/built-in.o
 .text.is_pte_valid
                0x00000000402f7234       0x38 disk/built-in.o
 .text.part_get_info_efi
                0x00000000402f726c      0x168 disk/built-in.o
                0x00000000402f726c                part_get_info_efi
 .text.device_bind_common.isra.0
                0x00000000402f73d4      0x166 drivers/built-in.o
 .text.alloc_priv
                0x00000000402f753a       0x38 drivers/built-in.o
 .text.device_bind_by_name
                0x00000000402f7572       0x44 drivers/built-in.o
                0x00000000402f7572                device_bind_by_name
 .text.device_probe
                0x00000000402f75b6      0x108 drivers/built-in.o
                0x00000000402f75b6                device_probe
 .text.dev_get_platdata
                0x00000000402f76be        0x6 drivers/built-in.o
                0x00000000402f76be                dev_get_platdata
 .text.dev_get_priv
                0x00000000402f76c4        0x6 drivers/built-in.o
                0x00000000402f76c4                dev_get_priv
 .text.dev_get_uclass_priv
                0x00000000402f76ca        0x6 drivers/built-in.o
                0x00000000402f76ca                dev_get_uclass_priv
 .text.devfdt_get_addr
                0x00000000402f76d0        0x6 drivers/built-in.o
                0x00000000402f76d0                devfdt_get_addr
 *fill*         0x00000000402f76d6        0x2 
 .text.lists_driver_lookup_name
                0x00000000402f76d8       0x2c drivers/built-in.o
                0x00000000402f76d8                lists_driver_lookup_name
 .text.lists_uclass_lookup
                0x00000000402f7704       0x20 drivers/built-in.o
                0x00000000402f7704                lists_uclass_lookup
 .text.lists_bind_drivers
                0x00000000402f7724       0x48 drivers/built-in.o
                0x00000000402f7724                lists_bind_drivers
 .text.dm_fixup_for_gd_move
                0x00000000402f776c       0x14 drivers/built-in.o
                0x00000000402f776c                dm_fixup_for_gd_move
 .text.dm_init  0x00000000402f7780       0x38 drivers/built-in.o
                0x00000000402f7780                dm_init
 .text.dm_scan_platdata
                0x00000000402f77b8       0x16 drivers/built-in.o
                0x00000000402f77b8                dm_scan_platdata
 .text.dm_scan_other
                0x00000000402f77ce        0x4 drivers/built-in.o
                0x00000000402f77ce                dm_scan_other
 .text.dm_init_and_scan
                0x00000000402f77d2       0x20 drivers/built-in.o
                0x00000000402f77d2                dm_init_and_scan
 .text.uclass_find
                0x00000000402f77f2       0x2e drivers/built-in.o
                0x00000000402f77f2                uclass_find
 .text.uclass_get
                0x00000000402f7820       0x92 drivers/built-in.o
                0x00000000402f7820                uclass_get
 .text.uclass_find_device
                0x00000000402f78b2       0x42 drivers/built-in.o
                0x00000000402f78b2                uclass_find_device
 .text.uclass_find_first_device
                0x00000000402f78f4       0x22 drivers/built-in.o
                0x00000000402f78f4                uclass_find_first_device
 .text.uclass_find_next_device
                0x00000000402f7916       0x18 drivers/built-in.o
                0x00000000402f7916                uclass_find_next_device
 .text.uclass_find_device_by_seq
                0x00000000402f792e       0x54 drivers/built-in.o
                0x00000000402f792e                uclass_find_device_by_seq
 .text.uclass_get_device_tail
                0x00000000402f7982       0x16 drivers/built-in.o
                0x00000000402f7982                uclass_get_device_tail
 .text.uclass_get_device
                0x00000000402f7998       0x1c drivers/built-in.o
                0x00000000402f7998                uclass_get_device
 .text.uclass_get_device_by_seq
                0x00000000402f79b4       0x32 drivers/built-in.o
                0x00000000402f79b4                uclass_get_device_by_seq
 .text.uclass_first_device
                0x00000000402f79e6       0x1e drivers/built-in.o
                0x00000000402f79e6                uclass_first_device
 .text.uclass_next_device
                0x00000000402f7a04       0x24 drivers/built-in.o
                0x00000000402f7a04                uclass_next_device
 .text.uclass_bind_device
                0x00000000402f7a28       0x3a drivers/built-in.o
                0x00000000402f7a28                uclass_bind_device
 .text.uclass_resolve_seq
                0x00000000402f7a62       0x52 drivers/built-in.o
                0x00000000402f7a62                uclass_resolve_seq
 .text.uclass_pre_probe_device
                0x00000000402f7ab4       0x2e drivers/built-in.o
                0x00000000402f7ab4                uclass_pre_probe_device
 .text.uclass_post_probe_device
                0x00000000402f7ae2        0xe drivers/built-in.o
                0x00000000402f7ae2                uclass_post_probe_device
 .text.i2c_child_post_bind
                0x00000000402f7af0        0x4 drivers/built-in.o
 .text.i2c_post_probe
                0x00000000402f7af4        0x4 drivers/built-in.o
 .text.i2c_get_adapter
                0x00000000402f7af8       0x40 drivers/built-in.o
                0x00000000402f7af8                i2c_get_adapter
 .text.i2c_init_bus
                0x00000000402f7b38       0x64 drivers/built-in.o
 .text.i2c_set_bus_num
                0x00000000402f7b9c       0x80 drivers/built-in.o
                0x00000000402f7b9c                i2c_set_bus_num
 .text.i2c_probe
                0x00000000402f7c1c       0x20 drivers/built-in.o
                0x00000000402f7c1c                i2c_probe
 .text.i2c_read
                0x00000000402f7c3c       0x34 drivers/built-in.o
                0x00000000402f7c3c                i2c_read
 .text.i2c_write
                0x00000000402f7c70       0x34 drivers/built-in.o
                0x00000000402f7c70                i2c_write
 .text.i2c_init
                0x00000000402f7ca4        0xe drivers/built-in.o
                0x00000000402f7ca4                i2c_init
 *fill*         0x00000000402f7cb2        0x2 
 .text.__omap24_i2c_setspeed
                0x00000000402f7cb4      0x104 drivers/built-in.o
 .text.wait_for_bb
                0x00000000402f7db8       0x58 drivers/built-in.o
 .text.wait_for_event
                0x00000000402f7e10       0x50 drivers/built-in.o
 .text.flush_fifo
                0x00000000402f7e60       0x2a drivers/built-in.o
 *fill*         0x00000000402f7e8a        0x2 
 .text.omap24_get_base.isra.0
                0x00000000402f7e8c       0x34 drivers/built-in.o
 .text.omap24_i2c_setspeed
                0x00000000402f7ec0       0x34 drivers/built-in.o
 .text.omap24_i2c_write
                0x00000000402f7ef4      0x19c drivers/built-in.o
 .text.omap24_i2c_read
                0x00000000402f8090      0x17c drivers/built-in.o
 .text.omap24_i2c_probe
                0x00000000402f820c       0xa8 drivers/built-in.o
 .text.omap24_i2c_init
                0x00000000402f82b4      0x19c drivers/built-in.o
 .text.mmc_send_ext_csd
                0x00000000402f8450       0x2e drivers/built-in.o
 *fill*         0x00000000402f847e        0x2 
 .text.mmc_send_op_cond_iter
                0x00000000402f8480       0x44 drivers/built-in.o
 .text.mmc_go_idle
                0x00000000402f84c4       0x32 drivers/built-in.o
 .text.mmc_set_capacity
                0x00000000402f84f6       0x6e drivers/built-in.o
 .text.mmc_send_status
                0x00000000402f8564       0x84 drivers/built-in.o
                0x00000000402f8564                mmc_send_status
 .text.mmc_set_blocklen
                0x00000000402f85e8       0x26 drivers/built-in.o
                0x00000000402f85e8                mmc_set_blocklen
 *fill*         0x00000000402f860e        0x2 
 .text.mmc_bread
                0x00000000402f8610       0xdc drivers/built-in.o
                0x00000000402f8610                mmc_bread
 .text.mmc_switch
                0x00000000402f86ec       0x3e drivers/built-in.o
                0x00000000402f86ec                mmc_switch
 .text.mmc_switch_part
                0x00000000402f872a       0x40 drivers/built-in.o
                0x00000000402f872a                mmc_switch_part
 .text.mmc_set_clock
                0x00000000402f876a       0x1c drivers/built-in.o
                0x00000000402f876a                mmc_set_clock
 *fill*         0x00000000402f8786        0x2 
 .text.mmc_startup
                0x00000000402f8788      0x914 drivers/built-in.o
 .text.mmc_start_init
                0x00000000402f909c      0x16c drivers/built-in.o
                0x00000000402f909c                mmc_start_init
 .text.mmc_init
                0x00000000402f9208       0xc8 drivers/built-in.o
                0x00000000402f9208                mmc_init
 .text.mmc_initialize
                0x00000000402f92d0       0x1c drivers/built-in.o
                0x00000000402f92d0                mmc_initialize
 .text.dm_mmc_set_ios
                0x00000000402f92ec       0x10 drivers/built-in.o
                0x00000000402f92ec                dm_mmc_set_ios
 .text.mmc_set_ios
                0x00000000402f92fc        0x8 drivers/built-in.o
                0x00000000402f92fc                mmc_set_ios
 .text.dm_mmc_get_cd
                0x00000000402f9304       0x10 drivers/built-in.o
                0x00000000402f9304                dm_mmc_get_cd
 .text.mmc_getcd
                0x00000000402f9314        0x8 drivers/built-in.o
                0x00000000402f9314                mmc_getcd
 .text.mmc_get_mmc_dev
                0x00000000402f931c       0x16 drivers/built-in.o
                0x00000000402f931c                mmc_get_mmc_dev
 .text.dm_mmc_send_cmd
                0x00000000402f9332       0x26 drivers/built-in.o
                0x00000000402f9332                dm_mmc_send_cmd
 .text.mmc_send_cmd
                0x00000000402f9358        0x8 drivers/built-in.o
                0x00000000402f9358                mmc_send_cmd
 .text.mmc_berase
                0x00000000402f9360        0x4 drivers/built-in.o
 .text.mmc_bwrite
                0x00000000402f9364        0x4 drivers/built-in.o
 .text.find_mmc_device
                0x00000000402f9368       0x30 drivers/built-in.o
                0x00000000402f9368                find_mmc_device
 .text.mmc_select_hwpartp
                0x00000000402f9398       0x36 drivers/built-in.o
 .text.mmc_get_dev
                0x00000000402f93ce       0x1e drivers/built-in.o
 .text.mmc_get_next_devnum
                0x00000000402f93ec       0x10 drivers/built-in.o
                0x00000000402f93ec                mmc_get_next_devnum
 .text.mmc_get_blk_desc
                0x00000000402f93fc        0x4 drivers/built-in.o
                0x00000000402f93fc                mmc_get_blk_desc
 .text.mmc_do_preinit
                0x00000000402f9400       0x20 drivers/built-in.o
                0x00000000402f9400                mmc_do_preinit
 .text.mmc_list_init
                0x00000000402f9420       0x18 drivers/built-in.o
                0x00000000402f9420                mmc_list_init
 .text.mmc_list_add
                0x00000000402f9438       0x14 drivers/built-in.o
                0x00000000402f9438                mmc_list_add
 .text.mmc_create
                0x00000000402f944c       0x78 drivers/built-in.o
                0x00000000402f944c                mmc_create
 .text.mmc_reset_controller_fsm
                0x00000000402f94c4       0x7c drivers/built-in.o
 .text.omap_hsmmc_getwp
                0x00000000402f9540       0x12 drivers/built-in.o
 .text.omap_hsmmc_getcd
                0x00000000402f9552       0x22 drivers/built-in.o
 .text.omap_hsmmc_set_ios
                0x00000000402f9574      0x124 drivers/built-in.o
 .text.omap_hsmmc_send_cmd
                0x00000000402f9698      0x33c drivers/built-in.o
 .text.mmc_init_stream
                0x00000000402f99d4       0xa4 drivers/built-in.o
                0x00000000402f99d4                mmc_init_stream
 .text.omap_hsmmc_probe
                0x00000000402f9a78      0x1ac drivers/built-in.o
 .text.nand_command
                0x00000000402f9c24      0x264 drivers/built-in.o
 .text.nand_init
                0x00000000402f9e88       0x40 drivers/built-in.o
                0x00000000402f9e88                nand_init
 .text.nand_deselect
                0x00000000402f9ec8       0x1c drivers/built-in.o
                0x00000000402f9ec8                nand_deselect
 .text.nand_spl_load_image
                0x00000000402f9ee4      0x170 drivers/built-in.o
                0x00000000402f9ee4                nand_spl_load_image
 .text.nand_read_buf
                0x00000000402fa054       0x1e drivers/built-in.o
                0x00000000402fa054                nand_read_buf
 .text.nand_read_buf16
                0x00000000402fa072       0x20 drivers/built-in.o
                0x00000000402fa072                nand_read_buf16
 .text.nand_wait_status_ready.constprop.17
                0x00000000402fa092       0x2a drivers/built-in.o
 .text.nand_wait_ready
                0x00000000402fa0bc       0x34 drivers/built-in.o
                0x00000000402fa0bc                nand_wait_ready
 .text.omap_nand_hwcontrol
                0x00000000402fa0f0       0x54 drivers/built-in.o
 .text.omap_dev_ready
                0x00000000402fa144       0x1c drivers/built-in.o
 .text.omap_enable_hwecc
                0x00000000402fa160       0x98 drivers/built-in.o
 .text.omap_calculate_ecc
                0x00000000402fa1f8      0x104 drivers/built-in.o
 .text.omap_reverse_list
                0x00000000402fa2fc       0x1e drivers/built-in.o
 .text.omap_read_page_bch
                0x00000000402fa31a      0x132 drivers/built-in.o
 .text.omap_correct_data_bch
                0x00000000402fa44c      0x124 drivers/built-in.o
 .text.omap_nand_read_prefetch
                0x00000000402fa570      0x104 drivers/built-in.o
 .text.board_nand_init
                0x00000000402fa674      0x16c drivers/built-in.o
                0x00000000402fa674                board_nand_init
 .text.elm_check_error
                0x00000000402fa7e0      0x174 drivers/built-in.o
                0x00000000402fa7e0                elm_check_error
 .text.elm_config
                0x00000000402fa954       0x48 drivers/built-in.o
                0x00000000402fa954                elm_config
 .text.elm_reset
                0x00000000402fa99c       0x28 drivers/built-in.o
                0x00000000402fa99c                elm_reset
 .text.elm_init
                0x00000000402fa9c4       0x14 drivers/built-in.o
                0x00000000402fa9c4                elm_init
 .text._serial_putc
                0x00000000402fa9d8       0x22 drivers/built-in.o
 .text.serial_post_probe
                0x00000000402fa9fa       0x12 drivers/built-in.o
 .text.serial_pre_remove
                0x00000000402faa0c        0x4 drivers/built-in.o
 .text.serial_init
                0x00000000402faa10       0x50 drivers/built-in.o
                0x00000000402faa10                serial_init
 .text.serial_putc
                0x00000000402faa60       0x12 drivers/built-in.o
                0x00000000402faa60                serial_putc
 .text.serial_puts
                0x00000000402faa72       0x1e drivers/built-in.o
                0x00000000402faa72                serial_puts
 .text.serial_getc
                0x00000000402faa90       0x28 drivers/built-in.o
                0x00000000402faa90                serial_getc
 .text.serial_tstc
                0x00000000402faab8       0x1a drivers/built-in.o
                0x00000000402faab8                serial_tstc
 .text.ns16550_writeb.isra.0
                0x00000000402faad2       0x14 drivers/built-in.o
 .text.NS16550_setbrg
                0x00000000402faae6       0x34 drivers/built-in.o
 .text.ns16550_serial_setbrg
                0x00000000402fab1a       0x24 drivers/built-in.o
 .text.ns16550_readb.isra.1
                0x00000000402fab3e       0x14 drivers/built-in.o
 .text.ns16550_serial_pending
                0x00000000402fab52       0x28 drivers/built-in.o
 .text.ns16550_serial_putc
                0x00000000402fab7a       0x32 drivers/built-in.o
 .text.ns16550_serial_getc
                0x00000000402fabac       0x26 drivers/built-in.o
 .text.NS16550_init
                0x00000000402fabd2       0x54 drivers/built-in.o
                0x00000000402fabd2                NS16550_init
 .text.ns16550_serial_probe
                0x00000000402fac26       0x20 drivers/built-in.o
                0x00000000402fac26                ns16550_serial_probe
 .text.gpio_to_device
                0x00000000402fac46       0x48 drivers/built-in.o
 *fill*         0x00000000402fac8e        0x2 
 .text.check_reserved
                0x00000000402fac90       0x4c drivers/built-in.o
 .text.gpio_renumber
                0x00000000402facdc       0x46 drivers/built-in.o
 .text.gpio_pre_remove
                0x00000000402fad22       0x12 drivers/built-in.o
 .text.gpio_post_probe
                0x00000000402fad34       0x24 drivers/built-in.o
 .text.dm_gpio_request
                0x00000000402fad58       0x5c drivers/built-in.o
                0x00000000402fad58                dm_gpio_request
 .text.gpio_request
                0x00000000402fadb4       0x18 drivers/built-in.o
                0x00000000402fadb4                gpio_request
 .text.gpio_direction_output
                0x00000000402fadcc       0x2c drivers/built-in.o
                0x00000000402fadcc                gpio_direction_output
 .text.dm_gpio_get_value
                0x00000000402fadf8       0x2c drivers/built-in.o
                0x00000000402fadf8                dm_gpio_get_value
 .text.omap_gpio_get_value
                0x00000000402fae24       0x2c drivers/built-in.o
 .text.omap_gpio_direction_output
                0x00000000402fae50       0x30 drivers/built-in.o
 .text.omap_gpio_probe
                0x00000000402fae80       0x28 drivers/built-in.o
 .text.omap_gpio_bind
                0x00000000402faea8       0x46 drivers/built-in.o
 .text.omap_gpio_direction_input
                0x00000000402faeee       0x1e drivers/built-in.o
 .text.omap_gpio_get_function
                0x00000000402faf0c       0x1e drivers/built-in.o
 .text.omap_gpio_set_value
                0x00000000402faf2a       0x22 drivers/built-in.o
 .text.tps65217_reg_read
                0x00000000402faf4c       0x16 drivers/built-in.o
                0x00000000402faf4c                tps65217_reg_read
 .text.tps65217_reg_write
                0x00000000402faf62       0x9a drivers/built-in.o
                0x00000000402faf62                tps65217_reg_write
 .text.tps65217_voltage_update
                0x00000000402faffc       0x32 drivers/built-in.o
                0x00000000402faffc                tps65217_voltage_update
 .text.tps65910_set_i2c_control
                0x00000000402fb02e       0x36 drivers/built-in.o
                0x00000000402fb02e                tps65910_set_i2c_control
 .text.tps65910_voltage_update
                0x00000000402fb064       0x94 drivers/built-in.o
                0x00000000402fb064                tps65910_voltage_update
 .text.musb_gadget_enable
                0x00000000402fb0f8      0x198 drivers/built-in.o
 .text.musb_free_request
                0x00000000402fb290        0x2 drivers/built-in.o
                0x00000000402fb290                musb_free_request
 .text.musb_gadget_fifo_status
                0x00000000402fb292       0x26 drivers/built-in.o
 .text.musb_gadget_fifo_flush
                0x00000000402fb2b8       0x52 drivers/built-in.o
 .text.musb_gadget_get_frame
                0x00000000402fb30a        0xe drivers/built-in.o
 .text.musb_gadget_wakeup
                0x00000000402fb318        0x4 drivers/built-in.o
 .text.musb_gadget_set_self_powered
                0x00000000402fb31c       0x16 drivers/built-in.o
 .text.musb_gadget_vbus_draw
                0x00000000402fb332        0x4 drivers/built-in.o
 .text.txstate  0x00000000402fb336       0x70 drivers/built-in.o
 .text.musb_alloc_request
                0x00000000402fb3a6       0x22 drivers/built-in.o
                0x00000000402fb3a6                musb_alloc_request
 .text.init_peripheral_ep
                0x00000000402fb3c8       0xb4 drivers/built-in.o
 .text.musb_gadget_pullup
                0x00000000402fb47c       0x38 drivers/built-in.o
 .text.musb_g_giveback
                0x00000000402fb4b4       0x32 drivers/built-in.o
                0x00000000402fb4b4                musb_g_giveback
 .text.rxstate  0x00000000402fb4e6       0x9a drivers/built-in.o
 .text.musb_gadget_dequeue
                0x00000000402fb580       0x3e drivers/built-in.o
 .text.musb_gadget_disable
                0x00000000402fb5be       0x6c drivers/built-in.o
 .text.musb_g_tx
                0x00000000402fb62a       0xe4 drivers/built-in.o
                0x00000000402fb62a                musb_g_tx
 .text.musb_g_rx
                0x00000000402fb70e       0x6c drivers/built-in.o
                0x00000000402fb70e                musb_g_rx
 .text.musb_ep_restart
                0x00000000402fb77a       0x1e drivers/built-in.o
                0x00000000402fb77a                musb_ep_restart
 .text.musb_gadget_set_halt
                0x00000000402fb798       0xb2 drivers/built-in.o
 .text.musb_gadget_queue
                0x00000000402fb84a       0x72 drivers/built-in.o
 .text.musb_gadget_setup
                0x00000000402fb8bc       0x90 drivers/built-in.o
                0x00000000402fb8bc                musb_gadget_setup
 .text.musb_g_ep0_disable
                0x00000000402fb94c        0x6 drivers/built-in.o
 .text.musb_g_ep0_dequeue
                0x00000000402fb952        0x6 drivers/built-in.o
 .text.musb_g_ep0_halt
                0x00000000402fb958       0x5e drivers/built-in.o
 .text.musb_g_ep0_enable
                0x00000000402fb9b6        0x6 drivers/built-in.o
 .text.ep0_txstate
                0x00000000402fb9bc       0x94 drivers/built-in.o
 .text.musb_g_ep0_queue
                0x00000000402fba50       0xb2 drivers/built-in.o
 *fill*         0x00000000402fbb02        0x2 
 .text.musb_g_ep0_irq
                0x00000000402fbb04      0x5f8 drivers/built-in.o
                0x00000000402fbb04                musb_g_ep0_irq
 .text.fifo_setup
                0x00000000402fc0fc      0x130 drivers/built-in.o
 .text.musb_write_fifo
                0x00000000402fc22c       0x70 drivers/built-in.o
                0x00000000402fc22c                musb_write_fifo
 .text.musb_read_fifo
                0x00000000402fc29c       0x70 drivers/built-in.o
                0x00000000402fc29c                musb_read_fifo
 .text.musb_load_testpacket
                0x00000000402fc30c       0x24 drivers/built-in.o
                0x00000000402fc30c                musb_load_testpacket
 .text.musb_interrupt
                0x00000000402fc330       0xca drivers/built-in.o
                0x00000000402fc330                musb_interrupt
 *fill*         0x00000000402fc3fa        0x2 
 .text.musb_init_controller
                0x00000000402fc3fc      0x43c drivers/built-in.o
                0x00000000402fc3fc                musb_init_controller
 .text.musb_register
                0x00000000402fc838       0x3c drivers/built-in.o
                0x00000000402fc838                musb_register
 .text.musb_h_tx_flush_fifo
                0x00000000402fc874       0x40 drivers/built-in.o
 .text.musb_h_ep0_flush_fifo
                0x00000000402fc8b4       0x3c drivers/built-in.o
 .text.musb_start_urb
                0x00000000402fc8f0      0x348 drivers/built-in.o
 .text.musb_advance_schedule
                0x00000000402fcc38      0x12c drivers/built-in.o
 .text.musb_h_ep0_irq
                0x00000000402fcd64      0x1c4 drivers/built-in.o
                0x00000000402fcd64                musb_h_ep0_irq
 .text.musb_host_tx
                0x00000000402fcf28      0x11a drivers/built-in.o
                0x00000000402fcf28                musb_host_tx
 *fill*         0x00000000402fd042        0x2 
 .text.musb_host_rx
                0x00000000402fd044      0x274 drivers/built-in.o
                0x00000000402fd044                musb_host_rx
 .text.dsps_musb_enable
                0x00000000402fd2b8       0x1c drivers/built-in.o
 .text.dsps_musb_disable
                0x00000000402fd2d4        0x2 drivers/built-in.o
 *fill*         0x00000000402fd2d6        0x2 
 .text.dsps_musb_init
                0x00000000402fd2d8       0x50 drivers/built-in.o
 .text.dsps_musb_exit
                0x00000000402fd328       0x14 drivers/built-in.o
 .text.dsps_interrupt
                0x00000000402fd33c       0x4c drivers/built-in.o
 .text.hw_watchdog_reset
                0x00000000402fd388       0x30 drivers/built-in.o
                0x00000000402fd388                hw_watchdog_reset
 .text.hw_watchdog_disable
                0x00000000402fd3b8       0x30 drivers/built-in.o
                0x00000000402fd3b8                hw_watchdog_disable
 .text.hw_watchdog_init
                0x00000000402fd3e8       0x74 drivers/built-in.o
                0x00000000402fd3e8                hw_watchdog_init
 .text.get_desc
                0x00000000402fd45c       0x3a drivers/built-in.o
 *fill*         0x00000000402fd496        0x2 
 .text.blk_driver_lookup_type
                0x00000000402fd498       0x20 drivers/built-in.o
                0x00000000402fd498                blk_driver_lookup_type
 .text.blk_dselect_hwpart
                0x00000000402fd4b8       0x26 drivers/built-in.o
                0x00000000402fd4b8                blk_dselect_hwpart
 *fill*         0x00000000402fd4de        0x2 
 .text.blk_get_devnum_by_typename
                0x00000000402fd4e0       0x3c drivers/built-in.o
                0x00000000402fd4e0                blk_get_devnum_by_typename
 .text.downcase
                0x00000000402fd51c       0x24 fs/built-in.o
 .text.disk_read
                0x00000000402fd540       0x30 fs/built-in.o
 .text.mkcksum  0x00000000402fd570       0x36 fs/built-in.o
 *fill*         0x00000000402fd5a6        0x2 
 .text.disk_write
                0x00000000402fd5a8       0x4c fs/built-in.o
 .text.flush_dirty_fat_buffer
                0x00000000402fd5f4       0x60 fs/built-in.o
 .text.get_fatent
                0x00000000402fd654      0x10c fs/built-in.o
 .text.next_dent
                0x00000000402fd760       0xb0 fs/built-in.o
 .text.get_name
                0x00000000402fd810       0x8c fs/built-in.o
 .text.get_cluster
                0x00000000402fd89c       0xf0 fs/built-in.o
 .text.read_bootsectandvi
                0x00000000402fd98c       0xa8 fs/built-in.o
 .text.fat_itr_root
                0x00000000402fda34       0xe4 fs/built-in.o
 .text.slot2str
                0x00000000402fdb18       0x5c fs/built-in.o
 .text.fat_itr_next
                0x00000000402fdb74       0xc6 fs/built-in.o
 .text.fat_itr_resolve
                0x00000000402fdc3a       0xe2 fs/built-in.o
 .text.fat_set_blk_dev
                0x00000000402fdd1c       0x8c fs/built-in.o
                0x00000000402fdd1c                fat_set_blk_dev
 .text.fat_register_device
                0x00000000402fdda8       0x54 fs/built-in.o
                0x00000000402fdda8                fat_register_device
 .text.file_fat_read_at
                0x00000000402fddfc      0x2d8 fs/built-in.o
                0x00000000402fddfc                file_fat_read_at
 .text.file_fat_read
                0x00000000402fe0d4       0x22 fs/built-in.o
                0x00000000402fe0d4                file_fat_read
 *fill*         0x00000000402fe0f6        0x2 
 .text.fat_read_file
                0x00000000402fe0f8       0x30 fs/built-in.o
                0x00000000402fe0f8                fat_read_file
 .text.get_fs   0x00000000402fe128        0x8 fs/built-in.o
                0x00000000402fe128                get_fs
 .text.ext4fs_free_node
                0x00000000402fe130        0x2 fs/built-in.o
                0x00000000402fe130                ext4fs_free_node
 *fill*         0x00000000402fe132        0x2 
 .text.ext4fs_read_file
                0x00000000402fe134      0x230 fs/built-in.o
                0x00000000402fe134                ext4fs_read_file
 .text.ext4fs_read
                0x00000000402fe364       0x38 fs/built-in.o
                0x00000000402fe364                ext4fs_read
 .text.ext4fs_bg_get_inode_table_id
                0x00000000402fe39c       0x1a fs/built-in.o
                0x00000000402fe39c                ext4fs_bg_get_inode_table_id
 .text.ext4fs_read_inode
                0x00000000402fe3b6       0xe0 fs/built-in.o
                0x00000000402fe3b6                ext4fs_read_inode
 *fill*         0x00000000402fe496        0x2 
 .text.read_allocated_block
                0x00000000402fe498      0x5e0 fs/built-in.o
                0x00000000402fe498                read_allocated_block
 .text.ext4fs_iterate_dir
                0x00000000402fea78      0x1c4 fs/built-in.o
                0x00000000402fea78                ext4fs_iterate_dir
 .text.ext4fs_find_file1
                0x00000000402fec3c      0x1b0 fs/built-in.o
 .text.ext4fs_find_file
                0x00000000402fedec       0x40 fs/built-in.o
                0x00000000402fedec                ext4fs_find_file
 .text.ext4fs_open
                0x00000000402fee2c       0x64 fs/built-in.o
                0x00000000402fee2c                ext4fs_open
 .text.ext4fs_mount
                0x00000000402fee90       0x90 fs/built-in.o
                0x00000000402fee90                ext4fs_mount
 .text.ext4fs_set_blk_dev
                0x00000000402fef20       0x44 fs/built-in.o
                0x00000000402fef20                ext4fs_set_blk_dev
 .text.ext4fs_devread
                0x00000000402fef64       0x28 fs/built-in.o
                0x00000000402fef64                ext4fs_devread
 .text.ext4_read_superblock
                0x00000000402fef8c       0x28 fs/built-in.o
                0x00000000402fef8c                ext4_read_superblock
 .text.fs_devread
                0x00000000402fefb4      0x170 fs/built-in.o
                0x00000000402fefb4                fs_devread
 .text.__ashldi3
                0x00000000402ff124       0x20 arch/arm/lib/lib.a(ashldi3.o)
                0x00000000402ff124                __ashldi3
                0x00000000402ff124                __aeabi_llsl
 .text.__udivsi3
                0x00000000402ff144       0x9c arch/arm/lib/lib.a(lib1funcs.o)
                0x00000000402ff144                __udivsi3
                0x00000000402ff144                __aeabi_uidiv
 .text.__divsi3
                0x00000000402ff1e0       0xcc arch/arm/lib/lib.a(lib1funcs.o)
                0x00000000402ff1e0                __aeabi_idiv
                0x00000000402ff1e0                __divsi3
 .text.__aeabi_uidivmod
                0x00000000402ff2ac       0x30 arch/arm/lib/lib.a(lib1funcs.o)
                0x00000000402ff2ac                __aeabi_uidivmod
                0x00000000402ff2c4                __aeabi_idivmod
 .text.Ldiv0    0x00000000402ff2dc       0x10 arch/arm/lib/lib.a(lib1funcs.o)
 .text.__lshldi3
                0x00000000402ff2ec       0x20 arch/arm/lib/lib.a(lshrdi3.o)
                0x00000000402ff2ec                __aeabi_llsr
                0x00000000402ff2ec                __lshrdi3
 .text.__div0   0x00000000402ff30c        0x4 arch/arm/lib/lib.a(div0.o)
                0x00000000402ff30c                __div0

.glue_7         0x00000000402ff310        0x0
 .glue_7        0x00000000402ff310        0x0 linker stubs

.glue_7t        0x00000000402ff310        0x0
 .glue_7t       0x00000000402ff310        0x0 linker stubs

.vfp11_veneer   0x00000000402ff310        0x0
 .vfp11_veneer  0x00000000402ff310        0x0 linker stubs

.v4_bx          0x00000000402ff310        0x0
 .v4_bx         0x00000000402ff310        0x0 linker stubs

.iplt           0x00000000402ff310        0x0
 .iplt          0x00000000402ff310        0x0 arch/arm/cpu/armv7/start.o
                0x00000000402ff310                . = ALIGN (0x4)

.rodata         0x00000000402ff310     0x48a1
 *(SORT(.rodata*))
 .rodata.am335x_mmc0_platdata
                0x00000000402ff310      0x198 board/ti/am335x/built-in.o
 .rodata.am335x_mmc1_platdata
                0x00000000402ff4a8      0x198 board/ti/am335x/built-in.o
 .rodata        0x00000000402ff640       0xa0 arch/arm/mach-omap2/built-in.o
 .rodata.cmwkup
                0x00000000402ff6e0        0x4 arch/arm/mach-omap2/built-in.o
                0x00000000402ff6e0                cmwkup
 .rodata.dpll_core_1000MHz
                0x00000000402ff6e4       0x40 arch/arm/mach-omap2/built-in.o
                0x00000000402ff6e4                dpll_core_1000MHz
 .rodata.dpll_core_regs
                0x00000000402ff724       0x24 arch/arm/mach-omap2/built-in.o
                0x00000000402ff724                dpll_core_regs
 .rodata.dpll_ddr2_266MHz
                0x00000000402ff748       0x40 arch/arm/mach-omap2/built-in.o
                0x00000000402ff748                dpll_ddr2_266MHz
 .rodata.dpll_ddr3_303MHz
                0x00000000402ff788       0x40 arch/arm/mach-omap2/built-in.o
                0x00000000402ff788                dpll_ddr3_303MHz
 .rodata.dpll_ddr3_400MHz
                0x00000000402ff7c8       0x40 arch/arm/mach-omap2/built-in.o
                0x00000000402ff7c8                dpll_ddr3_400MHz
 .rodata.dpll_ddr_regs
                0x00000000402ff808       0x24 arch/arm/mach-omap2/built-in.o
                0x00000000402ff808                dpll_ddr_regs
 .rodata.dpll_mpu_opp
                0x00000000402ff82c      0x180 arch/arm/mach-omap2/built-in.o
                0x00000000402ff82c                dpll_mpu_opp
 .rodata.dpll_mpu_regs
                0x00000000402ff9ac       0x24 arch/arm/mach-omap2/built-in.o
                0x00000000402ff9ac                dpll_mpu_regs
 .rodata.dpll_per_192MHz
                0x00000000402ff9d0       0x40 arch/arm/mach-omap2/built-in.o
                0x00000000402ff9d0                dpll_per_192MHz
 .rodata.dpll_per_regs
                0x00000000402ffa10       0x24 arch/arm/mach-omap2/built-in.o
                0x00000000402ffa10                dpll_per_regs
 .rodata.ddr_cmd_reg
                0x00000000402ffa34        0x8 arch/arm/mach-omap2/built-in.o
 .rodata.ddr_data_reg
                0x00000000402ffa3c        0x8 arch/arm/mach-omap2/built-in.o
 .rodata.emif_reg
                0x00000000402ffa44        0x8 arch/arm/mach-omap2/built-in.o
 .rodata.vtpreg
                0x00000000402ffa4c        0x8 arch/arm/mach-omap2/built-in.o
 .rodata.am33xx_gpio
                0x00000000402ffa54       0x30 arch/arm/mach-omap2/built-in.o
 .rodata.am33xx_serial
                0x00000000402ffa84       0x78 arch/arm/mach-omap2/built-in.o
 .rodata.am33xx_ctrl
                0x00000000402ffafc      0x1c8 arch/arm/mach-omap2/built-in.o
                0x00000000402ffafc                am33xx_ctrl
 .rodata.ddr2_cmd_ctrl_data
                0x00000000402ffcc4       0x30 board/ti/am335x/built-in.o
 .rodata.ddr2_data
                0x00000000402ffcf4       0x18 board/ti/am335x/built-in.o
 .rodata.ddr2_emif_reg_data
                0x00000000402ffd0c       0x70 board/ti/am335x/built-in.o
 .rodata.ddr2_evm_emif_reg_data
                0x00000000402ffd7c       0x70 board/ti/am335x/built-in.o
 .rodata.ddr3_beagleblack_cmd_ctrl_data
                0x00000000402ffdec       0x30 board/ti/am335x/built-in.o
 .rodata.ddr3_beagleblack_data
                0x00000000402ffe1c       0x18 board/ti/am335x/built-in.o
 .rodata.ddr3_cmd_ctrl_data
                0x00000000402ffe34       0x30 board/ti/am335x/built-in.o
 .rodata.ddr3_data
                0x00000000402ffe64       0x18 board/ti/am335x/built-in.o
 .rodata.ddr3_evm_cmd_ctrl_data
                0x00000000402ffe7c       0x30 board/ti/am335x/built-in.o
 .rodata.ddr3_evm_data
                0x00000000402ffeac       0x18 board/ti/am335x/built-in.o
 .rodata.ddr3_icev2_cmd_ctrl_data
                0x00000000402ffec4       0x30 board/ti/am335x/built-in.o
 .rodata.ddr3_icev2_data
                0x00000000402ffef4       0x18 board/ti/am335x/built-in.o
 .rodata.ioregs
                0x00000000402fff0c       0x20 board/ti/am335x/built-in.o
                0x00000000402fff0c                ioregs
 .rodata.ioregs_bonelt
                0x00000000402fff2c       0x20 board/ti/am335x/built-in.o
                0x00000000402fff2c                ioregs_bonelt
 .rodata.ioregs_evm15
                0x00000000402fff4c       0x20 board/ti/am335x/built-in.o
                0x00000000402fff4c                ioregs_evm15
 .rodata.ioregs_evmsk
                0x00000000402fff6c       0x20 board/ti/am335x/built-in.o
                0x00000000402fff6c                ioregs_evmsk
 .rodata.CSWTCH.28
                0x00000000402fff8c       0x20 common/built-in.o
 .rodata.uimage_os
                0x00000000402fffac       0x78 common/built-in.o
 .rodata.env_flags_varaccess_mask
                0x0000000040300024       0x10 env/built-in.o
 .rodata.fdt_errtable
                0x0000000040300034       0x48 lib/built-in.o
 .rodata.crc_table
                0x000000004030007c      0x400 lib/built-in.o
 .rodata.CSWTCH.49
                0x000000004030047c       0x20 disk/built-in.o
 .rodata.root_info
                0x000000004030049c        0x8 drivers/built-in.o
 .rodata.ext_csd_bits.10240
                0x00000000403004a4       0x14 drivers/built-in.o
 .rodata.ext_to_hostcaps.10241
                0x00000000403004b8       0x1c drivers/built-in.o
 .rodata.fbase  0x00000000403004d4       0x10 drivers/built-in.o
 .rodata.sd_au_size
                0x00000000403004e4       0x40 drivers/built-in.o
 .rodata.widths.10242
                0x0000000040300524       0x14 drivers/built-in.o
 .rodata.omap_hsmmc_ops
                0x0000000040300538       0x10 drivers/built-in.o
 .rodata.nand_ecc_pos
                0x0000000040300548       0xe0 drivers/built-in.o
 .rodata.ns16550_serial_ops
                0x0000000040300628       0x14 drivers/built-in.o
                0x0000000040300628                ns16550_serial_ops
 .rodata.gpio_omap_ops
                0x000000004030063c       0x28 drivers/built-in.o
 .rodata.omap_gpio_ids
                0x0000000040300664       0x20 drivers/built-in.o
 .rodata.musb_ep_ops
                0x0000000040300684       0x28 drivers/built-in.o
 .rodata.musb_gadget_operations
                0x00000000403006ac       0x24 drivers/built-in.o
 .rodata.CSWTCH.19
                0x00000000403006d0       0x1c drivers/built-in.o
 .rodata.musb_g_ep0_ops
                0x00000000403006ec       0x28 drivers/built-in.o
                0x00000000403006ec                musb_g_ep0_ops
 .rodata.crc16_tab
                0x0000000040300714      0x200 lib/built-in.o
 .rodata.do_enable_clocks.str1.1
                0x0000000040300914       0x2a arch/arm/mach-omap2/built-in.o
 .rodata.do_setup_dpll.str1.1
                0x000000004030093e       0x3a arch/arm/mach-omap2/built-in.o
 .rodata.str1.1
                0x0000000040300978       0x3b arch/arm/mach-omap2/built-in.o
 .rodata.config_sdram_emif4d5.str1.1
                0x00000000403009b3       0x2a arch/arm/mach-omap2/built-in.o
 .rodata.do_reset.str1.1
                0x00000000403009dd        0xf arch/arm/lib/built-in.o
 .rodata.enable_board_pin_mux.str1.1
                0x00000000403009ec       0x6a board/ti/am335x/built-in.o
                                         0x6c (size before relaxing)
 .rodata.board_fit_config_name_match.str1.1
                0x0000000040300a56       0x53 board/ti/am335x/built-in.o
 .rodata.bone_not_connected_to_ac_power.part.0.str1.1
                0x0000000040300aa9       0x27 board/ti/am335x/built-in.o
 .rodata.do_board_detect.str1.1
                0x0000000040300ad0       0x1b board/ti/am335x/built-in.o
 .rodata.get_dpll_ddr_params.str1.1
                0x0000000040300aeb        0x4 board/ti/am335x/built-in.o
                                         0x2a (size before relaxing)
 .rodata.get_dpll_mpu_params.str1.1
                0x0000000040300aef        0x9 board/ti/am335x/built-in.o
 .rodata.scale_vcores.str1.1
                0x0000000040300aef       0x47 board/ti/am335x/built-in.o
 .rodata.sdram_init.str1.1
                0x0000000040300b36        0xb board/ti/am335x/built-in.o
 .rodata.spl_start_uboot.str1.1
                0x0000000040300b41        0x8 board/ti/am335x/built-in.o
 .rodata.str1.1
                0x0000000040300b49        0xb board/ti/am335x/built-in.o
 .rodata.ti_i2c_eeprom_am_get.str1.1
                0x0000000040300b54        0x5 board/ti/common/built-in.o
 .rodata.board_init_r.str1.1
                0x0000000040300b54       0x62 common/spl/built-in.o
 .rodata.preloader_console_init.str1.1
                0x0000000040300bb6       0x3d common/spl/built-in.o
 .rodata.spl_fixup_fdt.str1.1
                0x0000000040300bf3       0x51 common/spl/built-in.o
 .rodata.spl_parse_image_header.str1.1
                0x0000000040300c44        0x6 common/spl/built-in.o
 .rodata.spl_set_header_raw_uboot.str1.1
                0x0000000040300c4a        0x7 common/spl/built-in.o
 .rodata.spl_fit_get_image_node.str1.1
                0x0000000040300c51       0x39 common/spl/built-in.o
 .rodata.spl_load_fit_image.str1.1
                0x0000000040300c8a       0x22 common/spl/built-in.o
 .rodata.spl_load_simple_fit.str1.1
                0x0000000040300cac       0x26 common/spl/built-in.o
 .rodata.spl_ymodem_load_image.str1.1
                0x0000000040300cd2       0x27 common/spl/built-in.o
 .rodata.str1.1
                0x0000000040300cf9       0x1b common/spl/built-in.o
 .rodata.spl_nand_load_image.str1.1
                0x0000000040300d14       0x6e common/spl/built-in.o
 .rodata.mmc_load_image_raw_sector.str1.1
                0x0000000040300d82       0x31 common/spl/built-in.o
 .rodata.spl_mmc_load_image.str1.1
                0x0000000040300db3      0x14d common/spl/built-in.o
 .rodata.__func__.8274
                0x0000000040300f00       0x18 common/spl/built-in.o
 .rodata.__func__.8294
                0x0000000040300f18       0x13 common/spl/built-in.o
 .rodata.__func__.8303
                0x0000000040300f2b       0x16 common/spl/built-in.o
 .rodata.spl_load_image_fat.str1.1
                0x0000000040300f41       0x41 common/spl/built-in.o
 .rodata.spl_load_image_fat_os.str1.1
                0x0000000040300f82      0x11c common/spl/built-in.o
 .rodata.__func__.8337
                0x000000004030109e       0x13 common/spl/built-in.o
 .rodata.__func__.8349
                0x00000000403010b1       0x16 common/spl/built-in.o
 .rodata.spl_load_image_ext.str1.1
                0x00000000403010c7       0x94 common/spl/built-in.o
                                         0xba (size before relaxing)
 .rodata.spl_load_image_ext_os.str1.1
                0x000000004030115b      0x11c common/spl/built-in.o
 .rodata.str1.1
                0x000000004030115b      0x690 common/built-in.o
                                        0x6ca (size before relaxing)
 .rodata.xyzModem_error.str1.1
                0x00000000403017eb        0xe common/built-in.o
 .rodata.xyzModem_stream_close.str1.1
                0x00000000403017f9       0x47 common/built-in.o
                                         0x4b (size before relaxing)
 .rodata.xyzModem_stream_open.str1.1
                0x0000000040301840       0x47 common/built-in.o
                                          0x2 (size before relaxing)
 .rodata.__func__.8083
                0x0000000040301840       0x15 common/built-in.o
 .rodata.fit_find_config_node.str1.1
                0x0000000040301855       0x34 common/built-in.o
                                         0x48 (size before relaxing)
 .rodata.__FUNCTION__.8986
                0x0000000040301889       0x17 common/built-in.o
 .rodata.__func__.8863
                0x00000000403018a0       0x18 common/built-in.o
 .rodata.fdt_find_or_add_subnode.str1.1
                0x00000000403018b8        0xc common/built-in.o
 .rodata.fdt_fixup_memory_banks.str1.1
                0x00000000403018c4       0x8c common/built-in.o
                                         0x94 (size before relaxing)
 .rodata.genimg_get_os_id.str1.1
                0x0000000040301950       0x8c common/built-in.o
                                          0x3 (size before relaxing)
 .rodata.fit_image_get_address.str1.1
                0x0000000040301950       0x1d common/built-in.o
 .rodata.fit_image_get_data.str1.1
                0x000000004030196d        0x5 common/built-in.o
 .rodata.fit_image_get_data_offset.str1.1
                0x0000000040301972        0xc common/built-in.o
 .rodata.fit_image_get_data_size.str1.1
                0x000000004030197e        0xa common/built-in.o
 .rodata.fit_image_get_load.str1.1
                0x0000000040301988        0xa common/built-in.o
                                          0x5 (size before relaxing)
 .rodata.fit_image_get_os.str1.1
                0x0000000040301988        0xa common/built-in.o
                                          0x3 (size before relaxing)
 .rodata.env_get_f.str1.1
                0x0000000040301988       0x30 cmd/built-in.o
 .rodata        0x00000000403019b8        0x3 env/built-in.o
 .rodata.default_environment
                0x00000000403019bb       0xe3 env/built-in.o
                0x00000000403019bb                default_environment
 .rodata.env_import.str1.1
                0x0000000040301a9e       0x3f env/built-in.o
 .rodata.set_default_env.str1.1
                0x0000000040301add       0x71 env/built-in.o
 .rodata.regex_callback.str1.1
                0x0000000040301b4e       0x20 env/built-in.o
 .rodata.env_flags_init.str1.1
                0x0000000040301b6e       0x57 env/built-in.o
 .rodata.env_flags_parse_varaccess.str1.1
                0x0000000040301bc5       0x3d env/built-in.o
 .rodata.env_flags_parse_vartype.str1.1
                0x0000000040301c02       0x34 env/built-in.o
 .rodata.env_flags_validate.str1.1
                0x0000000040301c36       0xb2 env/built-in.o
                                         0xb3 (size before relaxing)
 .rodata.env_flags_varaccess_rep
                0x0000000040301ce8        0x5 env/built-in.o
 .rodata.env_flags_vartype_rep
                0x0000000040301ced        0x7 env/built-in.o
 .rodata.env_callback_init.str1.1
                0x0000000040301cf4      0x110 env/built-in.o
 .rodata.env_fat_load.str1.1
                0x0000000040301e04       0x6a env/built-in.o
                                         0x6e (size before relaxing)
 .rodata.str1.1
                0x0000000040301e6e        0x4 env/built-in.o
 .rodata        0x0000000040301e72       0x20 lib/built-in.o
 .rodata.fdt_strerror.str1.1
                0x0000000040301e92       0x31 lib/built-in.o
 .rodata.str1.1
                0x0000000040301ec3      0x12d lib/built-in.o
 .rodata.fdt_address_cells.str1.1
                0x0000000040301ff0        0xf lib/built-in.o
 .rodata.fdt_size_cells.str1.1
                0x0000000040301fff        0xc lib/built-in.o
 .rodata.fdt_get_alias_namelen.str1.1
                0x000000004030200b        0x9 lib/built-in.o
 .rodata.himport_r.str1.1
                0x0000000040302014       0x99 lib/built-in.o
 .rodata._ctype
                0x00000000403020ad      0x100 lib/built-in.o
                0x00000000403020ad                _ctype
 .rodata.hang.str1.1
                0x00000000403021ad       0x2a lib/built-in.o
 .rodata.compile.str1.1
                0x00000000403021d7       0x4a lib/built-in.o
 .rodata.emit.str1.1
                0x0000000040302221       0x1f lib/built-in.o
 .rodata.match.str1.1
                0x0000000040302240       0x18 lib/built-in.o
 .rodata.quantifier.str1.1
                0x0000000040302258       0x17 lib/built-in.o
 .rodata.store_char_in_data.str1.1
                0x000000004030226f       0x1f lib/built-in.o
 .rodata.uuid_bin_to_str.str1.1
                0x000000004030228e       0x1f lib/built-in.o
                                          0x5 (size before relaxing)
 .rodata.blk_get_device_by_str.str1.1
                0x000000004030228e       0x6a disk/built-in.o
 .rodata.blk_get_device_part_str.str1.1
                0x00000000403022f8      0x109 disk/built-in.o
 .rodata.part_get_info_whole_disk.str1.1
                0x0000000040302401        0xb disk/built-in.o
                                         0x12 (size before relaxing)
 .rodata.part_set_generic_name.str1.1
                0x000000004030240c        0xa disk/built-in.o
 .rodata.str1.1
                0x0000000040302416       0x1f disk/built-in.o
                                         0x22 (size before relaxing)
 .rodata.part_get_info_extended.str1.1
                0x0000000040302435        0xa disk/built-in.o
                                         0x11 (size before relaxing)
 .rodata.print_partition_extended.str1.1
                0x000000004030243f       0x83 disk/built-in.o
                                         0x84 (size before relaxing)
 .rodata.test_block_type.str1.1
                0x00000000403024c2        0x6 disk/built-in.o
                                          0xa (size before relaxing)
 .rodata.part_get_info_iso_verb.str1.1
                0x00000000403024c8      0x1bf disk/built-in.o
                                        0x1c6 (size before relaxing)
 .rodata.part_print_iso.str1.1
                0x0000000040302687       0x68 disk/built-in.o
 .rodata.__func__.8850
                0x00000000403026ef       0x12 disk/built-in.o
 .rodata.__func__.8992
                0x0000000040302701        0xd disk/built-in.o
 .rodata.__func__.9004
                0x000000004030270e       0x17 disk/built-in.o
 .rodata.__func__.9009
                0x0000000040302725        0xd disk/built-in.o
 .rodata.is_gpt_valid.str1.1
                0x0000000040302732       0xea disk/built-in.o