i2c.c:1991:12:do_i2c	24	static
i2c.c:152:12:i2c_get_cur_bus	8	static
i2c.c:1849:12:do_i2c_bus_speed	24	static
i2c.c:1921:12:do_i2c_reset	16	static
i2c.c:173:12:i2c_get_cur_bus_chip	24	static
i2c.c:468:12:do_i2c_olen	24	static
i2c.c:438:12:do_i2c_flags	24	static
i2c.c:951:12:do_i2c_probe	32	static
i2c.c:1798:12:do_i2c_bus_num	16	static
i2c.c:1681:13:show_bus	24	static
i2c.c:1711:12:do_i2c_show_bus	24	static
i2c.c:252:13:get_alen.constprop	0	static
i2c.c:718:12:do_i2c_crc	40	static
i2c.c:803:1:mod_i2c_mem.isra.1	48	static
i2c.c:1907:12:do_i2c_nm	0	static
i2c.c:1892:12:do_i2c_mm	0	static
i2c.c:513:12:do_i2c_md	72	static
i2c.c:294:12:do_i2c_read	32	static
i2c.c:632:12:do_i2c_mw	32	static
i2c.c:347:12:do_i2c_write	40	static
i2c.c:1026:12:do_i2c_loop	48	static
i2c.c:195:6:i2c_init_board	0	static
