bootstage.h:368:19:bootstage_relocate	0	static
board_r.c:100:12:initr_reloc	0	static
board_r.c:332:12:power_init_board	0	static
board_r.c:337:12:initr_announce	0	static
board_r.c:673:12:run_main_loop	8	static
board_r.c:588:12:initr_net	8	static
board_r.c:523:12:initr_ethaddr	8	static
board_r.c:515:12:initr_enable_interrupts	8	static
board_r.c:498:12:initr_jumptable	8	static
board_r.c:469:12:initr_env	8	static
board_r.c:439:12:initr_mmc	8	static
board_r.c:419:12:initr_nand	8	static
board_r.c:173:12:initr_serial	8	static
board_r.c:300:12:initr_dm	0	static
board_r.c:325:12:initr_bootstage	8	static
board_r.c:252:12:initr_malloc	8	static
board_r.c:126:12:initr_reloc_global_data	8	static
board_r.c:113:12:initr_caches	8	static
board_r.c:267:12:initr_console_record	0	static
board_r.c:91:12:initr_trace	0	static
board_r.c:243:12:initr_barrier	0	static
board_r.c:63:12:board_flash_wp_on	0	static
board_r.c:73:13:cpu_secondary_init_r	0	static
board_r.c:77:12:initr_secondary_cpu	8	static
board_r.c:121:12:fixup_cpu	0	static
board_r.c:889:6:board_init_r	8	static
