board_f.c:214:12:setup_mon_len	0	static
board_f.c:328:12:reserve_round_4k	0	static
board_f.c:335:12:reserve_mmu	0	static
board_f.c:405:12:reserve_uboot	0	static
board_f.c:427:12:reserve_malloc	0	static
board_f.c:448:12:setup_machine	0	static
board_f.c:456:12:reserve_global_data	0	static
board_f.c:465:12:reserve_fdt	0	static
board_f.c:720:12:initf_console_record	0	static
board_f.c:755:12:arch_cpu_init_dm	0	static
board_f.c:106:5:init_func_watchdog_reset	8	static
board_f.c:180:12:dram_init_banksize	8	static
board_f.c:624:12:setup_reloc	8	static
board_f.c:592:12:reloc_fdt	8	static
board_f.c:436:12:reserve_board	8	static
board_f.c:146:12:announce_dram_init	8	static
board_f.c:119:12:init_baud_rate	8	static
board_f.c:729:12:initf_dm	0	static
board_f.c:695:12:initf_bootstage	8	static
board_f.c:750:12:reserve_arch	0	static
board_f.c:125:12:display_text_info	0	static
board_f.c:231:12:arch_cpu_init	0	static
board_f.c:236:12:mach_cpu_init	0	static
board_f.c:362:12:reserve_video	0	static
board_f.c:393:12:reserve_trace	0	static
board_f.c:486:12:reserve_bootstage	0	static
board_f.c:518:12:display_new_sp	0	static
board_f.c:606:12:reloc_bootstage	0	static
board_f.c:91:12:init_func_watchdog_init	8	static
board_f.c:69:13:coloured_LED_init	0	static
board_f.c:70:13:red_led_on	0	static
board_f.c:71:13:red_led_off	0	static
board_f.c:72:13:green_led_on	0	static
board_f.c:73:13:green_led_off	0	static
board_f.c:74:13:yellow_led_on	0	static
board_f.c:75:13:yellow_led_off	0	static
board_f.c:76:13:blue_led_on	0	static
board_f.c:77:13:blue_led_off	0	static
board_f.c:114:13:board_add_ram_info	0	static
board_f.c:152:12:show_dram_config	8	static
board_f.c:242:14:board_get_usable_ram_top	0	static
board_f.c:259:12:setup_dest_addr	8	static
board_f.c:500:5:arch_reserve_stacks	0	static
board_f.c:505:12:reserve_stacks	0	static
board_f.c:903:6:board_init_f	8	static
