image-fit.c:686:12:fit_image_get_address	24	static
image-fit.c:78:5:fit_parse_conf	24	static
image-fit.c:104:5:fit_parse_subimage	24	static
image-fit.c:127:5:fit_get_subimage_count	24	static
image-fit.c:478:5:fit_get_desc	16	static
image-fit.c:506:5:fit_get_timestamp	16	static
image-fit.c:538:5:fit_image_get_node	16	static
image-fit.c:572:5:fit_image_get_os	16	static
image-fit.c:604:5:fit_image_get_arch	16	static
image-fit.c:636:5:fit_image_get_type	16	static
image-fit.c:668:5:fit_image_get_comp	16	static
image-fit.c:727:5:fit_image_get_load	0	static
image-fit.c:749:5:fit_image_get_entry	0	static
image-fit.c:769:5:fit_image_get_data	24	static
image-fit.c:796:5:fit_image_get_data_offset	8	static
image-fit.c:820:5:fit_image_get_data_size	8	static
image-fit.c:846:5:fit_image_hash_get_algo	16	static
image-fit.c:874:5:fit_image_hash_get_value	24	static
image-fit.c:263:13:fit_image_print_data	48	static
image-fit.c:359:6:fit_image_print	64	static
image-fit.c:918:7:fit_get_end	0	static
image-fit.c:936:5:fit_set_timestamp	24	static
image-fit.c:972:5:calculate_hash	32	static
image-fit.c:1059:5:fit_image_verify	96	static
image-fit.c:1141:5:fit_all_image_verify	40	static
image-fit.c:1193:5:fit_image_check_os	16	static
image-fit.c:1215:5:fit_image_check_arch	16	static
image-fit.c:1245:5:fit_image_check_type	16	static
image-fit.c:1268:5:fit_image_check_comp	16	static
image-fit.c:1288:5:fit_check_format	8	static
image-fit.c:1353:5:fit_conf_find_compat	64	static
image-fit.c:1458:5:fit_conf_get_node	32	static
image-fit.c:1511:5:fit_conf_get_prop_node_count	0	static
image-fit.c:1517:5:fit_conf_get_prop_node_index	32	static
image-fit.c:1531:5:fit_conf_get_prop_node	0	static
image-fit.c:1549:6:fit_conf_print	48	static
image-fit.c:159:6:fit_print_contents	48	static
image-fit.c:1622:5:fit_get_node_from_config	16	static
image-fit.c:1680:5:fit_image_load	72	static
image-fit.c:1904:5:boot_get_setup_fit	56	static
image-fit.c:1925:5:boot_get_fdt_fit	112	static
