image.c:446:12:on_loadaddr	8	static
image.c:196:5:image_check_hcrc	72	static
image.c:211:5:image_check_dcrc	8	static
image.c:233:7:image_multi_count	0	static
image.c:266:6:image_multi_getimg	24	static
image.c:462:7:env_get_bootm_low	8	static
image.c:479:13:env_get_bootm_size	16	static
image.c:506:13:env_get_bootm_mapsize	8	static
image.c:522:6:memmove_wd	24	static
image.c:552:6:genimg_print_size	8	static
image.c:565:6:genimg_print_time	64	static
image.c:580:22:get_table_entry	0	static
image.c:701:20:genimg_get_short_name	8	static
image.c:611:13:genimg_get_cat_name	16	static
image.c:635:13:genimg_get_cat_short_name	16	static
image.c:649:5:genimg_get_cat_count	0	static
image.c:654:13:genimg_get_cat_desc	0	static
image.c:673:7:get_table_entry_name	8	static
image.c:685:13:genimg_get_os_name	0	static
image.c:690:13:genimg_get_arch_name	0	static
image.c:696:13:genimg_get_type_name	0	static
image.c:713:13:genimg_get_type_short_name	0	static
image.c:718:13:genimg_get_comp_name	0	static
image.c:326:6:image_print_contents	40	static
image.c:724:13:genimg_get_comp_short_name	0	static
image.c:729:13:genimg_get_os_short_name	0	static
image.c:734:13:genimg_get_arch_short_name	0	static
image.c:753:5:get_table_entry_id	16	static
image.c:771:5:genimg_get_os_id	0	static
image.c:776:5:genimg_get_arch_id	0	static
image.c:781:5:genimg_get_type_id	0	static
image.c:786:5:genimg_get_comp_id	0	static
image.c:807:7:genimg_get_kernel_addr_fit	24	static
image.c:841:7:genimg_get_kernel_addr	16	static
image.c:864:5:genimg_get_format	8	static
image.c:896:5:genimg_has_config	0	static
image.c:927:5:boot_get_ramdisk	80	static
image.c:1136:5:boot_ramdisk_high	32	static
image.c:1215:5:boot_get_setup	0	static
image.c:1330:5:boot_get_loadable	88	static
image.c:1489:5:image_setup_linux	32	static
