board_detect.c:107:28:ti_eeprom_string_cleanup	8	static
board_detect.c:29:20:ti_i2c_set_alen	24	static
board_detect.c:119:13:gpi2c_init	0	static
board_detect.c:123:27:ti_i2c_eeprom_get	48	static
board_detect.c:176:20:ti_i2c_eeprom_am_set	24	static
board_detect.c:200:20:ti_i2c_eeprom_am_get	104	static
board_detect.c:246:20:ti_i2c_eeprom_dra7_get	72	static
board_detect.c:292:21:board_ti_is	8	static
board_detect.c:301:21:board_ti_rev_is	8	static
board_detect.c:313:23:board_ti_get_rev	0	static
board_detect.c:321:23:board_ti_get_config	0	static
board_detect.c:329:23:board_ti_get_name	0	static
board_detect.c:338:1:board_ti_get_eth_mac_addr	4	static
board_detect.c:356:20:board_ti_get_emif1_size	0	static
board_detect.c:366:20:board_ti_get_emif2_size	0	static
board_detect.c:376:21:set_board_info_env	8	static
board_detect.c:422:6:board_ti_set_ethaddr	64	static
board_detect.c:461:21:board_ti_was_eeprom_read	0	static
