musb_uboot.c:29:13:musb_host_complete_urb	0	static
musb_uboot.c:35:13:construct_urb	32	static
musb_uboot.c:335:26:musb_create_int_queue	56	static
musb_uboot.c:66:12:submit_urb	24	static
musb_uboot.c:327:12:musb_submit_int_msg	56	static
musb_uboot.c:320:12:musb_submit_bulk_msg	56	static
musb_uboot.c:312:12:musb_submit_control_msg	56	static
musb_uboot.c:344:14:musb_poll_int_queue	8	static
musb_uboot.c:186:12:_musb_reset_root_port.isra.1	16	static
musb_uboot.c:358:12:musb_reset_root_port	8	static
musb_uboot.c:351:12:musb_destroy_int_queue	16	static
musb_uboot.c:219:5:musb_lowlevel_init	24	static
musb_uboot.c:379:5:usb_gadget_handle_interrupts	8	static
musb_uboot.c:388:5:usb_gadget_register_driver	16	static
musb_uboot.c:418:5:usb_gadget_unregister_driver	8	static
musb_uboot.c:428:5:musb_register	8	static
