efi_boottime.c:109:20:indent_string	16	static
efi_boottime.c:826:28:efi_uninstall_protocol_interface.isra.0.part.1	32	static
efi_boottime.c:921:12:efi_search.isra.2.part.3	16	static
efi_boottime.c:707:28:efi_install_protocol_interface	32	static
efi_boottime.c:957:21:efi_locate_handle.isra.4	32	static
efi_boottime.c:61:5:__efi_entry_check	0	static
efi_boottime.c:73:5:__efi_exit_check	0	static
efi_boottime.c:1892:20:efi_set_mem	16	static
efi_boottime.c:1873:20:efi_copy_mem	16	static
efi_boottime.c:1853:28:efi_calculate_crc32	16	static
efi_boottime.c:1834:28:efi_uninstall_multiple_protocol_interfaces	8	static
efi_boottime.c:1778:28:efi_install_multiple_protocol_interfaces	32	static
efi_boottime.c:1731:28:efi_locate_protocol	24	static
efi_boottime.c:1686:28:efi_locate_handle_buffer	32	static
efi_boottime.c:1619:28:efi_protocols_per_handle	16	static
efi_boottime.c:1597:28:efi_open_protocol_information	8	static
efi_boottime.c:1914:28:efi_open_protocol	24	static
efi_boottime.c:1998:28:efi_handle_protocol	16	static
efi_boottime.c:1552:28:efi_disconnect_controller	8	static
efi_boottime.c:1529:28:efi_connect_controller	8	static
efi_boottime.c:1506:28:efi_set_watchdog_timer	8	static
efi_boottime.c:1486:28:efi_stall	8	static
efi_boottime.c:1468:28:efi_get_next_monotonic_count	16	static
efi_boottime.c:1388:28:efi_unload_image	8	static
efi_boottime.c:1033:28:efi_locate_device_path	8	static
efi_boottime.c:1009:28:efi_locate_handle_ext	16	static
efi_boottime.c:901:28:efi_register_protocol_notify	8	static
efi_boottime.c:879:28:efi_uninstall_protocol_interface_ext	8	static
efi_boottime.c:805:28:efi_reinstall_protocol_interface	8	static
efi_boottime.c:779:28:efi_install_protocol_interface_ext	16	static
efi_boottime.c:644:28:efi_close_event	16	static
efi_boottime.c:327:28:efi_free_pool_ext	8	static
efi_boottime.c:306:28:efi_allocate_pool_ext	16	static
efi_boottime.c:278:28:efi_get_memory_map_ext	24	static
efi_boottime.c:253:28:efi_free_pages_ext	16	static
efi_boottime.c:231:28:efi_allocate_pages_ext	16	static
efi_boottime.c:205:20:efi_restore_tpl	8	static
efi_boottime.c:180:29:efi_raise_tpl	16	static
efi_boottime.c:1574:28:efi_close_protocol	8	static
efi_boottime.c:83:6:efi_save_gd	0	static
efi_boottime.c:95:6:efi_restore_gd	0	static
efi_boottime.c:1334:28:efi_exit	8	static
efi_boottime.c:117:13:__efi_nesting	0	static
efi_boottime.c:122:13:__efi_nesting_inc	0	static
efi_boottime.c:127:13:__efi_nesting_dec	0	static
efi_boottime.c:1293:28:efi_start_image	16	static
efi_boottime.c:145:6:efi_signal_event	8	static
efi_boottime.c:1426:28:efi_exit_boot_services	16	static
efi_boottime.c:616:28:efi_signal_event_ext	8	static
efi_boottime.c:374:14:efi_create_event	20	static
efi_boottime.c:423:28:efi_create_event_ext	24	static
efi_boottime.c:444:6:efi_timer_check	32	static
efi_boottime.c:673:28:efi_check_event	16	static
efi_boottime.c:554:28:efi_wait_for_event	24	static
efi_boottime.c:485:14:efi_set_timer	32	static
efi_boottime.c:534:28:efi_set_timer_ext	16	static
efi_boottime.c:1072:14:efi_install_configuration_table	40	static
efi_boottime.c:1113:28:efi_install_configuration_table_ext	8	static
efi_boottime.c:1130:6:efi_setup_loaded_image	16	static
efi_boottime.c:1171:14:efi_load_image_from_path	40	static
efi_boottime.c:1228:28:efi_load_image	40	static
