efi_console.c:477:20:efi_key_notify	0	static
efi_console.c:76:28:efi_cin_lock_std_in	8	static
efi_console.c:69:28:efi_cin_set_mode	8	static
efi_console.c:53:28:efi_cin_get_mode	16	static
efi_console.c:188:28:efi_cout_test_string	8	static
efi_console.c:135:28:efi_cout_reset	8	static
efi_console.c:390:28:efi_cin_reset	8	static
efi_console.c:366:28:efi_cout_enable_cursor	8	static
efi_console.c:353:28:efi_cout_set_cursor_position	16	static
efi_console.c:343:28:efi_cout_clear_screen	8	static
efi_console.c:325:28:efi_cout_set_attribute	8	static
efi_console.c:143:28:efi_cout_output_string	24	dynamic
efi_console.c:481:20:efi_console_timer_notify	8	static
efi_console.c:293:28:efi_cout_set_mode	8	static
efi_console.c:398:28:efi_cin_read_key_stroke	16	static
efi_console.c:232:28:efi_cout_query_mode	48	static
efi_console.c:501:5:efi_console_register	24	static
