efi_device_path.c:261:17:dp_size	0	static
efi_device_path.c:39:14:dp_alloc	16	static
efi_device_path.c:284:14:dp_fill	16	static
efi_device_path.c:373:14:dp_part_fill.part.1	144	static
efi_device_path.c:53:25:efi_dp_next	0	static
efi_device_path.c:71:5:efi_dp_match	16	static
efi_device_path.c:180:10:efi_dp_size	8	static
efi_device_path.c:124:27:find_obj	40	static
efi_device_path.c:166:20:efi_dp_find_obj	16	static
efi_device_path.c:192:25:efi_dp_dup	16	static
efi_device_path.c:206:25:efi_dp_append	32	static
efi_device_path.c:229:25:efi_dp_append_node	24	static
efi_device_path.c:340:25:efi_dp_from_dev	16	static
efi_device_path.c:443:25:efi_dp_from_part	16	static
efi_device_path.c:472:25:efi_dp_from_file	24	static
efi_device_path.c:504:25:efi_dp_from_eth	16	static
efi_device_path.c:542:25:efi_dp_from_mem	32	static
efi_device_path.c:569:6:efi_dp_split_file_path	24	static
