i2c-uclass.c:43:12:i2c_setup_offset	8	static
i2c-uclass.c:499:12:i2c_child_post_bind	0	static
i2c-uclass.c:486:12:i2c_post_probe	0	static
i2c-uclass.c:18:6:i2c_dump_msgs	32	static
i2c-uclass.c:115:5:dm_i2c_read	80	static
i2c-uclass.c:145:5:dm_i2c_write	64	dynamic
i2c-uclass.c:201:5:dm_i2c_xfer	16	static
i2c-uclass.c:212:5:dm_i2c_reg_read	16	static
i2c-uclass.c:224:5:dm_i2c_reg_write	16	static
i2c-uclass.c:305:5:i2c_get_chip	64	static
i2c-uclass.c:330:5:i2c_get_chip_for_busnum	24	static
i2c-uclass.c:351:5:dm_i2c_probe	40	static
i2c-uclass.c:372:5:dm_i2c_set_bus_speed	24	static
i2c-uclass.c:393:5:dm_i2c_get_bus_speed	16	static
i2c-uclass.c:404:5:i2c_set_chip_flags	24	static
i2c-uclass.c:421:5:i2c_get_chip_flags	8	static
i2c-uclass.c:430:5:i2c_set_chip_offset_len	8	static
i2c-uclass.c:441:5:i2c_get_chip_offset_len	8	static
i2c-uclass.c:448:5:i2c_deblock	0	static
