spl.c:41:13:show_boot_progress	0	static
spl.c:54:12:spl_start_uboot	8	static
spl.c:64:12:dram_init_banksize	0	static
spl.c:73:12:bootz_setup	0	static
spl.c:79:6:spl_fixup_fdt	8	static
spl.c:111:13:spl_board_prepare_for_linux	0	static
spl.c:116:13:spl_board_prepare_for_boot	0	static
spl.c:121:6:spl_set_header_raw_uboot	0	static
spl.c:130:5:spl_parse_image_header	16	static
spl.c:207:24:jump_to_image_no_args	8	static
spl.c:261:6:spl_set_bd	0	static
spl.c:267:5:spl_early_init	8	static
spl.c:279:5:spl_init	8	static
spl.c:299:13:board_boot_order	8	static
spl.c:362:6:board_init_r	64	static
spl.c:459:6:preloader_console_init	8	static
spl.c:492:7:spl_relocate_stack_gd	8	static
